[EVENT_GATE] QQQ 202601 cfg=thr0.406_maxday1 val_pf=2.760 test_trades=19 test_pf=1.500 test_ret=1.50
[EVENT_GATE] QQQ 202602 cfg=thr-999.000_maxday1 val_pf=1.667 test_trades=19 test_pf=1.852 test_ret=2.30
[EVENT_GATE] QQQ 202603 cfg=thr0.480_maxday3 val_pf=1.902 test_trades=36 test_pf=1.333 test_ret=2.00
[EVENT_GATE] QQQ 202604 cfg=thr0.423_maxday1 val_pf=2.790 test_trades=17 test_pf=2.381 test_ret=2.90
[EVENT_GATE] QQQ 202606 cfg=thr0.379_maxday2 val_pf=1.695 test_trades=36 test_pf=1.333 test_ret=2.00
# Event Option Gate Walk-Forward

Causal diagnostic over event-level option-chain features. Models predict CALL/PUT option returns; thresholds are selected only on prior validation months.

## Overall

```json
{
  "trades": 127,
  "win_rate": 0.48031496062992124,
  "profit_factor": 1.5404040404040404,
  "pnl_return": 10.7,
  "avg_return": 0.084251968503937,
  "max_drawdown": -2.100000000000004,
  "call_rate": 0.3543307086614173,
  "days_with_trades": 91,
  "daily_win_rate": 0.5494505494505495,
  "median_daily_return": 0.2,
  "daily_max_drawdown": -1.799999999999999,
  "top5_day_return": 5.0,
  "top5_share_of_pnl": 0.4672897196261683,
  "min_month_trades": 17,
  "positive_month_rate": 1.0
}
```

## Per Ticker

```json
{
  "QQQ": {
    "trades": 127,
    "win_rate": 0.48031496062992124,
    "profit_factor": 1.5404040404040404,
    "pnl_return": 10.7,
    "avg_return": 0.084251968503937,
    "max_drawdown": -2.100000000000004,
    "call_rate": 0.3543307086614173,
    "days_with_trades": 91,
    "daily_win_rate": 0.5494505494505495,
    "median_daily_return": 0.2,
    "daily_max_drawdown": -1.799999999999999,
    "top5_day_return": 5.0,
    "top5_share_of_pnl": 0.4672897196261683,
    "min_month_trades": 17,
    "positive_month_rate": 1.0
  }
}
```

## Fold Configs

```csv
ticker,month,deploy_config,val_months,train_rows,val_rows,test_rows,val_score,abstained_invalid_val,val_trades,val_win_rate,val_profit_factor,val_pnl_return,val_avg_return,val_max_drawdown,val_call_rate,val_days_with_trades,val_daily_win_rate,val_median_daily_return,val_daily_max_drawdown,val_top5_day_return,val_top5_share_of_pnl,val_min_month_trades,val_positive_month_rate,test_trades,test_win_rate,test_profit_factor,test_pnl_return,test_avg_return,test_max_drawdown,test_call_rate,test_days_with_trades,test_daily_win_rate,test_median_daily_return,test_daily_max_drawdown,test_top5_day_return,test_top5_share_of_pnl,test_min_month_trades,test_positive_month_rate

QQQ,202601,thr0.406_maxday1,"202507,202508,202509,202510,202511,202512",46091,2412,380,9.271907867245664,False,118,0.6186440677966102,2.7603987669604044,23.277272748823993,0.19726502329511858,-0.9000000000000004,0.3220338983050847,118,0.6186440677966102,0.5,-0.9000000000000004,2.5,0.10740089816262106,18,1.0,19,0.47368421052631576,1.5000000000000002,1.5,0.07894736842105263,-1.0,0.21052631578947367,19,0.47368421052631576,-0.3,-1.0,2.5,1.6666666666666667,19,1.0

QQQ,202602,thr-999.000_maxday1,"202508,202509,202510,202511,202512,202601",47326,2380,361,6.44903861460821,False,126,0.5,1.666666666666666,12.599999999999996,0.09999999999999996,-2.9999999999999973,0.19047619047619047,126,0.5,0.1,-2.9999999999999973,2.5,0.19841269841269848,19,0.6666666666666666,19,0.5263157894736842,1.851851851851852,2.3000000000000003,0.12105263157894738,-0.6999999999999993,0.21052631578947367,19,0.5263157894736842,0.5,-0.6999999999999993,2.5,1.0869565217391304,19,1.0

QQQ,202603,thr0.480_maxday3,"202509,202510,202511,202512,202601,202602",48523,2342,418,8.291683827334447,False,167,0.5329341317365269,1.9017094017094016,21.099999999999994,0.1263473053892215,-1.6000000000000085,0.7365269461077845,95,0.6,0.2,-1.3999999999999995,6.0,0.28436018957345977,18,1.0,36,0.4444444444444444,1.3333333333333335,2.0,0.05555555555555555,-1.2,0.6944444444444444,18,0.5,0.05000000000000002,-0.7000000000000001,3.5999999999999996,1.7999999999999998,36,1.0

QQQ,202604,thr0.423_maxday1,"202510,202511,202512,202601,202602,202603",49720,2361,323,9.436110041245419,False,123,0.6260162601626016,2.789855072463767,24.700000000000003,0.20081300813008132,-1.0000000000000036,0.21951219512195122,123,0.6260162601626016,0.5,-1.0000000000000036,2.5,0.10121457489878541,19,1.0,17,0.5882352941176471,2.380952380952381,2.9000000000000004,0.17058823529411768,-0.7,0.29411764705882354,17,0.5882352941176471,0.5,-0.7,2.5,0.8620689655172413,17,1.0

QQQ,202606,thr0.379_maxday2,"202511,202512,202601,202602,202603,202604",51029,2248,342,8.358508873312715,False,238,0.5042016806722689,1.6949152542372892,24.599999999999998,0.10336134453781512,-2.7000000000000135,0.21008403361344538,119,0.7478991596638656,0.2,-2.400000000000013,5.0,0.20325203252032523,34,1.0,36,0.4444444444444444,1.3333333333333335,2.0,0.05555555555555555,-2.1,0.19444444444444445,18,0.6666666666666666,0.2,-1.7999999999999998,4.2,2.1,36,1.0


```

## Config

```json
{
  "args": {
    "data": "research_papers\\JEPA\\results\\event_option_dataset_spxw_spy_qqq_zero_dte_dense15_2022_20260630_full_v1_physics\\event_option_dataset.parquet",
    "output_dir": "research_papers\\JEPA\\results\\_diagnostics\\event_option_gate_dense15_zero_dte_win_valthr_wr45_d25_physctx_wf2026_fulljun_excl202605_qqq_v1",
    "tickers": [
      "QQQ"
    ],
    "train_tickers": [
      "SPXW",
      "SPY",
      "QQQ"
    ],
    "expiry_modes": [],
    "start_month": "202601",
    "end_month": "202606",
    "val_months": 6,
    "pooled_train": true,
    "delta_bucket": 25,
    "label_mode": "win",
    "clip_return": 2.0,
    "min_train_rows": 500,
    "min_val_rows": 30,
    "min_val_trades": 108,
    "min_month_trades": 18,
    "min_val_pf": 1.0,
    "min_val_win_rate": 0.45,
    "min_val_positive_month_rate": 0.0,
    "min_val_daily_win_rate": 0.0,
    "min_val_median_daily_return": -Infinity,
    "max_val_top5_share": Infinity,
    "max_val_daily_drawdown": Infinity,
    "min_call_rate": 0.05,
    "max_call_rate": 0.85,
    "cooldown_minutes": 30,
    "objective": "regression_l1",
    "n_estimators": 180,
    "learning_rate": 0.03,
    "num_leaves": 31,
    "min_child_samples": 100,
    "subsample": 0.85,
    "colsample_bytree": 0.85,
    "reg_lambda": 8.0,
    "lgb_jobs": 6,
    "threshold_grid": [
      -999.0,
      0.48,
      0.5,
      0.52,
      0.55,
      0.58,
      0.6,
      0.62,
      0.65,
      0.68,
      0.7,
      0.75
    ],
    "threshold_quantiles": [
      0.3,
      0.4,
      0.5,
      0.6,
      0.7,
      0.8,
      0.85,
      0.9,
      0.93,
      0.95
    ],
    "max_day_grid": [
      1,
      2,
      3
    ],
    "feature_include_prefixes": [
      "phys_",
      "ctx_",
      "ret_",
      "dist_",
      "nearest",
      "ib_range",
      "minute",
      "dte_days",
      "underlying_volume",
      "spot"
    ],
    "feature_exclude_prefixes": [],
    "allow_invalid_val_deploy": false,
    "deploy_month": "",
    "deploy_select_end_month": "",
    "export_deploy_model": false,
    "exclude_months": [
      "202605"
    ],
    "skip_walkforward": false,
    "resume": false,
    "seed": 20260617
  },
  "feature_count": 162,
  "features": [
    "dte_days",
    "minute",
    "spot",
    "underlying_volume",
    "dist_ib_high_bps",
    "dist_ib_low_bps",
    "dist_fib_127_up_bps",
    "dist_fib_161_up_bps",
    "dist_fib_200_up_bps",
    "dist_fib_127_dn_bps",
    "dist_fib_161_dn_bps",
    "dist_fib_200_dn_bps",
    "nearest_level_abs_bps",
    "ib_range_bps",
    "ret_1m_bps",
    "ret_5m_bps",
    "ret_15m_bps",
    "ret_30m_bps",
    "phys_d15_iv_skew_put_minus_call",
    "phys_d15_iv_mean",
    "phys_d15_volume_skew_call_minus_put",
    "phys_d15_oi_skew_call_minus_put",
    "phys_d15_mid_skew_call_minus_put",
    "phys_d15_spread_mean",
    "phys_d15_theta_skew_call_minus_put",
    "phys_d15_vega_skew_call_minus_put",
    "phys_d15_abs_delta_gap",
    "phys_d15_liquidity_score",
    "phys_d25_iv_skew_put_minus_call",
    "phys_d25_iv_mean",
    "phys_d25_volume_skew_call_minus_put",
    "phys_d25_oi_skew_call_minus_put",
    "phys_d25_mid_skew_call_minus_put",
    "phys_d25_spread_mean",
    "phys_d25_theta_skew_call_minus_put",
    "phys_d25_vega_skew_call_minus_put",
    "phys_d25_abs_delta_gap",
    "phys_d25_liquidity_score",
    "phys_d35_iv_skew_put_minus_call",
    "phys_d35_iv_mean",
    "phys_d35_volume_skew_call_minus_put",
    "phys_d35_oi_skew_call_minus_put",
    "phys_d35_mid_skew_call_minus_put",
    "phys_d35_spread_mean",
    "phys_d35_theta_skew_call_minus_put",
    "phys_d35_vega_skew_call_minus_put",
    "phys_d35_abs_delta_gap",
    "phys_d35_liquidity_score",
    "phys_d50_iv_skew_put_minus_call",
    "phys_d50_iv_mean",
    "phys_d50_volume_skew_call_minus_put",
    "phys_d50_oi_skew_call_minus_put",
    "phys_d50_mid_skew_call_minus_put",
    "phys_d50_spread_mean",
    "phys_d50_theta_skew_call_minus_put",
    "phys_d50_vega_skew_call_minus_put",
    "phys_d50_abs_delta_gap",
    "phys_d50_liquidity_score",
    "phys_d65_iv_skew_put_minus_call",
    "phys_d65_iv_mean",
    "phys_d65_volume_skew_call_minus_put",
    "phys_d65_oi_skew_call_minus_put",
    "phys_d65_mid_skew_call_minus_put",
    "phys_d65_spread_mean",
    "phys_d65_theta_skew_call_minus_put",
    "phys_d65_vega_skew_call_minus_put",
    "phys_d65_abs_delta_gap",
    "phys_d65_liquidity_score",
    "phys_d80_iv_skew_put_minus_call",
    "phys_d80_iv_mean",
    "phys_d80_volume_skew_call_minus_put",
    "phys_d80_oi_skew_call_minus_put",
    "phys_d80_mid_skew_call_minus_put",
    "phys_d80_spread_mean",
    "phys_d80_theta_skew_call_minus_put",
    "phys_d80_vega_skew_call_minus_put",
    "phys_d80_abs_delta_gap",
    "phys_d80_liquidity_score",
    "phys_total_volume_skew_call_minus_put",
    "phys_total_oi_skew_call_minus_put",
    "phys_total_option_volume_log",
    "phys_total_option_oi_log",
    "phys_call_iv_slope_low_to_high",
    "phys_put_iv_slope_low_to_high",
    "phys_call_mid_slope_low_to_high",
    "phys_put_mid_slope_low_to_high",
    "phys_fib_up_min_abs_bps",
    "phys_fib_up_mean_signed_bps",
    "phys_fib_dn_min_abs_bps",
    "phys_fib_dn_mean_signed_bps",
    "phys_fib_any_min_abs_bps",
    "phys_ib_edge_min_abs_bps",
    "phys_ib_balance",
    "phys_nearest_level_vs_ib_range",
    "phys_momentum_accel_ret_1m_bps_minus_ret_5m_bps",
    "phys_abs_ret_1m_bps",
    "phys_momentum_accel_ret_5m_bps_minus_ret_15m_bps",
    "phys_abs_ret_5m_bps",
    "phys_momentum_accel_ret_15m_bps_minus_ret_30m_bps",
    "phys_abs_ret_15m_bps",
    "phys_abs_ret_30m_bps",
    "phys_event_seq_in_day",
    "phys_event_frac_in_day",
    "phys_minutes_since_first_event",
    "phys_spot_ret_from_first_event_bps",
    "phys_same_day_event_count",
    "ctx_spx_spot",
    "ctx_spx_ret_1m_bps",
    "ctx_spx_ret_1m_bps_minus_self",
    "ctx_spx_ret_5m_bps",
    "ctx_spx_ret_5m_bps_minus_self",
    "ctx_spx_ret_15m_bps",
    "ctx_spx_ret_15m_bps_minus_self",
    "ctx_spx_ret_30m_bps",
    "ctx_spx_ret_30m_bps_minus_self",
    "ctx_spx_ib_range_bps",
    "ctx_spx_nearest_level_abs_bps",
    "ctx_spx_phys_d35_iv_skew_put_minus_call",
    "ctx_spx_phys_total_volume_skew_call_minus_put",
    "ctx_spx_phys_total_oi_skew_call_minus_put",
    "ctx_spy_spot",
    "ctx_spy_ret_1m_bps",
    "ctx_spy_ret_1m_bps_minus_self",
    "ctx_spy_ret_5m_bps",
    "ctx_spy_ret_5m_bps_minus_self",
    "ctx_spy_ret_15m_bps",
    "ctx_spy_ret_15m_bps_minus_self",
    "ctx_spy_ret_30m_bps",
    "ctx_spy_ret_30m_bps_minus_self",
    "ctx_spy_ib_range_bps",
    "ctx_spy_nearest_level_abs_bps",
    "ctx_spy_phys_d35_iv_skew_put_minus_call",
    "ctx_spy_phys_total_volume_skew_call_minus_put",
    "ctx_spy_phys_total_oi_skew_call_minus_put",
    "ctx_qqq_spot",
    "ctx_qqq_ret_1m_bps",
    "ctx_qqq_ret_1m_bps_minus_self",
    "ctx_qqq_ret_5m_bps",
    "ctx_qqq_ret_5m_bps_minus_self",
    "ctx_qqq_ret_15m_bps",
    "ctx_qqq_ret_15m_bps_minus_self",
    "ctx_qqq_ret_30m_bps",
    "ctx_qqq_ret_30m_bps_minus_self",
    "ctx_qqq_ib_range_bps",
    "ctx_qqq_nearest_level_abs_bps",
    "ctx_qqq_phys_d35_iv_skew_put_minus_call",
    "ctx_qqq_phys_total_volume_skew_call_minus_put",
    "ctx_qqq_phys_total_oi_skew_call_minus_put",
    "ctx_spy_qqq_ret_5m_spread",
    "ctx_spx_spy_ret_5m_spread",
    "ticker_QQQ",
    "ticker_SPXW",
    "ticker_SPY",
    "expiry_mode_zero_dte",
    "nearest_level_name_fib_127_dn",
    "nearest_level_name_fib_127_up",
    "nearest_level_name_fib_161_dn",
    "nearest_level_name_fib_161_up",
    "nearest_level_name_fib_200_dn",
    "nearest_level_name_fib_200_up",
    "nearest_level_name_ib_high",
    "nearest_level_name_ib_low"
  ],
  "grid": [
    {
      "threshold": -999.0,
      "max_trades_per_day": 1
    },
    {
      "threshold": -999.0,
      "max_trades_per_day": 2
    },
    {
      "threshold": -999.0,
      "max_trades_per_day": 3
    },
    {
      "threshold": 0.48,
      "max_trades_per_day": 1
    },
    {
      "threshold": 0.48,
      "max_trades_per_day": 2
    },
    {
      "threshold": 0.48,
      "max_trades_per_day": 3
    },
    {
      "threshold": 0.5,
      "max_trades_per_day": 1
    },
    {
      "threshold": 0.5,
      "max_trades_per_day": 2
    },
    {
      "threshold": 0.5,
      "max_trades_per_day": 3
    },
    {
      "threshold": 0.52,
      "max_trades_per_day": 1
    },
    {
      "threshold": 0.52,
      "max_trades_per_day": 2
    },
    {
      "threshold": 0.52,
      "max_trades_per_day": 3
    },
    {
      "threshold": 0.55,
      "max_trades_per_day": 1
    },
    {
      "threshold": 0.55,
      "max_trades_per_day": 2
    },
    {
      "threshold": 0.55,
      "max_trades_per_day": 3
    },
    {
      "threshold": 0.58,
      "max_trades_per_day": 1
    },
    {
      "threshold": 0.58,
      "max_trades_per_day": 2
    },
    {
      "threshold": 0.58,
      "max_trades_per_day": 3
    },
    {
      "threshold": 0.6,
      "max_trades_per_day": 1
    },
    {
      "threshold": 0.6,
      "max_trades_per_day": 2
    },
    {
      "threshold": 0.6,
      "max_trades_per_day": 3
    },
    {
      "threshold": 0.62,
      "max_trades_per_day": 1
    },
    {
      "threshold": 0.62,
      "max_trades_per_day": 2
    },
    {
      "threshold": 0.62,
      "max_trades_per_day": 3
    },
    {
      "threshold": 0.65,
      "max_trades_per_day": 1
    },
    {
      "threshold": 0.65,
      "max_trades_per_day": 2
    },
    {
      "threshold": 0.65,
      "max_trades_per_day": 3
    },
    {
      "threshold": 0.68,
      "max_trades_per_day": 1
    },
    {
      "threshold": 0.68,
      "max_trades_per_day": 2
    },
    {
      "threshold": 0.68,
      "max_trades_per_day": 3
    },
    {
      "threshold": 0.7,
      "max_trades_per_day": 1
    },
    {
      "threshold": 0.7,
      "max_trades_per_day": 2
    },
    {
      "threshold": 0.7,
      "max_trades_per_day": 3
    },
    {
      "threshold": 0.75,
      "max_trades_per_day": 1
    },
    {
      "threshold": 0.75,
      "max_trades_per_day": 2
    },
    {
      "threshold": 0.75,
      "max_trades_per_day": 3
    }
  ],
  "data_rows": 58968
}
```
