[EVENT_GATE] SPXW 202601 cfg=thr0.412_maxday1 val_pf=2.684 test_trades=19 test_pf=1.500 test_ret=1.50
[EVENT_GATE] SPXW 202602 cfg=thr-999.000_maxday1 val_pf=1.515 test_trades=19 test_pf=1.852 test_ret=2.30
[EVENT_GATE] SPXW 202603 cfg=thr0.385_maxday1 val_pf=2.551 test_trades=22 test_pf=2.000 test_ret=3.00
[EVENT_GATE] SPXW 202604 cfg=thr0.445_maxday1 val_pf=2.695 test_trades=18 test_pf=3.333 test_ret=4.20
[EVENT_GATE] SPXW 202606 cfg=thr0.448_maxday3 val_pf=1.879 test_trades=48 test_pf=1.296 test_ret=2.40
# Event Option Gate Walk-Forward

Causal diagnostic over event-level option-chain features. Models predict CALL/PUT option returns; thresholds are selected only on prior validation months.

## Overall

```json
{
  "trades": 126,
  "win_rate": 0.5079365079365079,
  "profit_factor": 1.7204301075268813,
  "pnl_return": 13.399999999999999,
  "avg_return": 0.10634920634920633,
  "max_drawdown": -2.7000000000000064,
  "call_rate": 0.24603174603174602,
  "days_with_trades": 98,
  "daily_win_rate": 0.5408163265306123,
  "median_daily_return": 0.5,
  "daily_max_drawdown": -1.9000000000000004,
  "top5_day_return": 4.6000000000000005,
  "top5_share_of_pnl": 0.34328358208955234,
  "min_month_trades": 18,
  "positive_month_rate": 1.0
}
```

## Per Ticker

```json
{
  "SPXW": {
    "trades": 126,
    "win_rate": 0.5079365079365079,
    "profit_factor": 1.7204301075268813,
    "pnl_return": 13.399999999999999,
    "avg_return": 0.10634920634920633,
    "max_drawdown": -2.7000000000000064,
    "call_rate": 0.24603174603174602,
    "days_with_trades": 98,
    "daily_win_rate": 0.5408163265306123,
    "median_daily_return": 0.5,
    "daily_max_drawdown": -1.9000000000000004,
    "top5_day_return": 4.6000000000000005,
    "top5_share_of_pnl": 0.34328358208955234,
    "min_month_trades": 18,
    "positive_month_rate": 1.0
  }
}
```

## Fold Configs

```csv
ticker,month,deploy_config,val_months,train_rows,val_rows,test_rows,val_score,abstained_invalid_val,val_trades,val_win_rate,val_profit_factor,val_pnl_return,val_avg_return,val_max_drawdown,val_call_rate,val_days_with_trades,val_daily_win_rate,val_median_daily_return,val_daily_max_drawdown,val_top5_day_return,val_top5_share_of_pnl,val_min_month_trades,val_positive_month_rate,test_trades,test_win_rate,test_profit_factor,test_pnl_return,test_avg_return,test_max_drawdown,test_call_rate,test_days_with_trades,test_daily_win_rate,test_median_daily_return,test_daily_max_drawdown,test_top5_day_return,test_top5_share_of_pnl,test_min_month_trades,test_positive_month_rate

SPXW,202601,thr0.412_maxday1,"202507,202508,202509,202510,202511,202512",46091,2411,380,9.025476123789474,False,121,0.6198347107438017,2.6839816924909154,23.23894735637464,0.19205741616838545,-1.8610526436253654,0.24793388429752067,121,0.6198347107438017,0.5,-1.8610526436253654,2.5,0.10757802243199405,18,1.0,19,0.47368421052631576,1.5000000000000002,1.5,0.07894736842105263,-1.3000000000000003,0.2631578947368421,19,0.47368421052631576,-0.3,-1.3000000000000003,2.5,1.6666666666666667,19,1.0

SPXW,202602,thr-999.000_maxday1,"202508,202509,202510,202511,202512,202601",47326,2380,361,6.300216661230052,False,126,0.47619047619047616,1.5151515151515151,10.199999999999996,0.08095238095238091,-2.4999999999999982,0.18253968253968253,126,0.47619047619047616,-0.3,-2.4999999999999982,2.5,0.24509803921568638,19,0.8333333333333334,19,0.5263157894736842,1.851851851851852,2.3000000000000003,0.12105263157894738,-0.6999999999999993,0.21052631578947367,19,0.5263157894736842,0.5,-0.6999999999999993,2.5,1.0869565217391304,19,1.0

SPXW,202603,thr0.385_maxday1,"202509,202510,202511,202512,202601,202602",48523,2342,418,8.994446185097743,False,124,0.6048387096774194,2.5510204081632653,22.800000000000004,0.1838709677419355,-1.3000000000000043,0.6532258064516129,124,0.6048387096774194,0.5,-1.3000000000000043,2.5,0.10964912280701752,19,1.0,22,0.5454545454545454,2.0000000000000004,3.000000000000001,0.1363636363636364,-0.8999999999999995,0.45454545454545453,22,0.5454545454545454,0.5,-0.8999999999999995,2.5,0.833333333333333,22,1.0

SPXW,202604,thr0.445_maxday1,"202510,202511,202512,202601,202602,202603",49720,2361,399,9.160097158647861,False,123,0.6178861788617886,2.695035460992907,23.899999999999995,0.19430894308943086,-1.600000000000005,0.23577235772357724,123,0.6178861788617886,0.5,-1.600000000000005,2.5,0.10460251046025107,19,1.0,18,0.6666666666666666,3.333333333333333,4.2,0.23333333333333334,-0.5999999999999996,0.2777777777777778,18,0.6666666666666666,0.5,-0.5999999999999996,2.5,0.5952380952380952,18,1.0

SPXW,202606,thr0.448_maxday3,"202511,202512,202601,202602,202603,202604",51029,2323,399,8.685440350206488,False,217,0.5299539170506913,1.8790849673202616,26.9,0.12396313364055299,-2.9999999999999982,0.1889400921658986,103,0.6019417475728155,0.2,-2.9999999999999982,7.5,0.2788104089219331,22,1.0,48,0.4375,1.2962962962962963,2.4,0.049999999999999996,-2.6999999999999997,0.14583333333333334,20,0.5,0.05000000000000002,-1.9,4.6000000000000005,1.916666666666667,48,1.0


```

## Config

```json
{
  "args": {
    "data": "research_papers\\JEPA\\results\\event_option_dataset_spxw_spy_qqq_zero_dte_dense15_2022_20260630_full_v1_physics\\event_option_dataset.parquet",
    "output_dir": "research_papers\\JEPA\\results\\_diagnostics\\event_option_gate_dense15_zero_dte_win_valthr_wr45_d25_physctx_wf2026_fulljun_excl202605_spxw_v1",
    "tickers": [
      "SPXW"
    ],
    "train_tickers": [
      "SPXW",
      "SPY",
      "QQQ"
    ],
    "expiry_modes": [],
    "start_month": "202601",
    "end_month": "202606",
    "val_months": 6,
    "pooled_train": true,
    "delta_bucket": 25,
    "label_mode": "win",
    "clip_return": 2.0,
    "min_train_rows": 500,
    "min_val_rows": 30,
    "min_val_trades": 108,
    "min_month_trades": 18,
    "min_val_pf": 1.0,
    "min_val_win_rate": 0.45,
    "min_val_positive_month_rate": 0.0,
    "min_val_daily_win_rate": 0.0,
    "min_val_median_daily_return": -Infinity,
    "max_val_top5_share": Infinity,
    "max_val_daily_drawdown": Infinity,
    "min_call_rate": 0.05,
    "max_call_rate": 0.85,
    "cooldown_minutes": 30,
    "objective": "regression_l1",
    "n_estimators": 180,
    "learning_rate": 0.03,
    "num_leaves": 31,
    "min_child_samples": 100,
    "subsample": 0.85,
    "colsample_bytree": 0.85,
    "reg_lambda": 8.0,
    "lgb_jobs": 6,
    "threshold_grid": [
      -999.0,
      0.48,
      0.5,
      0.52,
      0.55,
      0.58,
      0.6,
      0.62,
      0.65,
      0.68,
      0.7,
      0.75
    ],
    "threshold_quantiles": [
      0.3,
      0.4,
      0.5,
      0.6,
      0.7,
      0.8,
      0.85,
      0.9,
      0.93,
      0.95
    ],
    "max_day_grid": [
      1,
      2,
      3
    ],
    "feature_include_prefixes": [
      "phys_",
      "ctx_",
      "ret_",
      "dist_",
      "nearest",
      "ib_range",
      "minute",
      "dte_days",
      "underlying_volume",
      "spot"
    ],
    "feature_exclude_prefixes": [],
    "allow_invalid_val_deploy": false,
    "deploy_month": "",
    "deploy_select_end_month": "",
    "export_deploy_model": false,
    "exclude_months": [
      "202605"
    ],
    "skip_walkforward": false,
    "resume": false,
    "seed": 20260617
  },
  "feature_count": 162,
  "features": [
    "dte_days",
    "minute",
    "spot",
    "underlying_volume",
    "dist_ib_high_bps",
    "dist_ib_low_bps",
    "dist_fib_127_up_bps",
    "dist_fib_161_up_bps",
    "dist_fib_200_up_bps",
    "dist_fib_127_dn_bps",
    "dist_fib_161_dn_bps",
    "dist_fib_200_dn_bps",
    "nearest_level_abs_bps",
    "ib_range_bps",
    "ret_1m_bps",
    "ret_5m_bps",
    "ret_15m_bps",
    "ret_30m_bps",
    "phys_d15_iv_skew_put_minus_call",
    "phys_d15_iv_mean",
    "phys_d15_volume_skew_call_minus_put",
    "phys_d15_oi_skew_call_minus_put",
    "phys_d15_mid_skew_call_minus_put",
    "phys_d15_spread_mean",
    "phys_d15_theta_skew_call_minus_put",
    "phys_d15_vega_skew_call_minus_put",
    "phys_d15_abs_delta_gap",
    "phys_d15_liquidity_score",
    "phys_d25_iv_skew_put_minus_call",
    "phys_d25_iv_mean",
    "phys_d25_volume_skew_call_minus_put",
    "phys_d25_oi_skew_call_minus_put",
    "phys_d25_mid_skew_call_minus_put",
    "phys_d25_spread_mean",
    "phys_d25_theta_skew_call_minus_put",
    "phys_d25_vega_skew_call_minus_put",
    "phys_d25_abs_delta_gap",
    "phys_d25_liquidity_score",
    "phys_d35_iv_skew_put_minus_call",
    "phys_d35_iv_mean",
    "phys_d35_volume_skew_call_minus_put",
    "phys_d35_oi_skew_call_minus_put",
    "phys_d35_mid_skew_call_minus_put",
    "phys_d35_spread_mean",
    "phys_d35_theta_skew_call_minus_put",
    "phys_d35_vega_skew_call_minus_put",
    "phys_d35_abs_delta_gap",
    "phys_d35_liquidity_score",
    "phys_d50_iv_skew_put_minus_call",
    "phys_d50_iv_mean",
    "phys_d50_volume_skew_call_minus_put",
    "phys_d50_oi_skew_call_minus_put",
    "phys_d50_mid_skew_call_minus_put",
    "phys_d50_spread_mean",
    "phys_d50_theta_skew_call_minus_put",
    "phys_d50_vega_skew_call_minus_put",
    "phys_d50_abs_delta_gap",
    "phys_d50_liquidity_score",
    "phys_d65_iv_skew_put_minus_call",
    "phys_d65_iv_mean",
    "phys_d65_volume_skew_call_minus_put",
    "phys_d65_oi_skew_call_minus_put",
    "phys_d65_mid_skew_call_minus_put",
    "phys_d65_spread_mean",
    "phys_d65_theta_skew_call_minus_put",
    "phys_d65_vega_skew_call_minus_put",
    "phys_d65_abs_delta_gap",
    "phys_d65_liquidity_score",
    "phys_d80_iv_skew_put_minus_call",
    "phys_d80_iv_mean",
    "phys_d80_volume_skew_call_minus_put",
    "phys_d80_oi_skew_call_minus_put",
    "phys_d80_mid_skew_call_minus_put",
    "phys_d80_spread_mean",
    "phys_d80_theta_skew_call_minus_put",
    "phys_d80_vega_skew_call_minus_put",
    "phys_d80_abs_delta_gap",
    "phys_d80_liquidity_score",
    "phys_total_volume_skew_call_minus_put",
    "phys_total_oi_skew_call_minus_put",
    "phys_total_option_volume_log",
    "phys_total_option_oi_log",
    "phys_call_iv_slope_low_to_high",
    "phys_put_iv_slope_low_to_high",
    "phys_call_mid_slope_low_to_high",
    "phys_put_mid_slope_low_to_high",
    "phys_fib_up_min_abs_bps",
    "phys_fib_up_mean_signed_bps",
    "phys_fib_dn_min_abs_bps",
    "phys_fib_dn_mean_signed_bps",
    "phys_fib_any_min_abs_bps",
    "phys_ib_edge_min_abs_bps",
    "phys_ib_balance",
    "phys_nearest_level_vs_ib_range",
    "phys_momentum_accel_ret_1m_bps_minus_ret_5m_bps",
    "phys_abs_ret_1m_bps",
    "phys_momentum_accel_ret_5m_bps_minus_ret_15m_bps",
    "phys_abs_ret_5m_bps",
    "phys_momentum_accel_ret_15m_bps_minus_ret_30m_bps",
    "phys_abs_ret_15m_bps",
    "phys_abs_ret_30m_bps",
    "phys_event_seq_in_day",
    "phys_event_frac_in_day",
    "phys_minutes_since_first_event",
    "phys_spot_ret_from_first_event_bps",
    "phys_same_day_event_count",
    "ctx_spx_spot",
    "ctx_spx_ret_1m_bps",
    "ctx_spx_ret_1m_bps_minus_self",
    "ctx_spx_ret_5m_bps",
    "ctx_spx_ret_5m_bps_minus_self",
    "ctx_spx_ret_15m_bps",
    "ctx_spx_ret_15m_bps_minus_self",
    "ctx_spx_ret_30m_bps",
    "ctx_spx_ret_30m_bps_minus_self",
    "ctx_spx_ib_range_bps",
    "ctx_spx_nearest_level_abs_bps",
    "ctx_spx_phys_d35_iv_skew_put_minus_call",
    "ctx_spx_phys_total_volume_skew_call_minus_put",
    "ctx_spx_phys_total_oi_skew_call_minus_put",
    "ctx_spy_spot",
    "ctx_spy_ret_1m_bps",
    "ctx_spy_ret_1m_bps_minus_self",
    "ctx_spy_ret_5m_bps",
    "ctx_spy_ret_5m_bps_minus_self",
    "ctx_spy_ret_15m_bps",
    "ctx_spy_ret_15m_bps_minus_self",
    "ctx_spy_ret_30m_bps",
    "ctx_spy_ret_30m_bps_minus_self",
    "ctx_spy_ib_range_bps",
    "ctx_spy_nearest_level_abs_bps",
    "ctx_spy_phys_d35_iv_skew_put_minus_call",
    "ctx_spy_phys_total_volume_skew_call_minus_put",
    "ctx_spy_phys_total_oi_skew_call_minus_put",
    "ctx_qqq_spot",
    "ctx_qqq_ret_1m_bps",
    "ctx_qqq_ret_1m_bps_minus_self",
    "ctx_qqq_ret_5m_bps",
    "ctx_qqq_ret_5m_bps_minus_self",
    "ctx_qqq_ret_15m_bps",
    "ctx_qqq_ret_15m_bps_minus_self",
    "ctx_qqq_ret_30m_bps",
    "ctx_qqq_ret_30m_bps_minus_self",
    "ctx_qqq_ib_range_bps",
    "ctx_qqq_nearest_level_abs_bps",
    "ctx_qqq_phys_d35_iv_skew_put_minus_call",
    "ctx_qqq_phys_total_volume_skew_call_minus_put",
    "ctx_qqq_phys_total_oi_skew_call_minus_put",
    "ctx_spy_qqq_ret_5m_spread",
    "ctx_spx_spy_ret_5m_spread",
    "ticker_QQQ",
    "ticker_SPXW",
    "ticker_SPY",
    "expiry_mode_zero_dte",
    "nearest_level_name_fib_127_dn",
    "nearest_level_name_fib_127_up",
    "nearest_level_name_fib_161_dn",
    "nearest_level_name_fib_161_up",
    "nearest_level_name_fib_200_dn",
    "nearest_level_name_fib_200_up",
    "nearest_level_name_ib_high",
    "nearest_level_name_ib_low"
  ],
  "grid": [
    {
      "threshold": -999.0,
      "max_trades_per_day": 1
    },
    {
      "threshold": -999.0,
      "max_trades_per_day": 2
    },
    {
      "threshold": -999.0,
      "max_trades_per_day": 3
    },
    {
      "threshold": 0.48,
      "max_trades_per_day": 1
    },
    {
      "threshold": 0.48,
      "max_trades_per_day": 2
    },
    {
      "threshold": 0.48,
      "max_trades_per_day": 3
    },
    {
      "threshold": 0.5,
      "max_trades_per_day": 1
    },
    {
      "threshold": 0.5,
      "max_trades_per_day": 2
    },
    {
      "threshold": 0.5,
      "max_trades_per_day": 3
    },
    {
      "threshold": 0.52,
      "max_trades_per_day": 1
    },
    {
      "threshold": 0.52,
      "max_trades_per_day": 2
    },
    {
      "threshold": 0.52,
      "max_trades_per_day": 3
    },
    {
      "threshold": 0.55,
      "max_trades_per_day": 1
    },
    {
      "threshold": 0.55,
      "max_trades_per_day": 2
    },
    {
      "threshold": 0.55,
      "max_trades_per_day": 3
    },
    {
      "threshold": 0.58,
      "max_trades_per_day": 1
    },
    {
      "threshold": 0.58,
      "max_trades_per_day": 2
    },
    {
      "threshold": 0.58,
      "max_trades_per_day": 3
    },
    {
      "threshold": 0.6,
      "max_trades_per_day": 1
    },
    {
      "threshold": 0.6,
      "max_trades_per_day": 2
    },
    {
      "threshold": 0.6,
      "max_trades_per_day": 3
    },
    {
      "threshold": 0.62,
      "max_trades_per_day": 1
    },
    {
      "threshold": 0.62,
      "max_trades_per_day": 2
    },
    {
      "threshold": 0.62,
      "max_trades_per_day": 3
    },
    {
      "threshold": 0.65,
      "max_trades_per_day": 1
    },
    {
      "threshold": 0.65,
      "max_trades_per_day": 2
    },
    {
      "threshold": 0.65,
      "max_trades_per_day": 3
    },
    {
      "threshold": 0.68,
      "max_trades_per_day": 1
    },
    {
      "threshold": 0.68,
      "max_trades_per_day": 2
    },
    {
      "threshold": 0.68,
      "max_trades_per_day": 3
    },
    {
      "threshold": 0.7,
      "max_trades_per_day": 1
    },
    {
      "threshold": 0.7,
      "max_trades_per_day": 2
    },
    {
      "threshold": 0.7,
      "max_trades_per_day": 3
    },
    {
      "threshold": 0.75,
      "max_trades_per_day": 1
    },
    {
      "threshold": 0.75,
      "max_trades_per_day": 2
    },
    {
      "threshold": 0.75,
      "max_trades_per_day": 3
    }
  ],
  "data_rows": 58968
}
```
