# Event Stream Selector

This result selects one precomputed causal OOS stream per evaluated month using only prior OOS months.

## Overall

```json
{
  "trades": 487,
  "win_rate": 0.4928131416837782,
  "profit_factor": 1.6252951526806627,
  "pnl_return": 46.11095505247387,
  "avg_return": 0.09468368593937139,
  "max_drawdown": -5.39999999999992,
  "call_rate": 0.27104722792607805,
  "days_with_trades": 316,
  "daily_win_rate": 0.5379746835443038,
  "median_daily_return": 0.2,
  "daily_max_drawdown": -5.200000000000003,
  "top5_day_return": 7.5,
  "top5_share_of_pnl": 0.16265115288688045,
  "min_month_trades": 19,
  "positive_month_rate": 0.9375
}
```

## By Ticker

```json
{
  "SPY": {
    "trades": 487,
    "win_rate": 0.4928131416837782,
    "profit_factor": 1.6252951526806627,
    "pnl_return": 46.11095505247387,
    "avg_return": 0.09468368593937139,
    "max_drawdown": -5.39999999999992,
    "call_rate": 0.27104722792607805,
    "days_with_trades": 316,
    "daily_win_rate": 0.5379746835443038,
    "median_daily_return": 0.2,
    "daily_max_drawdown": -5.200000000000003,
    "top5_day_return": 7.5,
    "top5_share_of_pnl": 0.16265115288688045,
    "min_month_trades": 19,
    "positive_month_rate": 0.9375
  }
}
```

- Risk capital: $5,000
- Net PnL: $230,555

## Folds

```csv
ticker,test_month,mode,selected_source,source_path,train_months,select_months,select_score,select_trades,select_win_rate,select_profit_factor,select_pnl_return,select_avg_return,select_max_drawdown,select_call_rate,select_days_with_trades,select_daily_win_rate,select_median_daily_return,select_daily_max_drawdown,select_top5_day_return,select_top5_share_of_pnl,select_min_month_trades,select_positive_month_rate,test_trades,test_win_rate,test_profit_factor,test_pnl_return,test_avg_return,test_max_drawdown,test_call_rate,test_days_with_trades,test_daily_win_rate,test_median_daily_return,test_daily_max_drawdown,test_top5_day_return,test_top5_share_of_pnl,test_min_month_trades,test_positive_month_rate

SPY,202501,SELECTED,event_option_gate_dense15_zero_dte_win_valthr_strict_d25_physctx_2023__event_option_gate,research_papers\JEPA\results\event_option_gate_dense15_zero_dte_win_valthr_strict_d25_physctx_2023_2026_spy_v1\event_option_gate_trades.csv,"202301,202302,202303,202304,202305,202306,202307,202308,202309,202310,202311,202312,202401,202402,202403,202404,202405,202406","202407,202408,202409,202410,202411,202412",-999939.2671425736,123,0.5853658536585366,2.330141358342394,20.35116278263864,0.16545660798893203,-2.500000000000007,0.16260162601626016,123,0.5853658536585366,0.5,-2.500000000000007,2.5,0.1228431036939434,18,1.0,20,0.4,1.0704607127328034,0.2536585658380918,0.01268292829190459,-1.3,0.0,20,0.4,-0.3,-1.3,2.5,9.855768094170056,20,1.0

SPY,202502,SELECTED,event_option_gate_dense15_zero_dte_win_valthr_strict_d25_physctx_2023__event_option_gate,research_papers\JEPA\results\event_option_gate_dense15_zero_dte_win_valthr_strict_d25_physctx_2023_2026_spy_v1\event_option_gate_trades.csv,"202301,202302,202303,202304,202305,202306,202307,202308,202309,202310,202311,202312,202401,202402,202403,202404,202405,202406,202407","202408,202409,202410,202411,202412,202501",-999940.6781840383,121,0.5619834710743802,2.107221468457655,17.60482134847673,0.14549439130972502,-2.500000000000007,0.1652892561983471,121,0.5619834710743802,0.5,-2.500000000000007,2.5,0.14200655323414085,18,1.0,19,0.47368421052631576,1.5000000000000002,1.5,0.07894736842105263,-1.8,0.47368421052631576,19,0.47368421052631576,-0.3,-1.8,2.5,1.6666666666666667,19,1.0

SPY,202503,SELECTED,event_option_gate_dense15_zero_dte_win_valthr_strict_d25_physctx_2023__event_option_gate,research_papers\JEPA\results\event_option_gate_dense15_zero_dte_win_valthr_strict_d25_physctx_2023_2026_spy_v1\event_option_gate_trades.csv,"202301,202302,202303,202304,202305,202306,202307,202308,202309,202310,202311,202312,202401,202402,202403,202404,202405,202406,202407,202408","202409,202410,202411,202412,202501,202502",56.46701182380187,118,0.5084745762711864,1.69567938784349,12.104821348476726,0.10258323176675191,-2.4999999999999982,0.211864406779661,118,0.5084745762711864,0.2524106742383641,-2.4999999999999982,2.5,0.20652927689136039,18,1.0,21,0.47619047619047616,1.5151515151515154,1.7,0.08095238095238096,-0.9000000000000001,0.2857142857142857,21,0.47619047619047616,-0.3,-0.9000000000000001,2.5,1.4705882352941178,21,1.0

SPY,202504,SELECTED,event_option_gate_dense15_zero_dte_win_valthr_strict_d25_physctx_2023__event_option_gate,research_papers\JEPA\results\event_option_gate_dense15_zero_dte_win_valthr_strict_d25_physctx_2023_2026_spy_v1\event_option_gate_trades.csv,"202301,202302,202303,202304,202305,202306,202307,202308,202309,202310,202311,202312,202401,202402,202403,202404,202405,202406,202407,202408,202409","202410,202411,202412,202501,202502,202503",-999945.2716537921,119,0.47058823529411764,1.4737385484570416,8.95365856583809,0.0752408282843537,-2.4000000000000004,0.15126050420168066,119,0.47058823529411764,-0.3,-2.4000000000000004,2.5,0.2792154717110315,18,1.0,21,0.5714285714285714,2.2222222222222223,3.3,0.15714285714285714,-0.7000000000000002,0.5714285714285714,21,0.5714285714285714,0.5,-0.7000000000000002,2.5,0.7575757575757576,21,1.0

SPY,202505,SELECTED,event_option_gate_dense15_zero_dte_win_d25_strict_backfill_d50max3_cau_combined,research_papers\JEPA\results\event_option_gate_dense15_zero_dte_win_d25_strict_backfill_d50max3_causal_2023_2026_v1\combined_trades.csv,"202301,202302,202303,202304,202305,202306,202307,202308,202309,202310,202311,202312,202401,202402,202403,202404,202405,202406,202407,202408,202409,202410","202411,202412,202501,202502,202503,202504",58.80099594231685,128,0.484375,1.558265584133237,11.053658565838091,0.08635670754561009,-1.799999999999999,0.2578125,122,0.5,-0.04999999999999999,-1.799999999999999,3.0,0.271403353209376,20,0.8333333333333334,22,0.5,1.666666666666667,2.2000000000000006,0.10000000000000003,-0.9000000000000001,0.36363636363636365,21,0.5238095238095238,0.5,-0.9000000000000001,2.5,1.136363636363636,22,1.0

SPY,202506,SELECTED,event_option_gate_dense15_zero_dte_win_d25_strict_backfill_d50max3_cau_combined,research_papers\JEPA\results\event_option_gate_dense15_zero_dte_win_d25_strict_backfill_d50max3_causal_2023_2026_v1\combined_trades.csv,"202301,202302,202303,202304,202305,202306,202307,202308,202309,202310,202311,202312,202401,202402,202403,202404,202405,202406,202407,202408,202409,202410,202411","202412,202501,202502,202503,202504,202505",58.62612595723534,129,0.4806201550387597,1.5350078888476661,10.75365856583809,0.08336169430882241,-1.799999999999999,0.31007751937984496,123,0.5040650406504065,0.2,-1.799999999999999,2.5,0.23247901955358033,20,0.8333333333333334,52,0.4423076923076923,1.32183908045977,2.8,0.05384615384615384,-2.4000000000000004,0.4807692307692308,20,0.4,-0.09999999999999998,-2.0,6.2,2.2142857142857144,52,1.0

SPY,202507,SELECTED,event_option_gate_dense15_zero_dte_win_d25_strict_backfill_d50max3_cau_combined,research_papers\JEPA\results\event_option_gate_dense15_zero_dte_win_d25_strict_backfill_d50max3_causal_2023_2026_v1\combined_trades.csv,"202301,202302,202303,202304,202305,202306,202307,202308,202309,202310,202311,202312,202401,202402,202403,202404,202405,202406,202407,202408,202409,202410,202411,202412","202501,202502,202503,202504,202505,202506",57.79825872770291,159,0.4591194968553459,1.409056533559616,10.553658565838091,0.06637521110589994,-2.4000000000000057,0.3836477987421384,122,0.47540983606557374,-0.09999999999999998,-1.9999999999999982,6.2,0.5874739988338483,20,0.8333333333333334,22,0.6363636363636364,2.916666666666667,4.6,0.20909090909090908,-1.2000000000000002,0.2727272727272727,22,0.6363636363636364,0.5,-1.2000000000000002,2.5,0.5434782608695653,22,1.0

SPY,202508,SELECTED,event_option_gate_dense15_zero_dte_win_d25_strict_backfill_d50max3_cau_combined,research_papers\JEPA\results\event_option_gate_dense15_zero_dte_win_d25_strict_backfill_d50max3_causal_2023_2026_v1\combined_trades.csv,"202301,202302,202303,202304,202305,202306,202307,202308,202309,202310,202311,202312,202401,202402,202403,202404,202405,202406,202407,202408,202409,202410,202411,202412,202501","202502,202503,202504,202505,202506,202507",60.27154320987654,160,0.49375,1.6255144032921813,15.2,0.095,-2.4000000000000057,0.41875,124,0.5161290322580645,0.35,-2.0,6.2,0.4078947368421053,20,1.0,21,0.6666666666666666,3.333333333333333,4.9,0.23333333333333334,-0.5999999999999996,0.38095238095238093,20,0.7,0.5,-0.5999999999999996,2.5,0.5102040816326531,21,1.0

SPY,202509,SELECTED,event_option_gate_dense15_zero_dte_win_valthr_wr45_d25_monthly_backfil_monthly_volume_backfill,research_papers\JEPA\results\event_option_gate_dense15_zero_dte_win_valthr_wr45_d25_monthly_backfill18_d50max3_2023_2026_spy_v1\monthly_volume_backfill_trades.csv,"202301,202302,202303,202304,202305,202306,202307,202308,202309,202310,202311,202312,202401,202402,202403,202404,202405,202406,202407,202408,202409,202410,202411,202412,202501,202502","202503,202504,202505,202506,202507,202508",65.95330767997434,162,0.5246913580246914,1.8398268398268398,19.4,0.11975308641975307,-2.4000000000000057,0.41358024691358025,126,0.5555555555555556,0.5,-1.9999999999999982,6.2,0.3195876288659794,22,1.0,22,0.5,1.666666666666667,2.2,0.1,-2.0000000000000004,0.3181818181818182,21,0.47619047619047616,-0.3,-2.0000000000000004,3.0,1.3636363636363635,22,1.0

SPY,202510,SELECTED,event_option_gate_dense15_zero_dte_win_valthr_wr45_d25_monthly_backfil_monthly_volume_backfill,research_papers\JEPA\results\event_option_gate_dense15_zero_dte_win_valthr_wr45_d25_monthly_backfill18_d50max3_2023_2026_spy_v1\monthly_volume_backfill_trades.csv,"202301,202302,202303,202304,202305,202306,202307,202308,202309,202310,202311,202312,202401,202402,202403,202404,202405,202406,202407,202408,202409,202410,202411,202412,202501,202502,202503","202504,202505,202506,202507,202508,202509",66.29517868745938,162,0.5308641975308642,1.8859649122807016,20.200000000000003,0.12469135802469138,-2.400000000000002,0.41358024691358025,126,0.5555555555555556,0.5,-2.000000000000007,6.5,0.32178217821782173,22,1.0,23,0.5217391304347826,1.8181818181818186,2.7000000000000006,0.11739130434782612,-0.9000000000000001,0.34782608695652173,22,0.5454545454545454,0.5,-0.9000000000000001,2.5,0.9259259259259257,23,1.0

SPY,202511,SELECTED,event_option_gate_dense15_zero_dte_win_valthr_wr45_d25_monthly_backfil_monthly_volume_backfill,research_papers\JEPA\results\event_option_gate_dense15_zero_dte_win_valthr_wr45_d25_monthly_backfill18_d50max3_2023_2026_spy_v1\monthly_volume_backfill_trades.csv,"202301,202302,202303,202304,202305,202306,202307,202308,202309,202310,202311,202312,202401,202402,202403,202404,202405,202406,202407,202408,202409,202410,202411,202412,202501,202502,202503,202504","202505,202506,202507,202508,202509,202510",66.1265628236794,163,0.5276073619631901,1.8614718614718613,19.9,0.12208588957055214,-2.399999999999999,0.3803680981595092,127,0.5511811023622047,0.5,-2.000000000000007,6.5,0.32663316582914576,22,1.0,38,0.631578947368421,2.8571428571428577,7.799999999999998,0.2052631578947368,-0.9000000000000012,0.15789473684210525,19,0.8421052631578947,0.2,-0.6000000000000001,5.0,0.6410256410256412,38,1.0

SPY,202512,SELECTED,event_option_gate_dense15_zero_dte_return_valthr_d50_monthly_backfill1_monthly_volume_backfill,research_papers\JEPA\results\event_option_gate_dense15_zero_dte_return_valthr_d50_monthly_backfill18_max3_2023_2026_spy_v1\monthly_volume_backfill_trades.csv,"202301,202302,202303,202304,202305,202306,202307,202308,202309,202310,202311,202312,202401,202402,202403,202404,202405,202406,202407,202408,202409,202410,202411,202412,202501,202502,202503,202504,202505","202506,202507,202508,202509,202510,202511",73.26998497276857,249,0.4979919678714859,1.6385400911613115,23.945253418549154,0.09616567637971547,-2.7000000000000064,0.21285140562248997,117,0.6410256410256411,0.2,-2.3999999999999986,7.0,0.2923335108484365,26,1.0,19,0.7368421052631579,4.925421526970443,5.578801842305343,0.29362114959501806,-0.5211981576946569,0.15789473684210525,15,0.7333333333333333,0.5,-0.5211981576946569,3.7,0.6632248473035994,19,1.0

SPY,202601,SELECTED,event_option_gate_dense15_zero_dte_return_forcedmax3_d50_physctx_2023__event_option_gate,research_papers\JEPA\results\event_option_gate_dense15_zero_dte_return_forcedmax3_d50_physctx_2023_2026_spy_v1\event_option_gate_trades.csv,"202301,202302,202303,202304,202305,202306,202307,202308,202309,202310,202311,202312,202401,202402,202403,202404,202405,202406,202407,202408,202409,202410,202411,202412,202501,202502,202503,202504,202505,202506","202507,202508,202509,202510,202511,202512",132.68137301398977,384,0.4505208333333333,1.3592969677751918,22.597321106641942,0.058847190381880056,-5.167175556889402,0.2942708333333333,128,0.4375,-0.09999999999999998,-4.967175556889403,7.5,0.3318977486139078,57,0.8333333333333334,60,0.3,0.730430230739524,-3.321505355669564,-0.05535842259449274,-5.399999999999998,0.03333333333333333,20,0.2,-0.09999999999999998,-5.2,2.978494644330435,-0.8967303452473334,60,0.0

SPY,202602,SELECTED,event_option_gate_dense15_zero_dte_win_valthr_d25_physctx_2023_2026_sp_event_option_gate,research_papers\JEPA\results\event_option_gate_dense15_zero_dte_win_valthr_d25_physctx_2023_2026_spy_v1\event_option_gate_trades.csv,"202301,202302,202303,202304,202305,202306,202307,202308,202309,202310,202311,202312,202401,202402,202403,202404,202405,202406,202407,202408,202409,202410,202411,202412,202501,202502,202503,202504,202505,202506,202507","202508,202509,202510,202511,202512,202601",88.98118754354043,245,0.49387755102040815,1.6106601968946823,22.716559324482155,0.09272065030400879,-3.900000000000013,0.2571428571428571,124,0.75,0.2,-3.800000000000015,5.0,0.22010375464788745,34,1.0,57,0.38596491228070173,1.0476190476190474,0.5000000000000004,0.008771929824561412,-2.9999999999999982,0.07017543859649122,19,0.2631578947368421,-0.09999999999999998,-2.8,6.7,13.399999999999988,57,1.0

SPY,202603,SELECTED,event_option_gate_dense15_zero_dte_win_valthr_d25_physctx_2023_2026_sp_event_option_gate,research_papers\JEPA\results\event_option_gate_dense15_zero_dte_win_valthr_d25_physctx_2023_2026_spy_v1\event_option_gate_trades.csv,"202301,202302,202303,202304,202305,202306,202307,202308,202309,202310,202311,202312,202401,202402,202403,202404,202405,202406,202407,202408,202409,202410,202411,202412,202501,202502,202503,202504,202505,202506,202507,202508","202509,202510,202511,202512,202601,202602",88.11604095065108,260,0.47692307692307695,1.505307826580445,20.616559324482154,0.07929445894031598,-3.900000000000013,0.22692307692307692,122,0.680327868852459,0.2,-3.800000000000015,7.0,0.3395328914891974,34,1.0,36,0.6111111111111112,2.6190476190476195,6.800000000000001,0.1888888888888889,-0.6000000000000001,0.6388888888888888,19,0.7894736842105263,0.2,-0.6000000000000001,5.0,0.7352941176470588,36,1.0

SPY,202604,SELECTED,event_option_gate_dense15_zero_dte_win_valthr_d25_physctx_2023_2026_sp_event_option_gate,research_papers\JEPA\results\event_option_gate_dense15_zero_dte_win_valthr_d25_physctx_2023_2026_spy_v1\event_option_gate_trades.csv,"202301,202302,202303,202304,202305,202306,202307,202308,202309,202310,202311,202312,202401,202402,202403,202404,202405,202406,202407,202408,202409,202410,202411,202412,202501,202502,202503,202504,202505,202506,202507,202508,202509","202510,202511,202512,202601,202602,202603",88.96807629753297,257,0.490272373540856,1.6006679403630386,23.606250056267406,0.09185311305940624,-3.900000000000013,0.2723735408560311,121,0.6859504132231405,0.2,-3.8000000000000114,7.0,0.2965316381600184,34,1.0,34,0.47058823529411764,1.4814814814814816,2.6000000000000005,0.07647058823529414,-1.799999999999999,0.14705882352941177,17,0.6470588235294118,0.2,-1.6,5.0,1.9230769230769227,34,1.0


```

## Config

```json
{
  "source": [
    "event_option_gate_dense15_zero_dte_return_forcedmax3_d25_physctx_2023__event_option_gate=research_papers\\JEPA\\results\\event_option_gate_dense15_zero_dte_return_forcedmax3_d25_physctx_2023_2026_qqq_v1\\event_option_gate_trades.csv",
    "event_option_gate_dense15_zero_dte_return_forcedmax3_d35_physctx_2023__event_option_gate=research_papers\\JEPA\\results\\event_option_gate_dense15_zero_dte_return_forcedmax3_d35_physctx_2023_2026_qqq_v1\\event_option_gate_trades.csv",
    "event_option_gate_dense15_zero_dte_return_forcedmax3_d50_physctx_2023__event_option_gate=research_papers\\JEPA\\results\\event_option_gate_dense15_zero_dte_return_forcedmax3_d50_physctx_2023_2026_qqq_v1\\event_option_gate_trades.csv",
    "event_option_gate_dense15_zero_dte_return_forcedmax3_d50_physctx_2023__event_option_gate=research_papers\\JEPA\\results\\event_option_gate_dense15_zero_dte_return_forcedmax3_d50_physctx_2023_2026_spxw_v1\\event_option_gate_trades.csv",
    "event_option_gate_dense15_zero_dte_return_forcedmax3_d50_physctx_2023__event_option_gate=research_papers\\JEPA\\results\\event_option_gate_dense15_zero_dte_return_forcedmax3_d50_physctx_2023_2026_spy_v1\\event_option_gate_trades.csv",
    "event_option_gate_dense15_zero_dte_return_valthr_d25_monthly_backfill1_monthly_volume_backfill=research_papers\\JEPA\\results\\event_option_gate_dense15_zero_dte_return_valthr_d25_monthly_backfill18_max3_2023_2026_qqq_v1\\monthly_volume_backfill_trades.csv",
    "event_option_gate_dense15_zero_dte_return_valthr_d25_physctx_2023_2026_event_option_gate=research_papers\\JEPA\\results\\event_option_gate_dense15_zero_dte_return_valthr_d25_physctx_2023_2026_qqq_v1\\event_option_gate_trades.csv",
    "event_option_gate_dense15_zero_dte_return_valthr_d35_monthly_backfill1_monthly_volume_backfill=research_papers\\JEPA\\results\\event_option_gate_dense15_zero_dte_return_valthr_d35_monthly_backfill18_max3_2023_2026_qqq_v1\\monthly_volume_backfill_trades.csv",
    "event_option_gate_dense15_zero_dte_return_valthr_d35_physctx_2023_2026_event_option_gate=research_papers\\JEPA\\results\\event_option_gate_dense15_zero_dte_return_valthr_d35_physctx_2023_2026_qqq_v1\\event_option_gate_trades.csv",
    "event_option_gate_dense15_zero_dte_return_valthr_d50_monthly_backfill1_monthly_volume_backfill=research_papers\\JEPA\\results\\event_option_gate_dense15_zero_dte_return_valthr_d50_monthly_backfill18_max3_2023_2026_qqq_v1\\monthly_volume_backfill_trades.csv",
    "event_option_gate_dense15_zero_dte_return_valthr_d50_monthly_backfill1_monthly_volume_backfill=research_papers\\JEPA\\results\\event_option_gate_dense15_zero_dte_return_valthr_d50_monthly_backfill18_max3_2023_2026_spxw_v1\\monthly_volume_backfill_trades.csv",
    "event_option_gate_dense15_zero_dte_return_valthr_d50_monthly_backfill1_monthly_volume_backfill=research_papers\\JEPA\\results\\event_option_gate_dense15_zero_dte_return_valthr_d50_monthly_backfill18_max3_2023_2026_spy_v1\\monthly_volume_backfill_trades.csv",
    "event_option_gate_dense15_zero_dte_return_valthr_d50_physctx_2023_2026_event_option_gate=research_papers\\JEPA\\results\\event_option_gate_dense15_zero_dte_return_valthr_d50_physctx_2023_2026_qqq_v1\\event_option_gate_trades.csv",
    "event_option_gate_dense15_zero_dte_return_valthr_d50_physctx_2023_2026_event_option_gate=research_papers\\JEPA\\results\\event_option_gate_dense15_zero_dte_return_valthr_d50_physctx_2023_2026_spxw_v1\\event_option_gate_trades.csv",
    "event_option_gate_dense15_zero_dte_return_valthr_d50_physctx_2023_2026_event_option_gate=research_papers\\JEPA\\results\\event_option_gate_dense15_zero_dte_return_valthr_d50_physctx_2023_2026_spy_v1\\event_option_gate_trades.csv",
    "event_option_gate_dense15_zero_dte_win_d25_strict_backfill_d50max3_cau_combined=research_papers\\JEPA\\results\\event_option_gate_dense15_zero_dte_win_d25_strict_backfill_d50max3_causal_2023_2026_v1\\combined_trades.csv",
    "event_option_gate_dense15_zero_dte_win_d25_strict_uniform_backfill_d50_combined=research_papers\\JEPA\\results\\event_option_gate_dense15_zero_dte_win_d25_strict_uniform_backfill_d50max3_causal_2023_2026_v1\\combined_trades.csv",
    "event_option_gate_dense15_zero_dte_win_valthr_d25_monthly_backfill18_d_monthly_volume_backfill=research_papers\\JEPA\\results\\event_option_gate_dense15_zero_dte_win_valthr_d25_monthly_backfill18_d25max3_2023_2026_qqq_v1\\monthly_volume_backfill_trades.csv",
    "event_option_gate_dense15_zero_dte_win_valthr_d25_monthly_backfill18_d_monthly_volume_backfill=research_papers\\JEPA\\results\\event_option_gate_dense15_zero_dte_win_valthr_d25_monthly_backfill18_d35max3_2023_2026_qqq_v1\\monthly_volume_backfill_trades.csv",
    "event_option_gate_dense15_zero_dte_win_valthr_d25_monthly_backfill18_d_monthly_volume_backfill=research_papers\\JEPA\\results\\event_option_gate_dense15_zero_dte_win_valthr_d25_monthly_backfill18_d50max3_2023_2026_qqq_v1\\monthly_volume_backfill_trades.csv",
    "event_option_gate_dense15_zero_dte_win_valthr_d25_physctx_2023_2026_qq_event_option_gate=research_papers\\JEPA\\results\\event_option_gate_dense15_zero_dte_win_valthr_d25_physctx_2023_2026_qqq_v1\\event_option_gate_trades.csv",
    "event_option_gate_dense15_zero_dte_win_valthr_d25_physctx_2023_2026_sp_event_option_gate=research_papers\\JEPA\\results\\event_option_gate_dense15_zero_dte_win_valthr_d25_physctx_2023_2026_spxw_v1\\event_option_gate_trades.csv",
    "event_option_gate_dense15_zero_dte_win_valthr_d25_physctx_2023_2026_sp_event_option_gate=research_papers\\JEPA\\results\\event_option_gate_dense15_zero_dte_win_valthr_d25_physctx_2023_2026_spy_v1\\event_option_gate_trades.csv",
    "event_option_gate_dense15_zero_dte_win_valthr_strict_d25_monthly_backf_monthly_volume_backfill=research_papers\\JEPA\\results\\event_option_gate_dense15_zero_dte_win_valthr_strict_d25_monthly_backfill18_d50max3_2023_2026_qqq_v1\\monthly_volume_backfill_trades.csv",
    "event_option_gate_dense15_zero_dte_win_valthr_strict_d25_monthly_backf_monthly_volume_backfill=research_papers\\JEPA\\results\\event_option_gate_dense15_zero_dte_win_valthr_strict_d25_monthly_backfill18_d50max3_2023_2026_spxw_v1\\monthly_volume_backfill_trades.csv",
    "event_option_gate_dense15_zero_dte_win_valthr_strict_d25_monthly_backf_monthly_volume_backfill=research_papers\\JEPA\\results\\event_option_gate_dense15_zero_dte_win_valthr_strict_d25_monthly_backfill18_d50max3_2023_2026_spy_v1\\monthly_volume_backfill_trades.csv",
    "event_option_gate_dense15_zero_dte_win_valthr_strict_d25_physctx_2023__event_option_gate=research_papers\\JEPA\\results\\event_option_gate_dense15_zero_dte_win_valthr_strict_d25_physctx_2023_2026_qqq_v1\\event_option_gate_trades.csv",
    "event_option_gate_dense15_zero_dte_win_valthr_strict_d25_physctx_2023__event_option_gate=research_papers\\JEPA\\results\\event_option_gate_dense15_zero_dte_win_valthr_strict_d25_physctx_2023_2026_spxw_v1\\event_option_gate_trades.csv",
    "event_option_gate_dense15_zero_dte_win_valthr_strict_d25_physctx_2023__event_option_gate=research_papers\\JEPA\\results\\event_option_gate_dense15_zero_dte_win_valthr_strict_d25_physctx_2023_2026_spy_v1\\event_option_gate_trades.csv",
    "event_option_gate_dense15_zero_dte_win_valthr_wr45_d25_monthly_backfil_monthly_volume_backfill=research_papers\\JEPA\\results\\event_option_gate_dense15_zero_dte_win_valthr_wr45_d25_monthly_backfill18_d50max3_2023_2026_qqq_v1\\monthly_volume_backfill_trades.csv",
    "event_option_gate_dense15_zero_dte_win_valthr_wr45_d25_monthly_backfil_monthly_volume_backfill=research_papers\\JEPA\\results\\event_option_gate_dense15_zero_dte_win_valthr_wr45_d25_monthly_backfill18_d50max3_2023_2026_spxw_v1\\monthly_volume_backfill_trades.csv",
    "event_option_gate_dense15_zero_dte_win_valthr_wr45_d25_monthly_backfil_monthly_volume_backfill=research_papers\\JEPA\\results\\event_option_gate_dense15_zero_dte_win_valthr_wr45_d25_monthly_backfill18_d50max3_2023_2026_spy_v1\\monthly_volume_backfill_trades.csv",
    "event_option_gate_dense15_zero_dte_win_valthr_wr45_d25_physctx_2023_20_event_option_gate=research_papers\\JEPA\\results\\event_option_gate_dense15_zero_dte_win_valthr_wr45_d25_physctx_2023_2026_qqq_v1\\event_option_gate_trades.csv",
    "event_option_gate_dense15_zero_dte_win_valthr_wr45_d25_physctx_2023_20_event_option_gate=research_papers\\JEPA\\results\\event_option_gate_dense15_zero_dte_win_valthr_wr45_d25_physctx_2023_2026_spxw_v1\\event_option_gate_trades.csv",
    "event_option_gate_dense15_zero_dte_win_valthr_wr45_d25_physctx_2023_20_event_option_gate=research_papers\\JEPA\\results\\event_option_gate_dense15_zero_dte_win_valthr_wr45_d25_physctx_2023_2026_spy_v1\\event_option_gate_trades.csv"
  ],
  "output_dir": "research_papers\\JEPA\\results\\_diagnostics\\outer_stream_selector_dense15_param_scan_2025_202604\\s6_m18_vw2p0\\spy",
  "ticker": "SPY",
  "history_start_month": "202301",
  "start_month": "202501",
  "end_month": "202604",
  "select_months": 6,
  "frozen_select_start_month": "",
  "frozen_select_end_month": "",
  "risk_capital": 5000.0,
  "min_select_trades": 108,
  "min_select_month_trades": 18,
  "min_select_win_rate": 0.45,
  "min_select_pf": 1.3,
  "require_select_positive_months": false,
  "min_call_rate": 0.2,
  "max_call_rate": 0.8,
  "score_pf_weight": 3.0,
  "score_pf_cap": 4.0,
  "score_win_weight": 20.0,
  "score_return_weight": 0.1,
  "score_positive_month_weight": 4.0,
  "score_volume_weight": 2.0,
  "max_select_top5_share": Infinity,
  "max_select_drawdown_to_pnl": Infinity
}
```
