# Combined Event Option Trade Streams

This artifact combines already generated causal OOS trade streams. It does not train or select any new trade.

## Overall

```json
{
  "trades": 1174,
  "win_rate": 0.5161839863713799,
  "profit_factor": 1.7773102028511627,
  "pnl_return": 132.45365856583808,
  "avg_return": 0.11282253710889104,
  "max_drawdown": -5.900000000000013,
  "call_rate": 0.30579216354344124,
  "days_with_trades": 330,
  "daily_win_rate": 0.5727272727272728,
  "median_daily_return": 0.4,
  "daily_max_drawdown": -5.599999999999998,
  "top5_day_return": 10.5,
  "top5_share_of_pnl": 0.07927300848983962,
  "min_month_trades": 55,
  "positive_month_rate": 0.875
}
```

- Risk capital: $5,000
- Net PnL: $662,268

## By Ticker

```json
{
  "QQQ": {
    "trades": 438,
    "win_rate": 0.4589041095890411,
    "profit_factor": 1.413502109704642,
    "pnl_return": 29.39999999999999,
    "avg_return": 0.06712328767123285,
    "max_drawdown": -11.600000000000005,
    "call_rate": 0.3127853881278539,
    "days_with_trades": 307,
    "daily_win_rate": 0.5798045602605864,
    "median_daily_return": 0.2,
    "daily_max_drawdown": -11.199999999999998,
    "top5_day_return": 5.0,
    "top5_share_of_pnl": 0.1700680272108844,
    "min_month_trades": 19,
    "positive_month_rate": 0.875
  },
  "SPXW": {
    "trades": 358,
    "win_rate": 0.5782122905027933,
    "profit_factor": 2.28476821192053,
    "pnl_return": 58.199999999999996,
    "avg_return": 0.16256983240223463,
    "max_drawdown": -2.09999999999998,
    "call_rate": 0.2988826815642458,
    "days_with_trades": 327,
    "daily_win_rate": 0.6055045871559633,
    "median_daily_return": 0.5,
    "daily_max_drawdown": -2.09999999999998,
    "top5_day_return": 5.0,
    "top5_share_of_pnl": 0.0859106529209622,
    "min_month_trades": 19,
    "positive_month_rate": 1.0
  },
  "SPY": {
    "trades": 378,
    "win_rate": 0.5238095238095238,
    "profit_factor": 1.8306233067747797,
    "pnl_return": 44.85365856583809,
    "avg_return": 0.11866047239639706,
    "max_drawdown": -2.4000000000000057,
    "call_rate": 0.30423280423280424,
    "days_with_trades": 324,
    "daily_win_rate": 0.5432098765432098,
    "median_daily_return": 0.5,
    "daily_max_drawdown": -2.000000000000007,
    "top5_day_return": 6.5,
    "top5_share_of_pnl": 0.14491571496802264,
    "min_month_trades": 15,
    "positive_month_rate": 1.0
  }
}
```

## Monthly PnL Return

| Month | Ticker | Trades | WR | PF | PnL Return | PnL $ |
| --- | --- | ---: | ---: | ---: | ---: | ---: |
| 202501 | QQQ | 36 | 33.3% | 0.833 | -1.200 | -6,000 |
| 202501 | SPXW | 21 | 38.1% | 1.026 | 0.100 | 500 |
| 202501 | SPY | 20 | 40.0% | 1.070 | 0.254 | 1,268 |
| 202501 | TOTAL | 77 | 36.4% | 0.942 | -0.846 | -4,232 |
| 202502 | QQQ | 38 | 44.7% | 1.349 | 2.200 | 11,000 |
| 202502 | SPXW | 19 | 57.9% | 2.292 | 3.100 | 15,500 |
| 202502 | SPY | 19 | 47.4% | 1.500 | 1.500 | 7,500 |
| 202502 | TOTAL | 76 | 48.7% | 1.581 | 6.800 | 34,000 |
| 202503 | QQQ | 42 | 38.1% | 1.026 | 0.200 | 1,000 |
| 202503 | SPXW | 22 | 54.5% | 2.000 | 3.000 | 15,000 |
| 202503 | SPY | 21 | 47.6% | 1.515 | 1.700 | 8,500 |
| 202503 | TOTAL | 85 | 44.7% | 1.348 | 4.900 | 24,500 |
| 202504 | QQQ | 40 | 10.0% | 0.185 | -8.800 | -44,000 |
| 202504 | SPXW | 21 | 57.1% | 2.222 | 3.300 | 16,500 |
| 202504 | SPY | 21 | 57.1% | 2.222 | 3.300 | 16,500 |
| 202504 | TOTAL | 82 | 34.1% | 0.864 | -2.200 | -11,000 |
| 202505 | QQQ | 42 | 38.1% | 1.026 | 0.200 | 1,000 |
| 202505 | SPXW | 21 | 57.1% | 2.222 | 3.300 | 16,500 |
| 202505 | SPY | 21 | 52.4% | 1.833 | 2.500 | 12,500 |
| 202505 | TOTAL | 84 | 46.4% | 1.444 | 6.000 | 30,000 |
| 202506 | QQQ | 24 | 54.2% | 1.970 | 3.200 | 16,000 |
| 202506 | SPXW | 20 | 65.0% | 3.095 | 4.400 | 22,000 |
| 202506 | SPY | 52 | 42.3% | 1.222 | 2.000 | 10,000 |
| 202506 | TOTAL | 96 | 50.0% | 1.667 | 9.600 | 48,000 |
| 202507 | QQQ | 23 | 52.2% | 1.818 | 2.700 | 13,500 |
| 202507 | SPXW | 42 | 61.9% | 2.708 | 8.200 | 41,000 |
| 202507 | SPY | 22 | 63.6% | 2.917 | 4.600 | 23,000 |
| 202507 | TOTAL | 87 | 59.8% | 2.476 | 15.500 | 77,500 |
| 202508 | QQQ | 21 | 66.7% | 3.333 | 4.900 | 24,500 |
| 202508 | SPXW | 22 | 68.2% | 3.571 | 5.400 | 27,000 |
| 202508 | SPY | 20 | 65.0% | 3.095 | 4.400 | 22,000 |
| 202508 | TOTAL | 63 | 66.7% | 3.333 | 14.700 | 73,500 |
| 202509 | QQQ | 19 | 52.6% | 1.852 | 2.300 | 11,500 |
| 202509 | SPXW | 22 | 50.0% | 1.667 | 2.200 | 11,000 |
| 202509 | SPY | 21 | 47.6% | 1.515 | 1.700 | 8,500 |
| 202509 | TOTAL | 62 | 50.0% | 1.667 | 6.200 | 31,000 |
| 202510 | QQQ | 21 | 66.7% | 3.333 | 4.900 | 24,500 |
| 202510 | SPXW | 24 | 75.0% | 5.000 | 7.200 | 36,000 |
| 202510 | SPY | 23 | 52.2% | 1.818 | 2.700 | 13,500 |
| 202510 | TOTAL | 68 | 64.7% | 3.056 | 14.800 | 74,000 |
| 202511 | QQQ | 20 | 60.0% | 2.500 | 3.600 | 18,000 |
| 202511 | SPXW | 19 | 47.4% | 1.500 | 1.500 | 7,500 |
| 202511 | SPY | 38 | 63.2% | 2.857 | 7.800 | 39,000 |
| 202511 | TOTAL | 77 | 58.4% | 2.344 | 12.900 | 64,500 |
| 202512 | QQQ | 23 | 60.9% | 2.593 | 4.300 | 21,500 |
| 202512 | SPXW | 23 | 69.6% | 3.810 | 5.900 | 29,500 |
| 202512 | SPY | 22 | 68.2% | 3.571 | 5.400 | 27,000 |
| 202512 | TOTAL | 68 | 66.2% | 3.261 | 15.600 | 78,000 |
| 202601 | QQQ | 21 | 42.9% | 1.250 | 0.900 | 4,500 |
| 202601 | SPXW | 21 | 42.9% | 1.250 | 0.900 | 4,500 |
| 202601 | SPY | 22 | 40.9% | 1.154 | 0.600 | 3,000 |
| 202601 | TOTAL | 64 | 42.2% | 1.216 | 2.400 | 12,000 |
| 202602 | QQQ | 19 | 52.6% | 1.852 | 2.300 | 11,500 |
| 202602 | SPXW | 19 | 52.6% | 1.852 | 2.300 | 11,500 |
| 202602 | SPY | 19 | 52.6% | 1.852 | 2.300 | 11,500 |
| 202602 | TOTAL | 57 | 52.6% | 1.852 | 6.900 | 34,500 |
| 202603 | QQQ | 29 | 51.7% | 1.786 | 3.300 | 16,500 |
| 202603 | SPXW | 22 | 54.5% | 2.000 | 3.000 | 15,000 |
| 202603 | SPY | 22 | 54.5% | 2.000 | 3.000 | 15,000 |
| 202603 | TOTAL | 73 | 53.4% | 1.912 | 9.300 | 46,500 |
| 202604 | QQQ | 20 | 65.0% | 3.095 | 4.400 | 22,000 |
| 202604 | SPXW | 20 | 65.0% | 3.095 | 4.400 | 22,000 |
| 202604 | SPY | 15 | 46.7% | 1.458 | 1.100 | 5,500 |
| 202604 | TOTAL | 55 | 60.0% | 2.500 | 9.900 | 49,500 |

## Integrity

```json
{
  "passed": true,
  "folds_checked": 48,
  "issues": []
}
```

## Sources

```json
{
  "trade_file": [
    "SPXW=research_papers\\JEPA\\results\\_diagnostics\\outer_stream_selector_dense15_param_scan_2025_202604\\s6_m18_vw0p1\\spxw\\stream_selector_trades.csv",
    "SPY=research_papers\\JEPA\\results\\_diagnostics\\outer_stream_selector_dense15_param_scan_2025_202604\\s6_m18_vw0p1\\spy\\stream_selector_trades.csv",
    "QQQ=research_papers\\JEPA\\results\\_diagnostics\\outer_stream_selector_dense15_param_scan_2025_202604\\s6_m18_vw0p1\\qqq\\stream_selector_trades.csv"
  ],
  "fold_file": [
    "SPXW=research_papers\\JEPA\\results\\_diagnostics\\outer_stream_selector_dense15_param_scan_2025_202604\\s6_m18_vw0p1\\spxw\\stream_selector_folds.csv",
    "SPY=research_papers\\JEPA\\results\\_diagnostics\\outer_stream_selector_dense15_param_scan_2025_202604\\s6_m18_vw0p1\\spy\\stream_selector_folds.csv",
    "QQQ=research_papers\\JEPA\\results\\_diagnostics\\outer_stream_selector_dense15_param_scan_2025_202604\\s6_m18_vw0p1\\qqq\\stream_selector_folds.csv"
  ],
  "start_month": "202501",
  "end_month": "202604"
}
```
