# Event Stream Selector

This result selects one precomputed causal OOS stream per evaluated month using only prior OOS months.

## Overall

```json
{
  "trades": 438,
  "win_rate": 0.4589041095890411,
  "profit_factor": 1.413502109704642,
  "pnl_return": 29.39999999999999,
  "avg_return": 0.06712328767123285,
  "max_drawdown": -11.600000000000005,
  "call_rate": 0.3127853881278539,
  "days_with_trades": 307,
  "daily_win_rate": 0.5798045602605864,
  "median_daily_return": 0.2,
  "daily_max_drawdown": -11.199999999999998,
  "top5_day_return": 5.0,
  "top5_share_of_pnl": 0.1700680272108844,
  "min_month_trades": 19,
  "positive_month_rate": 0.875
}
```

## By Ticker

```json
{
  "QQQ": {
    "trades": 438,
    "win_rate": 0.4589041095890411,
    "profit_factor": 1.413502109704642,
    "pnl_return": 29.39999999999999,
    "avg_return": 0.06712328767123285,
    "max_drawdown": -11.600000000000005,
    "call_rate": 0.3127853881278539,
    "days_with_trades": 307,
    "daily_win_rate": 0.5798045602605864,
    "median_daily_return": 0.2,
    "daily_max_drawdown": -11.199999999999998,
    "top5_day_return": 5.0,
    "top5_share_of_pnl": 0.1700680272108844,
    "min_month_trades": 19,
    "positive_month_rate": 0.875
  }
}
```

- Risk capital: $5,000
- Net PnL: $147,000

## Folds

```csv
ticker,test_month,mode,selected_source,source_path,train_months,select_months,select_score,select_trades,select_win_rate,select_profit_factor,select_pnl_return,select_avg_return,select_max_drawdown,select_call_rate,select_days_with_trades,select_daily_win_rate,select_median_daily_return,select_daily_max_drawdown,select_top5_day_return,select_top5_share_of_pnl,select_min_month_trades,select_positive_month_rate,test_trades,test_win_rate,test_profit_factor,test_pnl_return,test_avg_return,test_max_drawdown,test_call_rate,test_days_with_trades,test_daily_win_rate,test_median_daily_return,test_daily_max_drawdown,test_top5_day_return,test_top5_share_of_pnl,test_min_month_trades,test_positive_month_rate

QQQ,202501,SELECTED,event_option_gate_dense15_zero_dte_return_valthr_d25_monthly_backfill1_monthly_volume_backfill,research_papers\JEPA\results\event_option_gate_dense15_zero_dte_return_valthr_d25_monthly_backfill18_max3_2023_2026_qqq_v1\monthly_volume_backfill_trades.csv,"202301,202302,202303,202304,202305,202306,202307,202308,202309,202310,202311,202312,202401,202402,202403,202404,202405,202406","202407,202408,202409,202410,202411,202412",22.51316420014094,176,0.5113636363636364,1.744186046511628,19.2,0.10909090909090909,-2.0999999999999988,0.4602272727272727,115,0.6695652173913044,0.2,-1.7999999999999998,5.0,0.2604166666666667,18,0.8333333333333334,36,0.3333333333333333,0.8333333333333334,-1.2,-0.03333333333333333,-2.6,0.3333333333333333,18,0.3888888888888889,-0.09999999999999998,-2.3,2.4000000000000004,-2.0000000000000004,36,0.0

QQQ,202502,SELECTED,event_option_gate_dense15_zero_dte_win_valthr_d25_monthly_backfill18_d_monthly_volume_backfill,research_papers\JEPA\results\event_option_gate_dense15_zero_dte_win_valthr_d25_monthly_backfill18_d50max3_2023_2026_qqq_v1\monthly_volume_backfill_trades.csv,"202301,202302,202303,202304,202305,202306,202307,202308,202309,202310,202311,202312,202401,202402,202403,202404,202405,202406,202407","202408,202409,202410,202411,202412,202501",20.90701754385965,228,0.47368421052631576,1.5000000000000002,18.0,0.07894736842105263,-3.000000000000025,0.2149122807017544,121,0.6115702479338843,0.2,-2.800000000000029,6.5,0.3611111111111111,18,0.8333333333333334,38,0.4473684210526316,1.3492063492063495,2.200000000000001,0.05789473684210529,-1.9000000000000004,0.42105263157894735,19,0.6842105263157895,0.2,-1.5999999999999999,4.2,1.9090909090909083,38,1.0

QQQ,202503,SELECTED,event_option_gate_dense15_zero_dte_return_valthr_d25_physctx_2023_2026_event_option_gate,research_papers\JEPA\results\event_option_gate_dense15_zero_dte_return_valthr_d25_physctx_2023_2026_qqq_v1\event_option_gate_trades.csv,"202301,202302,202303,202304,202305,202306,202307,202308,202309,202310,202311,202312,202401,202402,202403,202404,202405,202406,202407,202408","202409,202410,202411,202412,202501,202502",19.976482056590754,207,0.45893719806763283,1.4136904761904765,13.899999999999999,0.06714975845410627,-2.6000000000000085,0.5893719806763285,112,0.5803571428571429,0.2,-2.3000000000000025,5.5,0.3956834532374101,25,0.6666666666666666,42,0.38095238095238093,1.0256410256410258,0.20000000000000034,0.00476190476190477,-3.6999999999999997,0.35714285714285715,21,0.47619047619047616,-0.6,-3.4,5.0,24.999999999999957,42,1.0

QQQ,202504,SELECTED,event_option_gate_dense15_zero_dte_return_valthr_d25_physctx_2023_2026_event_option_gate,research_papers\JEPA\results\event_option_gate_dense15_zero_dte_return_valthr_d25_physctx_2023_2026_qqq_v1\event_option_gate_trades.csv,"202301,202302,202303,202304,202305,202306,202307,202308,202309,202310,202311,202312,202401,202402,202403,202404,202405,202406,202407,202408,202409","202410,202411,202412,202501,202502,202503",20.712032094454145,211,0.4597156398104265,1.4181286549707608,14.3,0.06777251184834124,-4.700000000000024,0.5497630331753555,113,0.5663716814159292,0.2,-4.199999999999999,5.5,0.3846153846153846,25,0.8333333333333334,40,0.1,0.18518518518518515,-8.8,-0.22000000000000003,-8.899999999999997,0.25,21,0.14285714285714285,-0.6,-8.899999999999997,0.7999999999999998,-0.09090909090909088,40,0.0

QQQ,202505,SELECTED,event_option_gate_dense15_zero_dte_win_valthr_d25_monthly_backfill18_d_monthly_volume_backfill,research_papers\JEPA\results\event_option_gate_dense15_zero_dte_win_valthr_d25_monthly_backfill18_d50max3_2023_2026_qqq_v1\monthly_volume_backfill_trades.csv,"202301,202302,202303,202304,202305,202306,202307,202308,202309,202310,202311,202312,202401,202402,202403,202404,202405,202406,202407,202408,202409,202410","202411,202412,202501,202502,202503,202504",-999981.243906791,218,0.44495412844036697,1.3360881542699727,12.2,0.055963302752293574,-3.099999999999998,0.2798165137614679,119,0.6302521008403361,0.2,-2.9999999999999942,5.0,0.4098360655737705,18,0.8333333333333334,42,0.38095238095238093,1.0256410256410258,0.20000000000000023,0.0047619047619047675,-2.3,0.2857142857142857,21,0.6666666666666666,0.2,-2.2,2.6000000000000005,12.999999999999988,42,1.0

QQQ,202506,SELECTED,event_option_gate_dense15_zero_dte_win_valthr_d25_physctx_2023_2026_qq_event_option_gate,research_papers\JEPA\results\event_option_gate_dense15_zero_dte_win_valthr_d25_physctx_2023_2026_qqq_v1\event_option_gate_trades.csv,"202301,202302,202303,202304,202305,202306,202307,202308,202309,202310,202311,202312,202401,202402,202403,202404,202405,202406,202407,202408,202409,202410,202411","202412,202501,202502,202503,202504,202505",-1999990.1770619024,241,0.42323651452282157,1.223021582733813,9.3,0.03858921161825726,-3.1000000000000005,0.27385892116182575,122,0.639344262295082,0.2,-3.0,5.0,0.5376344086021505,38,0.8333333333333334,24,0.5416666666666666,1.9696969696969702,3.2,0.13333333333333333,-1.1999999999999993,0.3333333333333333,16,0.75,0.2,-0.9999999999999996,3.0,0.9375,24,1.0

QQQ,202507,SELECTED,event_option_gate_dense15_zero_dte_win_d25_strict_backfill_d50max3_cau_combined,research_papers\JEPA\results\event_option_gate_dense15_zero_dte_win_d25_strict_backfill_d50max3_causal_2023_2026_v1\combined_trades.csv,"202301,202302,202303,202304,202305,202306,202307,202308,202309,202310,202311,202312,202401,202402,202403,202404,202405,202406,202407,202408,202409,202410,202411,202412","202501,202502,202503,202504,202505,202506",19.35719167357465,141,0.45390070921985815,1.3852813852813852,8.899999999999999,0.06312056737588652,-2.6,0.3333333333333333,117,0.5213675213675214,0.2,-2.6,4.0,0.4494382022471911,19,0.8333333333333334,23,0.5217391304347826,1.8181818181818186,2.7,0.11739130434782609,-1.0999999999999999,0.30434782608695654,22,0.5454545454545454,0.35,-1.0999999999999999,2.5,0.9259259259259258,23,1.0

QQQ,202508,SELECTED,event_option_gate_dense15_zero_dte_win_d25_strict_backfill_d50max3_cau_combined,research_papers\JEPA\results\event_option_gate_dense15_zero_dte_win_d25_strict_backfill_d50max3_causal_2023_2026_v1\combined_trades.csv,"202301,202302,202303,202304,202305,202306,202307,202308,202309,202310,202311,202312,202401,202402,202403,202404,202405,202406,202407,202408,202409,202410,202411,202412,202501","202502,202503,202504,202505,202506,202507",22.95591397849462,124,0.5161290322580645,1.7777777777777775,14.0,0.11290322580645161,-2.0999999999999988,0.4274193548387097,119,0.5378151260504201,0.5,-2.0999999999999988,2.5,0.17857142857142858,19,1.0,21,0.6666666666666666,3.333333333333333,4.9,0.23333333333333334,-0.5999999999999996,0.3333333333333333,20,0.7,0.5,-0.5999999999999996,2.5,0.5102040816326531,21,1.0

QQQ,202509,SELECTED,event_option_gate_dense15_zero_dte_win_d25_strict_backfill_d50max3_cau_combined,research_papers\JEPA\results\event_option_gate_dense15_zero_dte_win_d25_strict_backfill_d50max3_causal_2023_2026_v1\combined_trades.csv,"202301,202302,202303,202304,202305,202306,202307,202308,202309,202310,202311,202312,202401,202402,202403,202404,202405,202406,202407,202408,202409,202410,202411,202412,202501,202502","202503,202504,202505,202506,202507,202508",24.434912280701756,125,0.544,1.9883040935672514,16.9,0.1352,-2.0999999999999996,0.424,120,0.5666666666666667,0.5,-2.0999999999999996,2.5,0.14792899408284024,19,1.0,19,0.5263157894736842,1.851851851851852,2.3000000000000003,0.12105263157894738,-1.2000000000000002,0.3684210526315789,16,0.625,0.5,-1.2000000000000002,2.5,1.0869565217391304,19,1.0

QQQ,202510,SELECTED,event_option_gate_dense15_zero_dte_win_d25_strict_backfill_d50max3_cau_combined,research_papers\JEPA\results\event_option_gate_dense15_zero_dte_win_d25_strict_backfill_d50max3_causal_2023_2026_v1\combined_trades.csv,"202301,202302,202303,202304,202305,202306,202307,202308,202309,202310,202311,202312,202401,202402,202403,202404,202405,202406,202407,202408,202409,202410,202411,202412,202501,202502,202503","202504,202505,202506,202507,202508,202509",24.44645180023229,123,0.5447154471544715,1.994047619047619,16.7,0.13577235772357724,-2.1,0.43902439024390244,115,0.5826086956521739,0.5,-2.1,2.5,0.14970059880239522,19,1.0,21,0.6666666666666666,3.333333333333333,4.9,0.23333333333333334,-0.5999999999999996,0.23809523809523808,19,0.7368421052631579,0.5,-0.5999999999999996,2.5,0.5102040816326531,21,1.0

QQQ,202511,SELECTED,event_option_gate_dense15_zero_dte_win_d25_strict_backfill_d50max3_cau_combined,research_papers\JEPA\results\event_option_gate_dense15_zero_dte_win_d25_strict_backfill_d50max3_causal_2023_2026_v1\combined_trades.csv,"202301,202302,202303,202304,202305,202306,202307,202308,202309,202310,202311,202312,202401,202402,202403,202404,202405,202406,202407,202408,202409,202410,202411,202412,202501,202502,202503,202504","202505,202506,202507,202508,202509,202510",26.689230769230765,125,0.584,2.3397435897435894,20.9,0.1672,-1.2000000000000028,0.36,116,0.6293103448275862,0.5,-1.200000000000001,2.5,0.11961722488038279,19,1.0,20,0.6,2.5,3.6000000000000005,0.18000000000000002,-0.8999999999999999,0.1,18,0.6666666666666666,0.5,-0.8999999999999995,2.5,0.6944444444444443,20,1.0

QQQ,202512,SELECTED,event_option_gate_dense15_zero_dte_win_d25_strict_backfill_d50max3_cau_combined,research_papers\JEPA\results\event_option_gate_dense15_zero_dte_win_d25_strict_backfill_d50max3_causal_2023_2026_v1\combined_trades.csv,"202301,202302,202303,202304,202305,202306,202307,202308,202309,202310,202311,202312,202401,202402,202403,202404,202405,202406,202407,202408,202409,202410,202411,202412,202501,202502,202503,202504,202505","202506,202507,202508,202509,202510,202511",28.434731182795694,124,0.6129032258064516,2.638888888888889,23.6,0.1903225806451613,-1.2000000000000028,0.29838709677419356,113,0.672566371681416,0.5,-1.200000000000001,2.5,0.1059322033898305,19,1.0,23,0.6086956521739131,2.592592592592593,4.300000000000001,0.18695652173913047,-0.8999999999999999,0.17391304347826086,22,0.6363636363636364,0.5,-0.8999999999999995,2.5,0.5813953488372092,23,1.0

QQQ,202601,SELECTED,event_option_gate_dense15_zero_dte_win_d25_strict_backfill_d50max3_cau_combined,research_papers\JEPA\results\event_option_gate_dense15_zero_dte_win_d25_strict_backfill_d50max3_causal_2023_2026_v1\combined_trades.csv,"202301,202302,202303,202304,202305,202306,202307,202308,202309,202310,202311,202312,202401,202402,202403,202404,202405,202406,202407,202408,202409,202410,202411,202412,202501,202502,202503,202504,202505,202506","202507,202508,202509,202510,202511,202512",27.589484329164733,127,0.5984251968503937,2.483660130718954,22.7,0.17874015748031497,-1.200000000000001,0.25196850393700787,117,0.6495726495726496,0.5,-1.200000000000001,2.5,0.11013215859030838,19,1.0,21,0.42857142857142855,1.2500000000000002,0.9000000000000001,0.042857142857142864,-1.6,0.19047619047619047,19,0.47368421052631576,-0.3,-1.3,2.5,2.7777777777777772,21,1.0

QQQ,202602,SELECTED,event_option_gate_dense15_zero_dte_win_d25_strict_backfill_d50max3_cau_combined,research_papers\JEPA\results\event_option_gate_dense15_zero_dte_win_d25_strict_backfill_d50max3_causal_2023_2026_v1\combined_trades.csv,"202301,202302,202303,202304,202305,202306,202307,202308,202309,202310,202311,202312,202401,202402,202403,202404,202405,202406,202407,202408,202409,202410,202411,202412,202501,202502,202503,202504,202505,202506,202507","202508,202509,202510,202511,202512,202601",26.689230769230765,125,0.584,2.3397435897435894,20.9,0.1672,-1.600000000000005,0.232,114,0.6403508771929824,0.5,-1.500000000000007,2.5,0.11961722488038279,19,1.0,19,0.5263157894736842,1.851851851851852,2.3000000000000003,0.12105263157894738,-0.6999999999999993,0.21052631578947367,19,0.5263157894736842,0.5,-0.6999999999999993,2.5,1.0869565217391304,19,1.0

QQQ,202603,SELECTED,event_option_gate_dense15_zero_dte_win_d25_strict_backfill_d50max3_cau_combined,research_papers\JEPA\results\event_option_gate_dense15_zero_dte_win_d25_strict_backfill_d50max3_causal_2023_2026_v1\combined_trades.csv,"202301,202302,202303,202304,202305,202306,202307,202308,202309,202310,202311,202312,202401,202402,202403,202404,202405,202406,202407,202408,202409,202410,202411,202412,202501,202502,202503,202504,202505,202506,202507,202508","202509,202510,202511,202512,202601,202602",25.338401084010837,123,0.5609756097560976,2.1296296296296293,18.299999999999997,0.14878048780487801,-1.600000000000005,0.21138211382113822,113,0.6106194690265486,0.5,-1.5000000000000053,2.5,0.1366120218579235,19,1.0,29,0.5172413793103449,1.785714285714286,3.3000000000000003,0.11379310344827587,-1.0000000000000002,0.6206896551724138,19,0.631578947368421,0.2,-0.9000000000000002,4.0,1.212121212121212,29,1.0

QQQ,202604,SELECTED,event_option_gate_dense15_zero_dte_win_d25_strict_backfill_d50max3_cau_combined,research_papers\JEPA\results\event_option_gate_dense15_zero_dte_win_d25_strict_backfill_d50max3_causal_2023_2026_v1\combined_trades.csv,"202301,202302,202303,202304,202305,202306,202307,202308,202309,202310,202311,202312,202401,202402,202403,202404,202405,202406,202407,202408,202409,202410,202411,202412,202501,202502,202503,202504,202505,202506,202507,202508,202509","202510,202511,202512,202601,202602,202603",25.229005989550146,133,0.556390977443609,2.0903954802259883,19.3,0.14511278195488722,-1.600000000000005,0.2781954887218045,116,0.6120689655172413,0.5,-1.5000000000000053,4.0,0.20725388601036268,19,1.0,20,0.65,3.095238095238095,4.4,0.22000000000000003,-0.6000000000000001,0.3,17,0.7058823529411765,0.5,-0.6000000000000001,2.7,0.6136363636363636,20,1.0


```

## Config

```json
{
  "source": [
    "event_option_gate_dense15_zero_dte_return_forcedmax3_d25_physctx_2023__event_option_gate=research_papers\\JEPA\\results\\event_option_gate_dense15_zero_dte_return_forcedmax3_d25_physctx_2023_2026_qqq_v1\\event_option_gate_trades.csv",
    "event_option_gate_dense15_zero_dte_return_forcedmax3_d35_physctx_2023__event_option_gate=research_papers\\JEPA\\results\\event_option_gate_dense15_zero_dte_return_forcedmax3_d35_physctx_2023_2026_qqq_v1\\event_option_gate_trades.csv",
    "event_option_gate_dense15_zero_dte_return_forcedmax3_d50_physctx_2023__event_option_gate=research_papers\\JEPA\\results\\event_option_gate_dense15_zero_dte_return_forcedmax3_d50_physctx_2023_2026_qqq_v1\\event_option_gate_trades.csv",
    "event_option_gate_dense15_zero_dte_return_forcedmax3_d50_physctx_2023__event_option_gate=research_papers\\JEPA\\results\\event_option_gate_dense15_zero_dte_return_forcedmax3_d50_physctx_2023_2026_spxw_v1\\event_option_gate_trades.csv",
    "event_option_gate_dense15_zero_dte_return_forcedmax3_d50_physctx_2023__event_option_gate=research_papers\\JEPA\\results\\event_option_gate_dense15_zero_dte_return_forcedmax3_d50_physctx_2023_2026_spy_v1\\event_option_gate_trades.csv",
    "event_option_gate_dense15_zero_dte_return_valthr_d25_monthly_backfill1_monthly_volume_backfill=research_papers\\JEPA\\results\\event_option_gate_dense15_zero_dte_return_valthr_d25_monthly_backfill18_max3_2023_2026_qqq_v1\\monthly_volume_backfill_trades.csv",
    "event_option_gate_dense15_zero_dte_return_valthr_d25_physctx_2023_2026_event_option_gate=research_papers\\JEPA\\results\\event_option_gate_dense15_zero_dte_return_valthr_d25_physctx_2023_2026_qqq_v1\\event_option_gate_trades.csv",
    "event_option_gate_dense15_zero_dte_return_valthr_d35_monthly_backfill1_monthly_volume_backfill=research_papers\\JEPA\\results\\event_option_gate_dense15_zero_dte_return_valthr_d35_monthly_backfill18_max3_2023_2026_qqq_v1\\monthly_volume_backfill_trades.csv",
    "event_option_gate_dense15_zero_dte_return_valthr_d35_physctx_2023_2026_event_option_gate=research_papers\\JEPA\\results\\event_option_gate_dense15_zero_dte_return_valthr_d35_physctx_2023_2026_qqq_v1\\event_option_gate_trades.csv",
    "event_option_gate_dense15_zero_dte_return_valthr_d50_monthly_backfill1_monthly_volume_backfill=research_papers\\JEPA\\results\\event_option_gate_dense15_zero_dte_return_valthr_d50_monthly_backfill18_max3_2023_2026_qqq_v1\\monthly_volume_backfill_trades.csv",
    "event_option_gate_dense15_zero_dte_return_valthr_d50_monthly_backfill1_monthly_volume_backfill=research_papers\\JEPA\\results\\event_option_gate_dense15_zero_dte_return_valthr_d50_monthly_backfill18_max3_2023_2026_spxw_v1\\monthly_volume_backfill_trades.csv",
    "event_option_gate_dense15_zero_dte_return_valthr_d50_monthly_backfill1_monthly_volume_backfill=research_papers\\JEPA\\results\\event_option_gate_dense15_zero_dte_return_valthr_d50_monthly_backfill18_max3_2023_2026_spy_v1\\monthly_volume_backfill_trades.csv",
    "event_option_gate_dense15_zero_dte_return_valthr_d50_physctx_2023_2026_event_option_gate=research_papers\\JEPA\\results\\event_option_gate_dense15_zero_dte_return_valthr_d50_physctx_2023_2026_qqq_v1\\event_option_gate_trades.csv",
    "event_option_gate_dense15_zero_dte_return_valthr_d50_physctx_2023_2026_event_option_gate=research_papers\\JEPA\\results\\event_option_gate_dense15_zero_dte_return_valthr_d50_physctx_2023_2026_spxw_v1\\event_option_gate_trades.csv",
    "event_option_gate_dense15_zero_dte_return_valthr_d50_physctx_2023_2026_event_option_gate=research_papers\\JEPA\\results\\event_option_gate_dense15_zero_dte_return_valthr_d50_physctx_2023_2026_spy_v1\\event_option_gate_trades.csv",
    "event_option_gate_dense15_zero_dte_win_d25_strict_backfill_d50max3_cau_combined=research_papers\\JEPA\\results\\event_option_gate_dense15_zero_dte_win_d25_strict_backfill_d50max3_causal_2023_2026_v1\\combined_trades.csv",
    "event_option_gate_dense15_zero_dte_win_d25_strict_uniform_backfill_d50_combined=research_papers\\JEPA\\results\\event_option_gate_dense15_zero_dte_win_d25_strict_uniform_backfill_d50max3_causal_2023_2026_v1\\combined_trades.csv",
    "event_option_gate_dense15_zero_dte_win_valthr_d25_monthly_backfill18_d_monthly_volume_backfill=research_papers\\JEPA\\results\\event_option_gate_dense15_zero_dte_win_valthr_d25_monthly_backfill18_d25max3_2023_2026_qqq_v1\\monthly_volume_backfill_trades.csv",
    "event_option_gate_dense15_zero_dte_win_valthr_d25_monthly_backfill18_d_monthly_volume_backfill=research_papers\\JEPA\\results\\event_option_gate_dense15_zero_dte_win_valthr_d25_monthly_backfill18_d35max3_2023_2026_qqq_v1\\monthly_volume_backfill_trades.csv",
    "event_option_gate_dense15_zero_dte_win_valthr_d25_monthly_backfill18_d_monthly_volume_backfill=research_papers\\JEPA\\results\\event_option_gate_dense15_zero_dte_win_valthr_d25_monthly_backfill18_d50max3_2023_2026_qqq_v1\\monthly_volume_backfill_trades.csv",
    "event_option_gate_dense15_zero_dte_win_valthr_d25_physctx_2023_2026_qq_event_option_gate=research_papers\\JEPA\\results\\event_option_gate_dense15_zero_dte_win_valthr_d25_physctx_2023_2026_qqq_v1\\event_option_gate_trades.csv",
    "event_option_gate_dense15_zero_dte_win_valthr_d25_physctx_2023_2026_sp_event_option_gate=research_papers\\JEPA\\results\\event_option_gate_dense15_zero_dte_win_valthr_d25_physctx_2023_2026_spxw_v1\\event_option_gate_trades.csv",
    "event_option_gate_dense15_zero_dte_win_valthr_d25_physctx_2023_2026_sp_event_option_gate=research_papers\\JEPA\\results\\event_option_gate_dense15_zero_dte_win_valthr_d25_physctx_2023_2026_spy_v1\\event_option_gate_trades.csv",
    "event_option_gate_dense15_zero_dte_win_valthr_strict_d25_monthly_backf_monthly_volume_backfill=research_papers\\JEPA\\results\\event_option_gate_dense15_zero_dte_win_valthr_strict_d25_monthly_backfill18_d50max3_2023_2026_qqq_v1\\monthly_volume_backfill_trades.csv",
    "event_option_gate_dense15_zero_dte_win_valthr_strict_d25_monthly_backf_monthly_volume_backfill=research_papers\\JEPA\\results\\event_option_gate_dense15_zero_dte_win_valthr_strict_d25_monthly_backfill18_d50max3_2023_2026_spxw_v1\\monthly_volume_backfill_trades.csv",
    "event_option_gate_dense15_zero_dte_win_valthr_strict_d25_monthly_backf_monthly_volume_backfill=research_papers\\JEPA\\results\\event_option_gate_dense15_zero_dte_win_valthr_strict_d25_monthly_backfill18_d50max3_2023_2026_spy_v1\\monthly_volume_backfill_trades.csv",
    "event_option_gate_dense15_zero_dte_win_valthr_strict_d25_physctx_2023__event_option_gate=research_papers\\JEPA\\results\\event_option_gate_dense15_zero_dte_win_valthr_strict_d25_physctx_2023_2026_qqq_v1\\event_option_gate_trades.csv",
    "event_option_gate_dense15_zero_dte_win_valthr_strict_d25_physctx_2023__event_option_gate=research_papers\\JEPA\\results\\event_option_gate_dense15_zero_dte_win_valthr_strict_d25_physctx_2023_2026_spxw_v1\\event_option_gate_trades.csv",
    "event_option_gate_dense15_zero_dte_win_valthr_strict_d25_physctx_2023__event_option_gate=research_papers\\JEPA\\results\\event_option_gate_dense15_zero_dte_win_valthr_strict_d25_physctx_2023_2026_spy_v1\\event_option_gate_trades.csv",
    "event_option_gate_dense15_zero_dte_win_valthr_wr45_d25_monthly_backfil_monthly_volume_backfill=research_papers\\JEPA\\results\\event_option_gate_dense15_zero_dte_win_valthr_wr45_d25_monthly_backfill18_d50max3_2023_2026_qqq_v1\\monthly_volume_backfill_trades.csv",
    "event_option_gate_dense15_zero_dte_win_valthr_wr45_d25_monthly_backfil_monthly_volume_backfill=research_papers\\JEPA\\results\\event_option_gate_dense15_zero_dte_win_valthr_wr45_d25_monthly_backfill18_d50max3_2023_2026_spxw_v1\\monthly_volume_backfill_trades.csv",
    "event_option_gate_dense15_zero_dte_win_valthr_wr45_d25_monthly_backfil_monthly_volume_backfill=research_papers\\JEPA\\results\\event_option_gate_dense15_zero_dte_win_valthr_wr45_d25_monthly_backfill18_d50max3_2023_2026_spy_v1\\monthly_volume_backfill_trades.csv",
    "event_option_gate_dense15_zero_dte_win_valthr_wr45_d25_physctx_2023_20_event_option_gate=research_papers\\JEPA\\results\\event_option_gate_dense15_zero_dte_win_valthr_wr45_d25_physctx_2023_2026_qqq_v1\\event_option_gate_trades.csv",
    "event_option_gate_dense15_zero_dte_win_valthr_wr45_d25_physctx_2023_20_event_option_gate=research_papers\\JEPA\\results\\event_option_gate_dense15_zero_dte_win_valthr_wr45_d25_physctx_2023_2026_spxw_v1\\event_option_gate_trades.csv",
    "event_option_gate_dense15_zero_dte_win_valthr_wr45_d25_physctx_2023_20_event_option_gate=research_papers\\JEPA\\results\\event_option_gate_dense15_zero_dte_win_valthr_wr45_d25_physctx_2023_2026_spy_v1\\event_option_gate_trades.csv"
  ],
  "output_dir": "research_papers\\JEPA\\results\\_diagnostics\\outer_stream_selector_dense15_param_scan_2025_202604\\s6_m18_vw0p1\\qqq",
  "ticker": "QQQ",
  "history_start_month": "202301",
  "start_month": "202501",
  "end_month": "202604",
  "select_months": 6,
  "frozen_select_start_month": "",
  "frozen_select_end_month": "",
  "risk_capital": 5000.0,
  "min_select_trades": 108,
  "min_select_month_trades": 18,
  "min_select_win_rate": 0.45,
  "min_select_pf": 1.3,
  "require_select_positive_months": false,
  "min_call_rate": 0.2,
  "max_call_rate": 0.8,
  "score_pf_weight": 3.0,
  "score_pf_cap": 4.0,
  "score_win_weight": 20.0,
  "score_return_weight": 0.1,
  "score_positive_month_weight": 4.0,
  "score_volume_weight": 0.1,
  "max_select_top5_share": Infinity,
  "max_select_drawdown_to_pnl": Infinity
}
```
