[EVENT_GATE] SPY 202508 cfg=thr0.300_maxday3 val_pf=1.229 test_trades=14 test_pf=0.471 test_ret=-2.86
[EVENT_GATE] SPY 202509 cfg=thr-0.100_maxday1 val_pf=1.146 test_trades=21 test_pf=0.866 test_ret=-0.88
[EVENT_GATE] SPY 202510 cfg=thr0.200_maxday3 val_pf=1.403 test_trades=48 test_pf=0.960 test_ret=-0.55
[EVENT_GATE] SPY 202511 cfg=thr0.318_maxday2 val_pf=1.529 test_trades=29 test_pf=1.962 test_ret=6.92
[EVENT_GATE] SPY 202512 cfg=thr0.200_maxday3 val_pf=1.404 test_trades=50 test_pf=1.565 test_ret=7.12
[EVENT_GATE] SPY 202601 cfg=thr0.004_maxday3 val_pf=1.253 test_trades=57 test_pf=2.193 test_ret=12.37
[EVENT_GATE] SPY 202602 cfg=thr0.400_maxday3 val_pf=1.321 test_trades=54 test_pf=0.929 test_ret=-1.33
[EVENT_GATE] SPY 202603 cfg=thr0.000_maxday2 val_pf=1.536 test_trades=44 test_pf=1.513 test_ret=5.25
[EVENT_GATE] SPY 202604 cfg=thr-0.200_maxday3 val_pf=1.525 test_trades=54 test_pf=0.918 test_ret=-1.49
[EVENT_GATE] SPY 202605 cfg=thr0.100_maxday3 val_pf=1.475 test_trades=59 test_pf=0.660 test_ret=-6.93
[EVENT_GATE] SPY 202606 cfg=thr-999.000_maxday3 val_pf=1.376 test_trades=59 test_pf=1.524 test_ret=8.17
# Event Option Gate Walk-Forward

Causal diagnostic over event-level option-chain features. Models predict CALL/PUT option returns; thresholds are selected only on prior validation months.

## Overall

```json
{
  "trades": 489,
  "win_rate": 0.5194274028629857,
  "profit_factor": 1.1855906676252714,
  "pnl_return": 25.79785936362214,
  "avg_return": 0.05275635861681419,
  "max_drawdown": -16.87984890050687,
  "call_rate": 0.21063394683026584,
  "days_with_trades": 200,
  "daily_win_rate": 0.5,
  "median_daily_return": 0.0026818833948719645,
  "daily_max_drawdown": -15.854498273997716,
  "top5_day_return": 19.266352652206855,
  "top5_share_of_pnl": 0.7468198186774582,
  "min_month_trades": 0,
  "positive_month_rate": 0.3333333333333333
}
```

## Per Ticker

```json
{
  "SPY": {
    "trades": 489,
    "win_rate": 0.5194274028629857,
    "profit_factor": 1.1855906676252714,
    "pnl_return": 25.79785936362214,
    "avg_return": 0.05275635861681419,
    "max_drawdown": -16.87984890050687,
    "call_rate": 0.21063394683026584,
    "days_with_trades": 200,
    "daily_win_rate": 0.5,
    "median_daily_return": 0.0026818833948719645,
    "daily_max_drawdown": -15.854498273997716,
    "top5_day_return": 19.266352652206855,
    "top5_share_of_pnl": 0.7468198186774582,
    "min_month_trades": 0,
    "positive_month_rate": 0.3333333333333333
  }
}
```

## Fold Configs

```csv
ticker,month,test_month,train_months,train_month_max,first_val_month,val_months,val_month_max,deploy_config,train_rows,val_rows,test_rows,val_score,abstained_invalid_val,val_trades,val_win_rate,val_profit_factor,val_pnl_return,val_avg_return,val_max_drawdown,val_call_rate,val_days_with_trades,val_daily_win_rate,val_median_daily_return,val_daily_max_drawdown,val_top5_day_return,val_top5_share_of_pnl,val_min_month_trades,val_positive_month_rate,test_trades,test_win_rate,test_profit_factor,test_pnl_return,test_avg_return,test_max_drawdown,test_call_rate,test_days_with_trades,test_daily_win_rate,test_median_daily_return,test_daily_max_drawdown,test_top5_day_return,test_top5_share_of_pnl,test_min_month_trades,test_positive_month_rate

SPY,202508,202508,202501,202501,202502,"202502,202503,202504,202505,202506,202507",202507,thr0.300_maxday3,740,4461,786,5.240033818465693,False,225,0.5333333333333333,1.2286810548027802,14.008304064266245,0.06225912917451664,-9.188002683553751,0.32,92,0.5217391304347826,0.2642506619362706,-8.588002683553754,11.592699596620585,0.8275591066153668,15,0.8333333333333334,14,0.35714285714285715,0.47094897985691614,-2.856875508772653,-0.2040625363409038,-3.090963774091498,0.07142857142857142,8,0.25,-0.6,-3.090963774091498,0.23408826531884475,-0.08193856001076218,14,0.0

SPY,202509,202509,"202501,202502",202502,202503,"202503,202504,202505,202506,202507,202508",202508,thr-0.100_maxday1,1373,4614,820,4.396620103620312,False,125,0.528,1.146392316826314,4.889355705441874,0.03911484564353499,-6.1333715669939535,0.472,125,0.528,0.2666666501098216,-6.1333715669939535,8.335697557010718,1.7048662562498882,20,0.6666666666666666,21,0.47619047619047616,0.8664756416471293,-0.881260765128947,-0.04196479833947367,-1.7999999999999998,0.5238095238095238,21,0.47619047619047616,-0.6,-1.7999999999999998,4.058812516602119,-4.605688437755684,21,0.0

SPY,202510,202510,"202501,202502,202503",202503,202504,"202504,202505,202506,202507,202508,202509",202509,thr0.200_maxday3,2094,4713,852,7.919424312203235,False,306,0.5522875816993464,1.4025299727934104,32.16080136491796,0.10510065805528744,-7.516521615307845,0.3235294117647059,117,0.6068376068376068,0.38888885724691835,-7.415072349960987,19.290785977597935,0.599822926012066,43,1.0,48,0.5,0.9600817007044274,-0.5510136556612961,-0.011479451159610335,-5.152301765393809,0.041666666666666664,18,0.5,-0.04046601163865321,-4.55230176539381,9.603711137637559,-17.429170836268504,48,0.0

SPY,202511,202511,"202501,202502,202503,202504",202504,202505,"202505,202506,202507,202508,202509,202510",202510,thr0.318_maxday2,2740,4919,647,7.518236413971827,False,174,0.5632183908045977,1.528720624356026,23.979349539806716,0.13781235367705008,-4.101630199534986,0.1724137931034483,95,0.5263157894736842,0.10081972018649032,-3.8179399606524864,16.20893463847574,0.6759538915585777,24,0.8333333333333334,29,0.5862068965517241,1.961770272188332,6.92474595975599,0.2387843434398617,-2.9999999999999982,0.20689655172413793,16,0.5625,0.4063096810257402,-2.999999999999999,10.424328804153651,1.5053734627574666,29,1.0

SPY,202512,202512,"202501,202502,202503,202504,202505",202505,202506,"202506,202507,202508,202509,202510,202511",202511,thr0.200_maxday3,3554,4752,847,6.513012228113638,False,313,0.536741214057508,1.403701338584501,34.17997372739801,0.10920119401724603,-14.782873214451074,0.23322683706070288,118,0.5508474576271186,0.19438284386806798,-14.782873214451026,25.244713403889453,0.7385820014148746,49,0.8333333333333334,50,0.58,1.5649900411270066,7.1188745182002835,0.14237749036400568,-4.800000000000001,0.22,18,0.6111111111111112,0.4882317855464687,-3.8412088653457097,8.734364506777512,1.2269305329721754,50,1.0

SPY,202601,202601,"202501,202502,202503,202504,202505,202506",202506,202507,"202507,202508,202509,202510,202511,202512",202512,thr0.004_maxday3,4331,4822,779,6.52091644411945,False,374,0.5187165775401069,1.2528939295246484,26.267513964317327,0.0702339945569982,-10.214658696879747,0.4786096256684492,126,0.5317460317460317,0.2521458388486011,-9.278944363725032,21.065922842831718,0.8019762689171261,54,0.8333333333333334,57,0.6842105263157895,2.1928781120680756,12.37321109077263,0.21707387878548473,-1.4871414072952929,0.5087719298245614,19,0.8421052631578947,0.8345367364424016,-1.425925958303754,7.514359022818747,0.6073087226663909,57,1.0

SPY,202602,202602,"202501,202502,202503,202504,202505,202506,202507",202507,202508,"202508,202509,202510,202511,202512,202601",202601,thr0.400_maxday3,5201,4731,615,7.183426982110444,False,318,0.5377358490566038,1.3213037318061187,27.731566144960425,0.0872061828457875,-7.718929527954479,0.018867924528301886,114,0.5526315789473685,0.23485445375349756,-7.118929527954457,18.952742379398543,0.6834357021283044,45,0.8333333333333334,54,0.42592592592592593,0.9285176657231919,-1.3251300013315124,-0.02453944446910208,-6.235235409850443,0.0,19,0.3684210526315789,-0.8666667494508922,-5.011172112714043,10.043292426424024,-7.579099723296853,54,0.0

SPY,202603,202603,"202501,202502,202503,202504,202505,202506,202507,202508",202508,202509,"202509,202510,202511,202512,202601,202602",202602,thr0.000_maxday2,5987,4560,799,8.611473411469213,False,247,0.5870445344129555,1.535678271305052,32.45169348198368,0.13138337442098658,-4.53061182101154,0.46153846153846156,124,0.5080645161290323,0.023927373923192108,-4.530611821011522,17.271056546344017,0.532208174464992,37,1.0,44,0.5909090909090909,1.5130273708633142,5.2461936568517755,0.11923167401935854,-1.9104558934415699,0.4090909090909091,22,0.4090909090909091,-0.1865111096240778,-1.6468359013510674,7.27528064053241,1.3867731762113948,44,1.0

SPY,202604,202604,"202501,202502,202503,202504,202505,202506,202507,202508,202509",202509,202510,"202510,202511,202512,202601,202602,202603",202603,thr-0.200_maxday3,6807,4539,689,10.1969178674075,False,371,0.5714285714285714,1.52543367158187,48.686142119293834,0.13122949358300226,-5.572184881243803,0.29649595687331537,125,0.608,0.32277300140464027,-4.872780089939731,22.185626776888203,0.45568668641946597,55,1.0,54,0.42592592592592593,0.9184446737973706,-1.4895388736875885,-0.027584053216436824,-7.376468779947125,0.2222222222222222,18,0.4444444444444444,-0.4762463088242921,-6.642294513479254,10.93240165551634,-7.3394537387610805,54,0.0

SPY,202605,202605,"202501,202502,202503,202504,202505,202506,202507,202508,202509,202510",202510,202511,"202511,202512,202601,202602,202603,202604",202604,thr0.100_maxday3,7659,4376,775,9.26525838910937,False,339,0.5634218289085545,1.4748246828248404,41.44933931648309,0.12226943751174953,-6.106048726659175,0.20353982300884957,119,0.6050420168067226,0.31803267155242343,-5.640922110445526,22.371542443817305,0.5397321842213502,49,1.0,59,0.423728813559322,0.6603502027829493,-6.92885586322783,-0.11743823496996322,-8.34103230034335,0.13559322033898305,20,0.35,-0.7293148747137148,-7.885522477547596,6.670454720377358,-0.9627065206794336,59,0.0

SPY,202606,202606,"202501,202502,202503,202504,202505,202506,202507,202508,202509,202510,202511",202511,202512,"202512,202601,202602,202603,202604,202605",202605,thr-999.000_maxday3,8306,4504,724,8.202866337538632,False,362,0.5441988950276243,1.375511145333687,36.284307014266865,0.1002328923046046,-8.368417697808692,0.2900552486187845,121,0.6033057851239669,0.3000401246838834,-8.368417697808628,23.341150901850376,0.6432850127927954,54,1.0,59,0.559322033898305,1.5235582567853396,8.167508805851297,0.1384323526415474,-3.987788102485954,0.0847457627118644,21,0.5714285714285714,0.45726843758612257,-3.2071428745203034,12.561938987059373,1.5380380095898833,59,1.0


```

## Config

```json
{
  "args": {
    "data": "research_papers/JEPA/results/_diagnostics/event_option_dataset_spxw_spy_qqq_zero_dte_dense15_202501_202606_minhold30_sl60_trail050_025_tp1000_v1_physics/event_option_dataset.parquet",
    "output_dir": "research_papers\\JEPA\\results\\_diagnostics\\event_option_mh30trail_clean1000_nopool_d35_return_wf202504_202606_v1_SPY",
    "tickers": [
      "SPY"
    ],
    "train_tickers": [],
    "expiry_modes": [],
    "start_month": "202504",
    "end_month": "202606",
    "val_months": 6,
    "pooled_train": false,
    "delta_bucket": 35,
    "label_mode": "return",
    "clip_return": 5.0,
    "min_train_rows": 500,
    "min_val_rows": 30,
    "min_val_trades": 30,
    "min_month_trades": 3,
    "min_val_pf": 0.0,
    "min_val_win_rate": 0.0,
    "min_val_positive_month_rate": 0.0,
    "min_val_daily_win_rate": 0.0,
    "min_val_median_daily_return": -Infinity,
    "max_val_top5_share": Infinity,
    "max_val_daily_drawdown": Infinity,
    "min_call_rate": 0.0,
    "max_call_rate": 1.0,
    "cooldown_minutes": 30,
    "objective": "regression_l1",
    "n_estimators": 160,
    "learning_rate": 0.035,
    "num_leaves": 31,
    "min_child_samples": 60,
    "subsample": 0.85,
    "colsample_bytree": 0.85,
    "reg_lambda": 5.0,
    "lgb_jobs": 4,
    "threshold_grid": [
      -999.0,
      -0.2,
      -0.1,
      0.0,
      0.05,
      0.1,
      0.2,
      0.3,
      0.4,
      0.5,
      0.75,
      1.0
    ],
    "threshold_quantiles": [
      0.3,
      0.5,
      0.7,
      0.85,
      0.95,
      0.98
    ],
    "max_day_grid": [
      1,
      2,
      3
    ],
    "feature_include_prefixes": [],
    "feature_exclude_prefixes": [],
    "live_observable_features_only": true,
    "entry_time_min_et": "10:00",
    "allow_invalid_val_deploy": false,
    "deploy_month": "",
    "deploy_select_end_month": "",
    "export_deploy_model": false,
    "exclude_months": [],
    "skip_walkforward": false,
    "resume": true,
    "seed": 20260617
  },
  "feature_count": 243,
  "features": [
    "dte_days",
    "minute",
    "spot",
    "underlying_volume",
    "ret_1m_bps",
    "ret_5m_bps",
    "ret_15m_bps",
    "ret_30m_bps",
    "call_d15_available",
    "call_d15_strike_bps",
    "call_d15_abs_delta",
    "call_d15_iv",
    "call_d15_mid_bps",
    "call_d15_spread_pct",
    "call_d15_theta_over_mid",
    "call_d15_vega",
    "call_d15_oi",
    "call_d15_volume",
    "put_d15_available",
    "put_d15_strike_bps",
    "put_d15_abs_delta",
    "put_d15_iv",
    "put_d15_mid_bps",
    "put_d15_spread_pct",
    "put_d15_theta_over_mid",
    "put_d15_vega",
    "put_d15_oi",
    "put_d15_volume",
    "call_d25_available",
    "call_d25_strike_bps",
    "call_d25_abs_delta",
    "call_d25_iv",
    "call_d25_mid_bps",
    "call_d25_spread_pct",
    "call_d25_theta_over_mid",
    "call_d25_vega",
    "call_d25_oi",
    "call_d25_volume",
    "put_d25_available",
    "put_d25_strike_bps",
    "put_d25_abs_delta",
    "put_d25_iv",
    "put_d25_mid_bps",
    "put_d25_spread_pct",
    "put_d25_theta_over_mid",
    "put_d25_vega",
    "put_d25_oi",
    "put_d25_volume",
    "call_d35_available",
    "call_d35_strike_bps",
    "call_d35_abs_delta",
    "call_d35_iv",
    "call_d35_mid_bps",
    "call_d35_spread_pct",
    "call_d35_theta_over_mid",
    "call_d35_vega",
    "call_d35_oi",
    "call_d35_volume",
    "put_d35_available",
    "put_d35_strike_bps",
    "put_d35_abs_delta",
    "put_d35_iv",
    "put_d35_mid_bps",
    "put_d35_spread_pct",
    "put_d35_theta_over_mid",
    "put_d35_vega",
    "put_d35_oi",
    "put_d35_volume",
    "call_d50_available",
    "call_d50_strike_bps",
    "call_d50_abs_delta",
    "call_d50_iv",
    "call_d50_mid_bps",
    "call_d50_spread_pct",
    "call_d50_theta_over_mid",
    "call_d50_vega",
    "call_d50_oi",
    "call_d50_volume",
    "put_d50_available",
    "put_d50_strike_bps",
    "put_d50_abs_delta",
    "put_d50_iv",
    "put_d50_mid_bps",
    "put_d50_spread_pct",
    "put_d50_theta_over_mid",
    "put_d50_vega",
    "put_d50_oi",
    "put_d50_volume",
    "call_d65_available",
    "call_d65_strike_bps",
    "call_d65_abs_delta",
    "call_d65_iv",
    "call_d65_mid_bps",
    "call_d65_spread_pct",
    "call_d65_theta_over_mid",
    "call_d65_vega",
    "call_d65_oi",
    "call_d65_volume",
    "put_d65_available",
    "put_d65_strike_bps",
    "put_d65_abs_delta",
    "put_d65_iv",
    "put_d65_mid_bps",
    "put_d65_spread_pct",
    "put_d65_theta_over_mid",
    "put_d65_vega",
    "put_d65_oi",
    "put_d65_volume",
    "call_d80_available",
    "call_d80_strike_bps",
    "call_d80_abs_delta",
    "call_d80_iv",
    "call_d80_mid_bps",
    "call_d80_spread_pct",
    "call_d80_theta_over_mid",
    "call_d80_vega",
    "call_d80_oi",
    "call_d80_volume",
    "put_d80_available",
    "put_d80_strike_bps",
    "put_d80_abs_delta",
    "put_d80_iv",
    "put_d80_mid_bps",
    "put_d80_spread_pct",
    "put_d80_theta_over_mid",
    "put_d80_vega",
    "put_d80_oi",
    "put_d80_volume",
    "phys_d15_iv_skew_put_minus_call",
    "phys_d15_iv_mean",
    "phys_d15_volume_skew_call_minus_put",
    "phys_d15_oi_skew_call_minus_put",
    "phys_d15_mid_skew_call_minus_put",
    "phys_d15_spread_mean",
    "phys_d15_theta_skew_call_minus_put",
    "phys_d15_vega_skew_call_minus_put",
    "phys_d15_abs_delta_gap",
    "phys_d15_liquidity_score",
    "phys_d25_iv_skew_put_minus_call",
    "phys_d25_iv_mean",
    "phys_d25_volume_skew_call_minus_put",
    "phys_d25_oi_skew_call_minus_put",
    "phys_d25_mid_skew_call_minus_put",
    "phys_d25_spread_mean",
    "phys_d25_theta_skew_call_minus_put",
    "phys_d25_vega_skew_call_minus_put",
    "phys_d25_abs_delta_gap",
    "phys_d25_liquidity_score",
    "phys_d35_iv_skew_put_minus_call",
    "phys_d35_iv_mean",
    "phys_d35_volume_skew_call_minus_put",
    "phys_d35_oi_skew_call_minus_put",
    "phys_d35_mid_skew_call_minus_put",
    "phys_d35_spread_mean",
    "phys_d35_theta_skew_call_minus_put",
    "phys_d35_vega_skew_call_minus_put",
    "phys_d35_abs_delta_gap",
    "phys_d35_liquidity_score",
    "phys_d50_iv_skew_put_minus_call",
    "phys_d50_iv_mean",
    "phys_d50_volume_skew_call_minus_put",
    "phys_d50_oi_skew_call_minus_put",
    "phys_d50_mid_skew_call_minus_put",
    "phys_d50_spread_mean",
    "phys_d50_theta_skew_call_minus_put",
    "phys_d50_vega_skew_call_minus_put",
    "phys_d50_abs_delta_gap",
    "phys_d50_liquidity_score",
    "phys_d65_iv_skew_put_minus_call",
    "phys_d65_iv_mean",
    "phys_d65_volume_skew_call_minus_put",
    "phys_d65_oi_skew_call_minus_put",
    "phys_d65_mid_skew_call_minus_put",
    "phys_d65_spread_mean",
    "phys_d65_theta_skew_call_minus_put",
    "phys_d65_vega_skew_call_minus_put",
    "phys_d65_abs_delta_gap",
    "phys_d65_liquidity_score",
    "phys_d80_iv_skew_put_minus_call",
    "phys_d80_iv_mean",
    "phys_d80_volume_skew_call_minus_put",
    "phys_d80_oi_skew_call_minus_put",
    "phys_d80_mid_skew_call_minus_put",
    "phys_d80_spread_mean",
    "phys_d80_theta_skew_call_minus_put",
    "phys_d80_vega_skew_call_minus_put",
    "phys_d80_abs_delta_gap",
    "phys_d80_liquidity_score",
    "phys_total_volume_skew_call_minus_put",
    "phys_total_oi_skew_call_minus_put",
    "phys_total_option_volume_log",
    "phys_total_option_oi_log",
    "phys_call_iv_slope_low_to_high",
    "phys_put_iv_slope_low_to_high",
    "phys_call_mid_slope_low_to_high",
    "phys_put_mid_slope_low_to_high",
    "phys_momentum_accel_ret_1m_bps_minus_ret_5m_bps",
    "phys_abs_ret_1m_bps",
    "phys_momentum_accel_ret_5m_bps_minus_ret_15m_bps",
    "phys_abs_ret_5m_bps",
    "phys_momentum_accel_ret_15m_bps_minus_ret_30m_bps",
    "phys_abs_ret_15m_bps",
    "phys_abs_ret_30m_bps",
    "ctx_spx_spot",
    "ctx_spx_ret_1m_bps",
    "ctx_spx_ret_1m_bps_minus_self",
    "ctx_spx_ret_5m_bps",
    "ctx_spx_ret_5m_bps_minus_self",
    "ctx_spx_ret_15m_bps",
    "ctx_spx_ret_15m_bps_minus_self",
    "ctx_spx_ret_30m_bps",
    "ctx_spx_ret_30m_bps_minus_self",
    "ctx_spx_phys_d35_iv_skew_put_minus_call",
    "ctx_spx_phys_total_volume_skew_call_minus_put",
    "ctx_spx_phys_total_oi_skew_call_minus_put",
    "ctx_spy_spot",
    "ctx_spy_ret_1m_bps",
    "ctx_spy_ret_1m_bps_minus_self",
    "ctx_spy_ret_5m_bps",
    "ctx_spy_ret_5m_bps_minus_self",
    "ctx_spy_ret_15m_bps",
    "ctx_spy_ret_15m_bps_minus_self",
    "ctx_spy_ret_30m_bps",
    "ctx_spy_ret_30m_bps_minus_self",
    "ctx_spy_phys_d35_iv_skew_put_minus_call",
    "ctx_spy_phys_total_volume_skew_call_minus_put",
    "ctx_spy_phys_total_oi_skew_call_minus_put",
    "ctx_qqq_spot",
    "ctx_qqq_ret_1m_bps",
    "ctx_qqq_ret_1m_bps_minus_self",
    "ctx_qqq_ret_5m_bps",
    "ctx_qqq_ret_5m_bps_minus_self",
    "ctx_qqq_ret_15m_bps",
    "ctx_qqq_ret_15m_bps_minus_self",
    "ctx_qqq_ret_30m_bps",
    "ctx_qqq_ret_30m_bps_minus_self",
    "ctx_qqq_phys_d35_iv_skew_put_minus_call",
    "ctx_qqq_phys_total_volume_skew_call_minus_put",
    "ctx_qqq_phys_total_oi_skew_call_minus_put",
    "ctx_spy_qqq_ret_5m_spread",
    "ctx_spx_spy_ret_5m_spread",
    "ticker_SPY",
    "expiry_mode_zero_dte"
  ],
  "grid": [
    {
      "threshold": -999.0,
      "max_trades_per_day": 1
    },
    {
      "threshold": -999.0,
      "max_trades_per_day": 2
    },
    {
      "threshold": -999.0,
      "max_trades_per_day": 3
    },
    {
      "threshold": -0.2,
      "max_trades_per_day": 1
    },
    {
      "threshold": -0.2,
      "max_trades_per_day": 2
    },
    {
      "threshold": -0.2,
      "max_trades_per_day": 3
    },
    {
      "threshold": -0.1,
      "max_trades_per_day": 1
    },
    {
      "threshold": -0.1,
      "max_trades_per_day": 2
    },
    {
      "threshold": -0.1,
      "max_trades_per_day": 3
    },
    {
      "threshold": 0.0,
      "max_trades_per_day": 1
    },
    {
      "threshold": 0.0,
      "max_trades_per_day": 2
    },
    {
      "threshold": 0.0,
      "max_trades_per_day": 3
    },
    {
      "threshold": 0.05,
      "max_trades_per_day": 1
    },
    {
      "threshold": 0.05,
      "max_trades_per_day": 2
    },
    {
      "threshold": 0.05,
      "max_trades_per_day": 3
    },
    {
      "threshold": 0.1,
      "max_trades_per_day": 1
    },
    {
      "threshold": 0.1,
      "max_trades_per_day": 2
    },
    {
      "threshold": 0.1,
      "max_trades_per_day": 3
    },
    {
      "threshold": 0.2,
      "max_trades_per_day": 1
    },
    {
      "threshold": 0.2,
      "max_trades_per_day": 2
    },
    {
      "threshold": 0.2,
      "max_trades_per_day": 3
    },
    {
      "threshold": 0.3,
      "max_trades_per_day": 1
    },
    {
      "threshold": 0.3,
      "max_trades_per_day": 2
    },
    {
      "threshold": 0.3,
      "max_trades_per_day": 3
    },
    {
      "threshold": 0.4,
      "max_trades_per_day": 1
    },
    {
      "threshold": 0.4,
      "max_trades_per_day": 2
    },
    {
      "threshold": 0.4,
      "max_trades_per_day": 3
    },
    {
      "threshold": 0.5,
      "max_trades_per_day": 1
    },
    {
      "threshold": 0.5,
      "max_trades_per_day": 2
    },
    {
      "threshold": 0.5,
      "max_trades_per_day": 3
    },
    {
      "threshold": 0.75,
      "max_trades_per_day": 1
    },
    {
      "threshold": 0.75,
      "max_trades_per_day": 2
    },
    {
      "threshold": 0.75,
      "max_trades_per_day": 3
    },
    {
      "threshold": 1.0,
      "max_trades_per_day": 1
    },
    {
      "threshold": 1.0,
      "max_trades_per_day": 2
    },
    {
      "threshold": 1.0,
      "max_trades_per_day": 3
    }
  ],
  "data_rows": 13534
}
```
