[EVENT_GATE] QQQ 202601 cfg=thr-999.000_maxday3 val_pf=1.126 test_trades=60 test_pf=0.719 test_ret=-3.52
[EVENT_GATE] QQQ 202602 cfg=thr-999.000_maxday3 val_pf=1.030 test_trades=57 test_pf=0.715 test_ret=-3.39
[EVENT_GATE] QQQ 202603 cfg=thr-999.000_maxday3 val_pf=1.035 test_trades=66 test_pf=1.882 test_ret=8.20
[EVENT_GATE] QQQ 202604 cfg=thr-999.000_maxday3 val_pf=1.112 test_trades=51 test_pf=1.264 test_ret=2.30
[EVENT_GATE] QQQ 202605 cfg=thr-999.000_maxday3 val_pf=1.330 test_trades=54 test_pf=0.528 test_ret=-5.80
[EVENT_GATE] QQQ 202606 cfg=thr-999.000_maxday3 val_pf=0.982 test_trades=56 test_pf=0.556 test_ret=-5.60
# Event Option Gate Walk-Forward

Causal diagnostic over event-level option-chain features. Models predict CALL/PUT option returns; thresholds are selected only on prior validation months.

## Overall

```json
{
  "trades": 344,
  "win_rate": 0.34593023255813954,
  "profit_factor": 0.8839328162150997,
  "pnl_return": -7.812808064726332,
  "avg_return": -0.02271165135094864,
  "max_drawdown": -13.099999999999987,
  "call_rate": 0.34593023255813954,
  "days_with_trades": 115,
  "daily_win_rate": 0.2956521739130435,
  "median_daily_return": -0.09999999999999998,
  "daily_max_drawdown": -12.7,
  "top5_day_return": 7.5,
  "top5_share_of_pnl": -0.9599621464990783,
  "min_month_trades": 51,
  "positive_month_rate": 0.3333333333333333
}
```

## Per Ticker

```json
{
  "QQQ": {
    "trades": 344,
    "win_rate": 0.34593023255813954,
    "profit_factor": 0.8839328162150997,
    "pnl_return": -7.812808064726332,
    "avg_return": -0.02271165135094864,
    "max_drawdown": -13.099999999999987,
    "call_rate": 0.34593023255813954,
    "days_with_trades": 115,
    "daily_win_rate": 0.2956521739130435,
    "median_daily_return": -0.09999999999999998,
    "daily_max_drawdown": -12.7,
    "top5_day_return": 7.5,
    "top5_share_of_pnl": -0.9599621464990783,
    "min_month_trades": 51,
    "positive_month_rate": 0.3333333333333333
  }
}
```

## Fold Configs

```csv
ticker,month,deploy_config,val_months,train_rows,val_rows,test_rows,val_score,abstained_invalid_val,val_trades,val_win_rate,val_profit_factor,val_pnl_return,val_avg_return,val_max_drawdown,val_call_rate,val_days_with_trades,val_daily_win_rate,val_median_daily_return,val_daily_max_drawdown,val_top5_day_return,val_top5_share_of_pnl,val_min_month_trades,val_positive_month_rate,test_trades,test_win_rate,test_profit_factor,test_pnl_return,test_avg_return,test_max_drawdown,test_call_rate,test_days_with_trades,test_daily_win_rate,test_median_daily_return,test_daily_max_drawdown,test_top5_day_return,test_top5_share_of_pnl,test_min_month_trades,test_positive_month_rate

QQQ,202601,thr-999.000_maxday3,"202507,202508,202509,202510,202511,202512",46091,2412,380,5.644826012055663,False,384,0.4036458333333333,1.1258062380570257,8.5674643526584,0.022311105085047914,-4.1,0.033854166666666664,128,0.40625,-0.09999999999999998,-3.7290673255935616,7.5,0.87540486791437,57,0.6666666666666666,60,0.3,0.7188713015190868,-3.5196262265326226,-0.05866043710887704,-6.1999999999999975,0.03333333333333333,20,0.25,-0.09999999999999998,-6.0,5.1803737734673785,-1.4718533844347585,60,0.0

QQQ,202602,thr-999.000_maxday3,"202508,202509,202510,202511,202512,202601",47326,2380,361,4.268619606227049,False,378,0.3835978835978836,1.0304713714595337,2.1192440757520847,0.005606465808867949,-6.199999999999996,0.007936507936507936,126,0.36507936507936506,-0.09999999999999998,-6.199999999999998,7.5,3.5389977425504298,57,0.5,57,0.2982456140350877,0.714695202313576,-3.393181838193708,-0.05952950593322295,-4.393181838193707,0.0,19,0.2631578947368421,-0.09999999999999998,-3.893181838193708,4.300000000000001,-1.2672471459086374,57,0.0

QQQ,202603,thr-999.000_maxday3,"202509,202510,202511,202512,202601,202602",48523,2342,418,4.3204202539361445,False,372,0.3844086021505376,1.0354270357244406,2.419278522031873,0.006503436887182455,-6.091674072207201,0.6075268817204301,124,0.3548387096774194,-0.09999999999999998,-5.2916740722072,7.5,3.100097790187876,57,0.5,66,0.5303030303030303,1.8817204301075263,8.2,0.12424242424242424,-1.5999999999999988,0.6363636363636364,22,0.5454545454545454,0.7,-1.0999999999999996,5.9,0.7195121951219513,66,1.0

QQQ,202604,thr-999.000_maxday3,"202510,202511,202512,202601,202602,202603",49720,2361,323,4.7169542909650914,False,375,0.4026666666666667,1.1120500913350075,7.5072451771024085,0.02001932047227309,-7.225312952116905,0.4026666666666667,125,0.384,-0.09999999999999998,-6.592754822897591,7.5,0.9990349086873429,57,0.5,51,0.43137254901960786,1.2643678160919538,2.3000000000000007,0.04509803921568629,-3.0999999999999988,0.39215686274509803,17,0.35294117647058826,-0.09999999999999998,-2.4000000000000004,4.300000000000001,1.869565217391304,51,1.0

QQQ,202605,thr-999.000_maxday3,"202511,202512,202601,202602,202603,202604",51029,2248,342,7.438036177388231,False,357,0.44537815126050423,1.3295351385245877,19.547901245787195,0.05475602589856357,-3.4999999999999956,0.5294117647058824,119,0.42857142857142855,-0.09999999999999998,-3.0999999999999996,7.5,0.38367290205214943,51,1.0,54,0.24074074074074073,0.5284552845528455,-5.799999999999999,-0.10740740740740738,-5.799999999999995,0.4074074074074074,18,0.1111111111111111,-0.09999999999999998,-5.799999999999999,1.0999999999999996,-0.18965517241379307,54,0.0

QQQ,202606,thr-999.000_maxday3,"202512,202601,202602,202603,202604,202605",52092,2236,344,3.266553073960187,False,354,0.3700564971751412,0.981820461468964,-1.2128080647263308,-0.0034260114822777707,-8.199999999999994,0.4378531073446328,118,0.3474576271186441,-0.09999999999999998,-7.999999999999998,7.5,-6.183995817749092,51,0.3333333333333333,56,0.25,0.5555555555555555,-5.6000000000000005,-0.1,-6.599999999999998,0.5892857142857143,19,0.21052631578947367,-0.09999999999999998,-6.299999999999998,2.1999999999999997,-0.3928571428571428,56,0.0


```

## Config

```json
{
  "args": {
    "data": "research_papers\\JEPA\\results\\event_option_dataset_spxw_spy_qqq_zero_dte_dense15_2022_20260630_full_v1_physics\\event_option_dataset.parquet",
    "output_dir": "research_papers\\JEPA\\results\\_diagnostics\\event_option_gate_dense15_zero_dte_return_forcedmax3_d50_physctx_wf2026_fullmayjun_qqq_v1",
    "tickers": [
      "QQQ"
    ],
    "train_tickers": [
      "SPXW",
      "SPY",
      "QQQ"
    ],
    "expiry_modes": [],
    "start_month": "202601",
    "end_month": "202606",
    "val_months": 6,
    "pooled_train": true,
    "delta_bucket": 50,
    "label_mode": "return",
    "clip_return": 2.0,
    "min_train_rows": 500,
    "min_val_rows": 30,
    "min_val_trades": 1,
    "min_month_trades": 1,
    "min_val_pf": 0.0,
    "min_val_win_rate": 0.0,
    "min_val_positive_month_rate": 0.0,
    "min_val_daily_win_rate": 0.0,
    "min_val_median_daily_return": -Infinity,
    "max_val_top5_share": Infinity,
    "max_val_daily_drawdown": Infinity,
    "min_call_rate": 0.0,
    "max_call_rate": 1.0,
    "cooldown_minutes": 30,
    "objective": "regression_l1",
    "n_estimators": 140,
    "learning_rate": 0.035,
    "num_leaves": 31,
    "min_child_samples": 80,
    "subsample": 0.85,
    "colsample_bytree": 0.85,
    "reg_lambda": 5.0,
    "lgb_jobs": 4,
    "threshold_grid": [
      -999.0
    ],
    "threshold_quantiles": [],
    "max_day_grid": [
      3
    ],
    "feature_include_prefixes": [
      "phys_",
      "ctx_",
      "ret_",
      "dist_",
      "nearest",
      "ib_range",
      "minute",
      "dte_days",
      "underlying_volume",
      "spot"
    ],
    "feature_exclude_prefixes": [],
    "allow_invalid_val_deploy": false,
    "deploy_month": "",
    "deploy_select_end_month": "",
    "export_deploy_model": false,
    "exclude_months": [],
    "skip_walkforward": false,
    "resume": false,
    "seed": 20260617
  },
  "feature_count": 162,
  "features": [
    "dte_days",
    "minute",
    "spot",
    "underlying_volume",
    "dist_ib_high_bps",
    "dist_ib_low_bps",
    "dist_fib_127_up_bps",
    "dist_fib_161_up_bps",
    "dist_fib_200_up_bps",
    "dist_fib_127_dn_bps",
    "dist_fib_161_dn_bps",
    "dist_fib_200_dn_bps",
    "nearest_level_abs_bps",
    "ib_range_bps",
    "ret_1m_bps",
    "ret_5m_bps",
    "ret_15m_bps",
    "ret_30m_bps",
    "phys_d15_iv_skew_put_minus_call",
    "phys_d15_iv_mean",
    "phys_d15_volume_skew_call_minus_put",
    "phys_d15_oi_skew_call_minus_put",
    "phys_d15_mid_skew_call_minus_put",
    "phys_d15_spread_mean",
    "phys_d15_theta_skew_call_minus_put",
    "phys_d15_vega_skew_call_minus_put",
    "phys_d15_abs_delta_gap",
    "phys_d15_liquidity_score",
    "phys_d25_iv_skew_put_minus_call",
    "phys_d25_iv_mean",
    "phys_d25_volume_skew_call_minus_put",
    "phys_d25_oi_skew_call_minus_put",
    "phys_d25_mid_skew_call_minus_put",
    "phys_d25_spread_mean",
    "phys_d25_theta_skew_call_minus_put",
    "phys_d25_vega_skew_call_minus_put",
    "phys_d25_abs_delta_gap",
    "phys_d25_liquidity_score",
    "phys_d35_iv_skew_put_minus_call",
    "phys_d35_iv_mean",
    "phys_d35_volume_skew_call_minus_put",
    "phys_d35_oi_skew_call_minus_put",
    "phys_d35_mid_skew_call_minus_put",
    "phys_d35_spread_mean",
    "phys_d35_theta_skew_call_minus_put",
    "phys_d35_vega_skew_call_minus_put",
    "phys_d35_abs_delta_gap",
    "phys_d35_liquidity_score",
    "phys_d50_iv_skew_put_minus_call",
    "phys_d50_iv_mean",
    "phys_d50_volume_skew_call_minus_put",
    "phys_d50_oi_skew_call_minus_put",
    "phys_d50_mid_skew_call_minus_put",
    "phys_d50_spread_mean",
    "phys_d50_theta_skew_call_minus_put",
    "phys_d50_vega_skew_call_minus_put",
    "phys_d50_abs_delta_gap",
    "phys_d50_liquidity_score",
    "phys_d65_iv_skew_put_minus_call",
    "phys_d65_iv_mean",
    "phys_d65_volume_skew_call_minus_put",
    "phys_d65_oi_skew_call_minus_put",
    "phys_d65_mid_skew_call_minus_put",
    "phys_d65_spread_mean",
    "phys_d65_theta_skew_call_minus_put",
    "phys_d65_vega_skew_call_minus_put",
    "phys_d65_abs_delta_gap",
    "phys_d65_liquidity_score",
    "phys_d80_iv_skew_put_minus_call",
    "phys_d80_iv_mean",
    "phys_d80_volume_skew_call_minus_put",
    "phys_d80_oi_skew_call_minus_put",
    "phys_d80_mid_skew_call_minus_put",
    "phys_d80_spread_mean",
    "phys_d80_theta_skew_call_minus_put",
    "phys_d80_vega_skew_call_minus_put",
    "phys_d80_abs_delta_gap",
    "phys_d80_liquidity_score",
    "phys_total_volume_skew_call_minus_put",
    "phys_total_oi_skew_call_minus_put",
    "phys_total_option_volume_log",
    "phys_total_option_oi_log",
    "phys_call_iv_slope_low_to_high",
    "phys_put_iv_slope_low_to_high",
    "phys_call_mid_slope_low_to_high",
    "phys_put_mid_slope_low_to_high",
    "phys_fib_up_min_abs_bps",
    "phys_fib_up_mean_signed_bps",
    "phys_fib_dn_min_abs_bps",
    "phys_fib_dn_mean_signed_bps",
    "phys_fib_any_min_abs_bps",
    "phys_ib_edge_min_abs_bps",
    "phys_ib_balance",
    "phys_nearest_level_vs_ib_range",
    "phys_momentum_accel_ret_1m_bps_minus_ret_5m_bps",
    "phys_abs_ret_1m_bps",
    "phys_momentum_accel_ret_5m_bps_minus_ret_15m_bps",
    "phys_abs_ret_5m_bps",
    "phys_momentum_accel_ret_15m_bps_minus_ret_30m_bps",
    "phys_abs_ret_15m_bps",
    "phys_abs_ret_30m_bps",
    "phys_event_seq_in_day",
    "phys_event_frac_in_day",
    "phys_minutes_since_first_event",
    "phys_spot_ret_from_first_event_bps",
    "phys_same_day_event_count",
    "ctx_spx_spot",
    "ctx_spx_ret_1m_bps",
    "ctx_spx_ret_1m_bps_minus_self",
    "ctx_spx_ret_5m_bps",
    "ctx_spx_ret_5m_bps_minus_self",
    "ctx_spx_ret_15m_bps",
    "ctx_spx_ret_15m_bps_minus_self",
    "ctx_spx_ret_30m_bps",
    "ctx_spx_ret_30m_bps_minus_self",
    "ctx_spx_ib_range_bps",
    "ctx_spx_nearest_level_abs_bps",
    "ctx_spx_phys_d35_iv_skew_put_minus_call",
    "ctx_spx_phys_total_volume_skew_call_minus_put",
    "ctx_spx_phys_total_oi_skew_call_minus_put",
    "ctx_spy_spot",
    "ctx_spy_ret_1m_bps",
    "ctx_spy_ret_1m_bps_minus_self",
    "ctx_spy_ret_5m_bps",
    "ctx_spy_ret_5m_bps_minus_self",
    "ctx_spy_ret_15m_bps",
    "ctx_spy_ret_15m_bps_minus_self",
    "ctx_spy_ret_30m_bps",
    "ctx_spy_ret_30m_bps_minus_self",
    "ctx_spy_ib_range_bps",
    "ctx_spy_nearest_level_abs_bps",
    "ctx_spy_phys_d35_iv_skew_put_minus_call",
    "ctx_spy_phys_total_volume_skew_call_minus_put",
    "ctx_spy_phys_total_oi_skew_call_minus_put",
    "ctx_qqq_spot",
    "ctx_qqq_ret_1m_bps",
    "ctx_qqq_ret_1m_bps_minus_self",
    "ctx_qqq_ret_5m_bps",
    "ctx_qqq_ret_5m_bps_minus_self",
    "ctx_qqq_ret_15m_bps",
    "ctx_qqq_ret_15m_bps_minus_self",
    "ctx_qqq_ret_30m_bps",
    "ctx_qqq_ret_30m_bps_minus_self",
    "ctx_qqq_ib_range_bps",
    "ctx_qqq_nearest_level_abs_bps",
    "ctx_qqq_phys_d35_iv_skew_put_minus_call",
    "ctx_qqq_phys_total_volume_skew_call_minus_put",
    "ctx_qqq_phys_total_oi_skew_call_minus_put",
    "ctx_spy_qqq_ret_5m_spread",
    "ctx_spx_spy_ret_5m_spread",
    "ticker_QQQ",
    "ticker_SPXW",
    "ticker_SPY",
    "expiry_mode_zero_dte",
    "nearest_level_name_fib_127_dn",
    "nearest_level_name_fib_127_up",
    "nearest_level_name_fib_161_dn",
    "nearest_level_name_fib_161_up",
    "nearest_level_name_fib_200_dn",
    "nearest_level_name_fib_200_up",
    "nearest_level_name_ib_high",
    "nearest_level_name_ib_low"
  ],
  "grid": [
    {
      "threshold": -999.0,
      "max_trades_per_day": 3
    }
  ],
  "data_rows": 60036
}
```
