[EVENT_GATE] SPXW 202601 cfg=thr-999.000_maxday3 val_pf=1.141 test_trades=60 test_pf=0.912 test_ret=-1.01
[EVENT_GATE] SPXW 202602 cfg=thr-999.000_maxday3 val_pf=1.100 test_trades=57 test_pf=0.769 test_ret=-2.70
[EVENT_GATE] SPXW 202603 cfg=thr-999.000_maxday3 val_pf=1.243 test_trades=66 test_pf=2.126 test_ret=9.80
[EVENT_GATE] SPXW 202604 cfg=thr-999.000_maxday3 val_pf=1.228 test_trades=63 test_pf=0.894 test_ret=-1.30
[EVENT_GATE] SPXW 202605 cfg=thr-999.000_maxday3 val_pf=1.345 test_trades=60 test_pf=1.667 test_ret=6.00
[EVENT_GATE] SPXW 202606 cfg=thr-999.000_maxday3 val_pf=1.034 test_trades=63 test_pf=0.616 test_ret=-5.30
# Event Option Gate Walk-Forward

Causal diagnostic over event-level option-chain features. Models predict CALL/PUT option returns; thresholds are selected only on prior validation months.

## Overall

```json
{
  "trades": 369,
  "win_rate": 0.39295392953929537,
  "profit_factor": 1.0818731437055193,
  "pnl_return": 5.486597900304134,
  "avg_return": 0.014868828998114184,
  "max_drawdown": -5.6000000000000085,
  "call_rate": 0.2899728997289973,
  "days_with_trades": 123,
  "daily_win_rate": 0.3333333333333333,
  "median_daily_return": -0.09999999999999998,
  "daily_max_drawdown": -5.299999999999999,
  "top5_day_return": 7.5,
  "top5_share_of_pnl": 1.3669673149519959,
  "min_month_trades": 57,
  "positive_month_rate": 0.3333333333333333
}
```

## Per Ticker

```json
{
  "SPXW": {
    "trades": 369,
    "win_rate": 0.39295392953929537,
    "profit_factor": 1.0818731437055193,
    "pnl_return": 5.486597900304134,
    "avg_return": 0.014868828998114184,
    "max_drawdown": -5.6000000000000085,
    "call_rate": 0.2899728997289973,
    "days_with_trades": 123,
    "daily_win_rate": 0.3333333333333333,
    "median_daily_return": -0.09999999999999998,
    "daily_max_drawdown": -5.299999999999999,
    "top5_day_return": 7.5,
    "top5_share_of_pnl": 1.3669673149519959,
    "min_month_trades": 57,
    "positive_month_rate": 0.3333333333333333
  }
}
```

## Fold Configs

```csv
ticker,month,deploy_config,val_months,train_rows,val_rows,test_rows,val_score,abstained_invalid_val,val_trades,val_win_rate,val_profit_factor,val_pnl_return,val_avg_return,val_max_drawdown,val_call_rate,val_days_with_trades,val_daily_win_rate,val_median_daily_return,val_daily_max_drawdown,val_top5_day_return,val_top5_share_of_pnl,val_min_month_trades,val_positive_month_rate,test_trades,test_win_rate,test_profit_factor,test_pnl_return,test_avg_return,test_max_drawdown,test_call_rate,test_days_with_trades,test_daily_win_rate,test_median_daily_return,test_daily_max_drawdown,test_top5_day_return,test_top5_share_of_pnl,test_min_month_trades,test_positive_month_rate

SPXW,202601,thr-999.000_maxday3,"202507,202508,202509,202510,202511,202512",46091,2411,380,5.973246563784575,False,384,0.4088541666666667,1.1409795312344047,9.571633824650155,0.024926129751693112,-3.8999999999999986,0.028645833333333332,128,0.390625,-0.09999999999999998,-3.5999999999999996,7.5,0.7835652864911102,57,0.8333333333333334,60,0.35,0.9119806560284524,-1.0134020996958664,-0.016890034994931104,-4.6,0.05,20,0.25,-0.09999999999999998,-4.3999999999999995,4.486597900304134,-4.427263276492731,60,0.0

SPXW,202602,thr-999.000_maxday3,"202508,202509,202510,202511,202512,202601",47326,2380,361,5.15992969031167,False,378,0.3994708994708995,1.0998155753707204,6.758231724954289,0.01787891990728648,-5.399999999999999,0.010582010582010581,126,0.373015873015873,-0.09999999999999998,-5.199999999999999,7.5,1.1097577451076122,57,0.6666666666666666,57,0.3157894736842105,0.7692307692307689,-2.6999999999999993,-0.04736842105263157,-3.6999999999999997,0.0,19,0.2631578947368421,-0.09999999999999998,-3.1999999999999997,4.300000000000001,-1.5925925925925932,57,0.0

SPXW,202603,thr-999.000_maxday3,"202509,202510,202511,202512,202601,202602",48523,2342,418,6.705873831422044,False,372,0.4274193548387097,1.2434581852864262,15.437746849505253,0.041499319487917345,-3.8000000000000003,0.6586021505376344,124,0.3790322580645161,-0.09999999999999998,-3.3999999999999995,7.5,0.48582219109522184,57,0.8333333333333334,66,0.5606060606060606,2.126436781609195,9.799999999999999,0.14848484848484847,-1.0000000000000036,0.6666666666666666,22,0.5454545454545454,0.7,-1.0,6.7,0.6836734693877552,66,1.0

SPXW,202604,thr-999.000_maxday3,"202510,202511,202512,202601,202602,202603",49720,2361,399,5.9247120910348325,False,375,0.424,1.2282420621897385,14.687718447700734,0.039167249193868624,-6.413402099695884,0.25066666666666665,125,0.432,-0.09999999999999998,-5.913402099695867,7.5,0.5106307032440478,57,0.6666666666666666,63,0.3492063492063492,0.8943089430894309,-1.3000000000000003,-0.020634920634920638,-4.7,0.1746031746031746,21,0.38095238095238093,-0.09999999999999998,-4.3999999999999995,3.5,-2.6923076923076916,63,0.0

SPXW,202605,thr-999.000_maxday3,"202511,202512,202601,202602,202603,202604",51029,2323,380,7.477721215142583,False,369,0.44715447154471544,1.3454920669180988,21.05825879698643,0.05706845202435347,-3.400000000000013,0.3875338753387534,123,0.4146341463414634,-0.09999999999999998,-3.200000000000001,7.5,0.356154802365393,57,0.8333333333333334,60,0.5,1.6666666666666663,6.000000000000001,0.10000000000000002,-1.6000000000000003,0.2,20,0.4,-0.09999999999999998,-0.8999999999999995,5.9,0.9833333333333333,60,1.0

SPXW,202606,thr-999.000_maxday3,"202512,202601,202602,202603,202604,202605",52092,2349,399,4.267833358511922,False,372,0.3844086021505376,1.0340450821100728,2.330436847422503,0.006264615181243288,-6.299999999999987,0.4731182795698925,124,0.3225806451612903,-0.09999999999999998,-6.057281557892704,7.5,3.218280730625723,57,0.5,63,0.2698412698412698,0.6159420289855071,-5.3,-0.08412698412698412,-5.2999999999999945,0.5873015873015873,21,0.14285714285714285,-0.09999999999999998,-5.299999999999997,1.8999999999999995,-0.35849056603773577,63,0.0


```

## Config

```json
{
  "args": {
    "data": "research_papers\\JEPA\\results\\event_option_dataset_spxw_spy_qqq_zero_dte_dense15_2022_20260630_full_v1_physics\\event_option_dataset.parquet",
    "output_dir": "research_papers\\JEPA\\results\\_diagnostics\\event_option_gate_dense15_zero_dte_return_forcedmax3_d50_physctx_wf2026_fullmayjun_spxw_v1",
    "tickers": [
      "SPXW"
    ],
    "train_tickers": [
      "SPXW",
      "SPY",
      "QQQ"
    ],
    "expiry_modes": [],
    "start_month": "202601",
    "end_month": "202606",
    "val_months": 6,
    "pooled_train": true,
    "delta_bucket": 50,
    "label_mode": "return",
    "clip_return": 2.0,
    "min_train_rows": 500,
    "min_val_rows": 30,
    "min_val_trades": 1,
    "min_month_trades": 1,
    "min_val_pf": 0.0,
    "min_val_win_rate": 0.0,
    "min_val_positive_month_rate": 0.0,
    "min_val_daily_win_rate": 0.0,
    "min_val_median_daily_return": -Infinity,
    "max_val_top5_share": Infinity,
    "max_val_daily_drawdown": Infinity,
    "min_call_rate": 0.0,
    "max_call_rate": 1.0,
    "cooldown_minutes": 30,
    "objective": "regression_l1",
    "n_estimators": 140,
    "learning_rate": 0.035,
    "num_leaves": 31,
    "min_child_samples": 80,
    "subsample": 0.85,
    "colsample_bytree": 0.85,
    "reg_lambda": 5.0,
    "lgb_jobs": 4,
    "threshold_grid": [
      -999.0
    ],
    "threshold_quantiles": [],
    "max_day_grid": [
      3
    ],
    "feature_include_prefixes": [
      "phys_",
      "ctx_",
      "ret_",
      "dist_",
      "nearest",
      "ib_range",
      "minute",
      "dte_days",
      "underlying_volume",
      "spot"
    ],
    "feature_exclude_prefixes": [],
    "allow_invalid_val_deploy": false,
    "deploy_month": "",
    "deploy_select_end_month": "",
    "export_deploy_model": false,
    "exclude_months": [],
    "skip_walkforward": false,
    "resume": false,
    "seed": 20260617
  },
  "feature_count": 162,
  "features": [
    "dte_days",
    "minute",
    "spot",
    "underlying_volume",
    "dist_ib_high_bps",
    "dist_ib_low_bps",
    "dist_fib_127_up_bps",
    "dist_fib_161_up_bps",
    "dist_fib_200_up_bps",
    "dist_fib_127_dn_bps",
    "dist_fib_161_dn_bps",
    "dist_fib_200_dn_bps",
    "nearest_level_abs_bps",
    "ib_range_bps",
    "ret_1m_bps",
    "ret_5m_bps",
    "ret_15m_bps",
    "ret_30m_bps",
    "phys_d15_iv_skew_put_minus_call",
    "phys_d15_iv_mean",
    "phys_d15_volume_skew_call_minus_put",
    "phys_d15_oi_skew_call_minus_put",
    "phys_d15_mid_skew_call_minus_put",
    "phys_d15_spread_mean",
    "phys_d15_theta_skew_call_minus_put",
    "phys_d15_vega_skew_call_minus_put",
    "phys_d15_abs_delta_gap",
    "phys_d15_liquidity_score",
    "phys_d25_iv_skew_put_minus_call",
    "phys_d25_iv_mean",
    "phys_d25_volume_skew_call_minus_put",
    "phys_d25_oi_skew_call_minus_put",
    "phys_d25_mid_skew_call_minus_put",
    "phys_d25_spread_mean",
    "phys_d25_theta_skew_call_minus_put",
    "phys_d25_vega_skew_call_minus_put",
    "phys_d25_abs_delta_gap",
    "phys_d25_liquidity_score",
    "phys_d35_iv_skew_put_minus_call",
    "phys_d35_iv_mean",
    "phys_d35_volume_skew_call_minus_put",
    "phys_d35_oi_skew_call_minus_put",
    "phys_d35_mid_skew_call_minus_put",
    "phys_d35_spread_mean",
    "phys_d35_theta_skew_call_minus_put",
    "phys_d35_vega_skew_call_minus_put",
    "phys_d35_abs_delta_gap",
    "phys_d35_liquidity_score",
    "phys_d50_iv_skew_put_minus_call",
    "phys_d50_iv_mean",
    "phys_d50_volume_skew_call_minus_put",
    "phys_d50_oi_skew_call_minus_put",
    "phys_d50_mid_skew_call_minus_put",
    "phys_d50_spread_mean",
    "phys_d50_theta_skew_call_minus_put",
    "phys_d50_vega_skew_call_minus_put",
    "phys_d50_abs_delta_gap",
    "phys_d50_liquidity_score",
    "phys_d65_iv_skew_put_minus_call",
    "phys_d65_iv_mean",
    "phys_d65_volume_skew_call_minus_put",
    "phys_d65_oi_skew_call_minus_put",
    "phys_d65_mid_skew_call_minus_put",
    "phys_d65_spread_mean",
    "phys_d65_theta_skew_call_minus_put",
    "phys_d65_vega_skew_call_minus_put",
    "phys_d65_abs_delta_gap",
    "phys_d65_liquidity_score",
    "phys_d80_iv_skew_put_minus_call",
    "phys_d80_iv_mean",
    "phys_d80_volume_skew_call_minus_put",
    "phys_d80_oi_skew_call_minus_put",
    "phys_d80_mid_skew_call_minus_put",
    "phys_d80_spread_mean",
    "phys_d80_theta_skew_call_minus_put",
    "phys_d80_vega_skew_call_minus_put",
    "phys_d80_abs_delta_gap",
    "phys_d80_liquidity_score",
    "phys_total_volume_skew_call_minus_put",
    "phys_total_oi_skew_call_minus_put",
    "phys_total_option_volume_log",
    "phys_total_option_oi_log",
    "phys_call_iv_slope_low_to_high",
    "phys_put_iv_slope_low_to_high",
    "phys_call_mid_slope_low_to_high",
    "phys_put_mid_slope_low_to_high",
    "phys_fib_up_min_abs_bps",
    "phys_fib_up_mean_signed_bps",
    "phys_fib_dn_min_abs_bps",
    "phys_fib_dn_mean_signed_bps",
    "phys_fib_any_min_abs_bps",
    "phys_ib_edge_min_abs_bps",
    "phys_ib_balance",
    "phys_nearest_level_vs_ib_range",
    "phys_momentum_accel_ret_1m_bps_minus_ret_5m_bps",
    "phys_abs_ret_1m_bps",
    "phys_momentum_accel_ret_5m_bps_minus_ret_15m_bps",
    "phys_abs_ret_5m_bps",
    "phys_momentum_accel_ret_15m_bps_minus_ret_30m_bps",
    "phys_abs_ret_15m_bps",
    "phys_abs_ret_30m_bps",
    "phys_event_seq_in_day",
    "phys_event_frac_in_day",
    "phys_minutes_since_first_event",
    "phys_spot_ret_from_first_event_bps",
    "phys_same_day_event_count",
    "ctx_spx_spot",
    "ctx_spx_ret_1m_bps",
    "ctx_spx_ret_1m_bps_minus_self",
    "ctx_spx_ret_5m_bps",
    "ctx_spx_ret_5m_bps_minus_self",
    "ctx_spx_ret_15m_bps",
    "ctx_spx_ret_15m_bps_minus_self",
    "ctx_spx_ret_30m_bps",
    "ctx_spx_ret_30m_bps_minus_self",
    "ctx_spx_ib_range_bps",
    "ctx_spx_nearest_level_abs_bps",
    "ctx_spx_phys_d35_iv_skew_put_minus_call",
    "ctx_spx_phys_total_volume_skew_call_minus_put",
    "ctx_spx_phys_total_oi_skew_call_minus_put",
    "ctx_spy_spot",
    "ctx_spy_ret_1m_bps",
    "ctx_spy_ret_1m_bps_minus_self",
    "ctx_spy_ret_5m_bps",
    "ctx_spy_ret_5m_bps_minus_self",
    "ctx_spy_ret_15m_bps",
    "ctx_spy_ret_15m_bps_minus_self",
    "ctx_spy_ret_30m_bps",
    "ctx_spy_ret_30m_bps_minus_self",
    "ctx_spy_ib_range_bps",
    "ctx_spy_nearest_level_abs_bps",
    "ctx_spy_phys_d35_iv_skew_put_minus_call",
    "ctx_spy_phys_total_volume_skew_call_minus_put",
    "ctx_spy_phys_total_oi_skew_call_minus_put",
    "ctx_qqq_spot",
    "ctx_qqq_ret_1m_bps",
    "ctx_qqq_ret_1m_bps_minus_self",
    "ctx_qqq_ret_5m_bps",
    "ctx_qqq_ret_5m_bps_minus_self",
    "ctx_qqq_ret_15m_bps",
    "ctx_qqq_ret_15m_bps_minus_self",
    "ctx_qqq_ret_30m_bps",
    "ctx_qqq_ret_30m_bps_minus_self",
    "ctx_qqq_ib_range_bps",
    "ctx_qqq_nearest_level_abs_bps",
    "ctx_qqq_phys_d35_iv_skew_put_minus_call",
    "ctx_qqq_phys_total_volume_skew_call_minus_put",
    "ctx_qqq_phys_total_oi_skew_call_minus_put",
    "ctx_spy_qqq_ret_5m_spread",
    "ctx_spx_spy_ret_5m_spread",
    "ticker_QQQ",
    "ticker_SPXW",
    "ticker_SPY",
    "expiry_mode_zero_dte",
    "nearest_level_name_fib_127_dn",
    "nearest_level_name_fib_127_up",
    "nearest_level_name_fib_161_dn",
    "nearest_level_name_fib_161_up",
    "nearest_level_name_fib_200_dn",
    "nearest_level_name_fib_200_up",
    "nearest_level_name_ib_high",
    "nearest_level_name_ib_low"
  ],
  "grid": [
    {
      "threshold": -999.0,
      "max_trades_per_day": 3
    }
  ],
  "data_rows": 60036
}
```
