[EVENT_GATE] SPY 202601 cfg=thr-999.000_maxday3 val_pf=1.151 test_trades=60 test_pf=0.730 test_ret=-3.32
[EVENT_GATE] SPY 202602 cfg=thr-999.000_maxday3 val_pf=1.044 test_trades=57 test_pf=0.708 test_ret=-3.50
[EVENT_GATE] SPY 202603 cfg=thr-999.000_maxday3 val_pf=1.301 test_trades=66 test_pf=1.771 test_ret=7.40
[EVENT_GATE] SPY 202604 cfg=thr-999.000_maxday3 val_pf=1.051 test_trades=51 test_pf=1.167 test_ret=1.50
[EVENT_GATE] SPY 202605 cfg=thr-999.000_maxday3 val_pf=1.249 test_trades=54 test_pf=1.548 test_ret=4.60
[EVENT_GATE] SPY 202606 cfg=thr-999.000_maxday3 val_pf=1.009 test_trades=60 test_pf=0.772 test_ret=-2.80
# Event Option Gate Walk-Forward

Causal diagnostic over event-level option-chain features. Models predict CALL/PUT option returns; thresholds are selected only on prior validation months.

## Overall

```json
{
  "trades": 348,
  "win_rate": 0.3879310344827586,
  "profit_factor": 1.0609620068347663,
  "pnl_return": 3.878494644330436,
  "avg_return": 0.011145099552673666,
  "max_drawdown": -7.321505355669555,
  "call_rate": 0.33045977011494254,
  "days_with_trades": 116,
  "daily_win_rate": 0.31896551724137934,
  "median_daily_return": -0.09999999999999998,
  "daily_max_drawdown": -7.121505355669565,
  "top5_day_return": 7.5,
  "top5_share_of_pnl": 1.93373993978913,
  "min_month_trades": 51,
  "positive_month_rate": 0.5
}
```

## Per Ticker

```json
{
  "SPY": {
    "trades": 348,
    "win_rate": 0.3879310344827586,
    "profit_factor": 1.0609620068347663,
    "pnl_return": 3.878494644330436,
    "avg_return": 0.011145099552673666,
    "max_drawdown": -7.321505355669555,
    "call_rate": 0.33045977011494254,
    "days_with_trades": 116,
    "daily_win_rate": 0.31896551724137934,
    "median_daily_return": -0.09999999999999998,
    "daily_max_drawdown": -7.121505355669565,
    "top5_day_return": 7.5,
    "top5_share_of_pnl": 1.93373993978913,
    "min_month_trades": 51,
    "positive_month_rate": 0.5
  }
}
```

## Fold Configs

```csv
ticker,month,deploy_config,val_months,train_rows,val_rows,test_rows,val_score,abstained_invalid_val,val_trades,val_win_rate,val_profit_factor,val_pnl_return,val_avg_return,val_max_drawdown,val_call_rate,val_days_with_trades,val_daily_win_rate,val_median_daily_return,val_daily_max_drawdown,val_top5_day_return,val_top5_share_of_pnl,val_min_month_trades,val_positive_month_rate,test_trades,test_win_rate,test_profit_factor,test_pnl_return,test_avg_return,test_max_drawdown,test_call_rate,test_days_with_trades,test_daily_win_rate,test_median_daily_return,test_daily_max_drawdown,test_top5_day_return,test_top5_share_of_pnl,test_min_month_trades,test_positive_month_rate

SPY,202601,thr-999.000_maxday3,"202507,202508,202509,202510,202511,202512",46091,2413,380,6.004196537864882,False,384,0.4088541666666667,1.15107374985328,10.183464967885477,0.026519440020535096,-4.121721003553254,0.03125,128,0.375,-0.09999999999999998,-3.9217210035532535,7.5,0.736488024817875,57,0.8333333333333334,60,0.3,0.7304302307395238,-3.321505355669564,-0.05535842259449274,-5.399999999999998,0.03333333333333333,20,0.2,-0.09999999999999998,-5.2,2.978494644330435,-0.8967303452473334,60,0.0

SPY,202602,thr-999.000_maxday3,"202508,202509,202510,202511,202512,202601",47326,2381,361,4.137529555953794,False,378,0.3835978835978836,1.0437626553602817,3.016505058879764,0.00798017211343853,-8.23528276248174,0.007936507936507936,126,0.3492063492063492,-0.09999999999999998,-7.935282762481738,7.5,2.4863210416047723,57,0.6666666666666666,57,0.2982456140350877,0.7083333333333334,-3.4999999999999996,-0.061403508771929814,-4.499999999999998,0.0,19,0.2631578947368421,-0.09999999999999998,-3.9999999999999996,4.300000000000001,-1.2285714285714289,57,0.0

SPY,202603,thr-999.000_maxday3,"202509,202510,202511,202512,202601,202602",48523,2343,418,7.316911147132621,False,372,0.43548387096774194,1.3013018450972669,18.717759110510997,0.05031655674868547,-3.6000000000000005,0.6424731182795699,124,0.3951612903225806,-0.09999999999999998,-3.0999999999999996,7.5,0.4006889903710941,57,1.0,66,0.5151515151515151,1.7708333333333335,7.3999999999999995,0.11212121212121211,-1.4999999999999991,0.6818181818181818,22,0.5,0.3,-1.1999999999999993,6.7,0.9054054054054055,66,1.0

SPY,202604,thr-999.000_maxday3,"202510,202511,202512,202601,202602,202603",49720,2362,323,3.7096114603485733,False,375,0.38666666666666666,1.0506249710411286,3.4686251398935184,0.00924966703971605,-9.79999999999999,0.35733333333333334,125,0.344,-0.09999999999999998,-9.299999999999995,7.5,2.162239993518077,57,0.5,51,0.4117647058823529,1.1666666666666665,1.4999999999999998,0.02941176470588235,-2.0,0.4117647058823529,17,0.4117647058823529,-0.09999999999999998,-1.5999999999999996,5.1000000000000005,3.400000000000001,51,1.0

SPY,202605,thr-999.000_maxday3,"202511,202512,202601,202602,202603,202604",51029,2249,342,6.234161633760995,False,357,0.4257703081232493,1.248833570586221,15.14321188184869,0.042417960453357675,-5.1215053556696075,0.38095238095238093,119,0.4117647058823529,-0.09999999999999998,-5.1215053556695675,7.5,0.49527141656056634,51,0.6666666666666666,54,0.48148148148148145,1.5476190476190474,4.6000000000000005,0.0851851851851852,-1.6,0.2037037037037037,18,0.3333333333333333,-0.09999999999999998,-0.6999999999999998,5.1000000000000005,1.108695652173913,54,1.0

SPY,202606,thr-999.000_maxday3,"202512,202601,202602,202603,202604,202605",52092,2236,380,3.9874998971483793,False,354,0.3785310734463277,1.0094995353989367,0.6235751857070744,0.0017615118240312836,-5.721505355669565,0.4604519774011299,118,0.3389830508474576,-0.09999999999999998,-5.121505355669564,7.5,12.027418941463683,51,0.3333333333333333,60,0.31666666666666665,0.7723577235772358,-2.7999999999999994,-0.046666666666666655,-3.399999999999998,0.6,20,0.2,-0.09999999999999998,-3.2,2.6999999999999997,-0.9642857142857144,60,0.0


```

## Config

```json
{
  "args": {
    "data": "research_papers\\JEPA\\results\\event_option_dataset_spxw_spy_qqq_zero_dte_dense15_2022_20260630_full_v1_physics\\event_option_dataset.parquet",
    "output_dir": "research_papers\\JEPA\\results\\_diagnostics\\event_option_gate_dense15_zero_dte_return_forcedmax3_d50_physctx_wf2026_fullmayjun_spy_v1",
    "tickers": [
      "SPY"
    ],
    "train_tickers": [
      "SPXW",
      "SPY",
      "QQQ"
    ],
    "expiry_modes": [],
    "start_month": "202601",
    "end_month": "202606",
    "val_months": 6,
    "pooled_train": true,
    "delta_bucket": 50,
    "label_mode": "return",
    "clip_return": 2.0,
    "min_train_rows": 500,
    "min_val_rows": 30,
    "min_val_trades": 1,
    "min_month_trades": 1,
    "min_val_pf": 0.0,
    "min_val_win_rate": 0.0,
    "min_val_positive_month_rate": 0.0,
    "min_val_daily_win_rate": 0.0,
    "min_val_median_daily_return": -Infinity,
    "max_val_top5_share": Infinity,
    "max_val_daily_drawdown": Infinity,
    "min_call_rate": 0.0,
    "max_call_rate": 1.0,
    "cooldown_minutes": 30,
    "objective": "regression_l1",
    "n_estimators": 140,
    "learning_rate": 0.035,
    "num_leaves": 31,
    "min_child_samples": 80,
    "subsample": 0.85,
    "colsample_bytree": 0.85,
    "reg_lambda": 5.0,
    "lgb_jobs": 4,
    "threshold_grid": [
      -999.0
    ],
    "threshold_quantiles": [],
    "max_day_grid": [
      3
    ],
    "feature_include_prefixes": [
      "phys_",
      "ctx_",
      "ret_",
      "dist_",
      "nearest",
      "ib_range",
      "minute",
      "dte_days",
      "underlying_volume",
      "spot"
    ],
    "feature_exclude_prefixes": [],
    "allow_invalid_val_deploy": false,
    "deploy_month": "",
    "deploy_select_end_month": "",
    "export_deploy_model": false,
    "exclude_months": [],
    "skip_walkforward": false,
    "resume": false,
    "seed": 20260617
  },
  "feature_count": 162,
  "features": [
    "dte_days",
    "minute",
    "spot",
    "underlying_volume",
    "dist_ib_high_bps",
    "dist_ib_low_bps",
    "dist_fib_127_up_bps",
    "dist_fib_161_up_bps",
    "dist_fib_200_up_bps",
    "dist_fib_127_dn_bps",
    "dist_fib_161_dn_bps",
    "dist_fib_200_dn_bps",
    "nearest_level_abs_bps",
    "ib_range_bps",
    "ret_1m_bps",
    "ret_5m_bps",
    "ret_15m_bps",
    "ret_30m_bps",
    "phys_d15_iv_skew_put_minus_call",
    "phys_d15_iv_mean",
    "phys_d15_volume_skew_call_minus_put",
    "phys_d15_oi_skew_call_minus_put",
    "phys_d15_mid_skew_call_minus_put",
    "phys_d15_spread_mean",
    "phys_d15_theta_skew_call_minus_put",
    "phys_d15_vega_skew_call_minus_put",
    "phys_d15_abs_delta_gap",
    "phys_d15_liquidity_score",
    "phys_d25_iv_skew_put_minus_call",
    "phys_d25_iv_mean",
    "phys_d25_volume_skew_call_minus_put",
    "phys_d25_oi_skew_call_minus_put",
    "phys_d25_mid_skew_call_minus_put",
    "phys_d25_spread_mean",
    "phys_d25_theta_skew_call_minus_put",
    "phys_d25_vega_skew_call_minus_put",
    "phys_d25_abs_delta_gap",
    "phys_d25_liquidity_score",
    "phys_d35_iv_skew_put_minus_call",
    "phys_d35_iv_mean",
    "phys_d35_volume_skew_call_minus_put",
    "phys_d35_oi_skew_call_minus_put",
    "phys_d35_mid_skew_call_minus_put",
    "phys_d35_spread_mean",
    "phys_d35_theta_skew_call_minus_put",
    "phys_d35_vega_skew_call_minus_put",
    "phys_d35_abs_delta_gap",
    "phys_d35_liquidity_score",
    "phys_d50_iv_skew_put_minus_call",
    "phys_d50_iv_mean",
    "phys_d50_volume_skew_call_minus_put",
    "phys_d50_oi_skew_call_minus_put",
    "phys_d50_mid_skew_call_minus_put",
    "phys_d50_spread_mean",
    "phys_d50_theta_skew_call_minus_put",
    "phys_d50_vega_skew_call_minus_put",
    "phys_d50_abs_delta_gap",
    "phys_d50_liquidity_score",
    "phys_d65_iv_skew_put_minus_call",
    "phys_d65_iv_mean",
    "phys_d65_volume_skew_call_minus_put",
    "phys_d65_oi_skew_call_minus_put",
    "phys_d65_mid_skew_call_minus_put",
    "phys_d65_spread_mean",
    "phys_d65_theta_skew_call_minus_put",
    "phys_d65_vega_skew_call_minus_put",
    "phys_d65_abs_delta_gap",
    "phys_d65_liquidity_score",
    "phys_d80_iv_skew_put_minus_call",
    "phys_d80_iv_mean",
    "phys_d80_volume_skew_call_minus_put",
    "phys_d80_oi_skew_call_minus_put",
    "phys_d80_mid_skew_call_minus_put",
    "phys_d80_spread_mean",
    "phys_d80_theta_skew_call_minus_put",
    "phys_d80_vega_skew_call_minus_put",
    "phys_d80_abs_delta_gap",
    "phys_d80_liquidity_score",
    "phys_total_volume_skew_call_minus_put",
    "phys_total_oi_skew_call_minus_put",
    "phys_total_option_volume_log",
    "phys_total_option_oi_log",
    "phys_call_iv_slope_low_to_high",
    "phys_put_iv_slope_low_to_high",
    "phys_call_mid_slope_low_to_high",
    "phys_put_mid_slope_low_to_high",
    "phys_fib_up_min_abs_bps",
    "phys_fib_up_mean_signed_bps",
    "phys_fib_dn_min_abs_bps",
    "phys_fib_dn_mean_signed_bps",
    "phys_fib_any_min_abs_bps",
    "phys_ib_edge_min_abs_bps",
    "phys_ib_balance",
    "phys_nearest_level_vs_ib_range",
    "phys_momentum_accel_ret_1m_bps_minus_ret_5m_bps",
    "phys_abs_ret_1m_bps",
    "phys_momentum_accel_ret_5m_bps_minus_ret_15m_bps",
    "phys_abs_ret_5m_bps",
    "phys_momentum_accel_ret_15m_bps_minus_ret_30m_bps",
    "phys_abs_ret_15m_bps",
    "phys_abs_ret_30m_bps",
    "phys_event_seq_in_day",
    "phys_event_frac_in_day",
    "phys_minutes_since_first_event",
    "phys_spot_ret_from_first_event_bps",
    "phys_same_day_event_count",
    "ctx_spx_spot",
    "ctx_spx_ret_1m_bps",
    "ctx_spx_ret_1m_bps_minus_self",
    "ctx_spx_ret_5m_bps",
    "ctx_spx_ret_5m_bps_minus_self",
    "ctx_spx_ret_15m_bps",
    "ctx_spx_ret_15m_bps_minus_self",
    "ctx_spx_ret_30m_bps",
    "ctx_spx_ret_30m_bps_minus_self",
    "ctx_spx_ib_range_bps",
    "ctx_spx_nearest_level_abs_bps",
    "ctx_spx_phys_d35_iv_skew_put_minus_call",
    "ctx_spx_phys_total_volume_skew_call_minus_put",
    "ctx_spx_phys_total_oi_skew_call_minus_put",
    "ctx_spy_spot",
    "ctx_spy_ret_1m_bps",
    "ctx_spy_ret_1m_bps_minus_self",
    "ctx_spy_ret_5m_bps",
    "ctx_spy_ret_5m_bps_minus_self",
    "ctx_spy_ret_15m_bps",
    "ctx_spy_ret_15m_bps_minus_self",
    "ctx_spy_ret_30m_bps",
    "ctx_spy_ret_30m_bps_minus_self",
    "ctx_spy_ib_range_bps",
    "ctx_spy_nearest_level_abs_bps",
    "ctx_spy_phys_d35_iv_skew_put_minus_call",
    "ctx_spy_phys_total_volume_skew_call_minus_put",
    "ctx_spy_phys_total_oi_skew_call_minus_put",
    "ctx_qqq_spot",
    "ctx_qqq_ret_1m_bps",
    "ctx_qqq_ret_1m_bps_minus_self",
    "ctx_qqq_ret_5m_bps",
    "ctx_qqq_ret_5m_bps_minus_self",
    "ctx_qqq_ret_15m_bps",
    "ctx_qqq_ret_15m_bps_minus_self",
    "ctx_qqq_ret_30m_bps",
    "ctx_qqq_ret_30m_bps_minus_self",
    "ctx_qqq_ib_range_bps",
    "ctx_qqq_nearest_level_abs_bps",
    "ctx_qqq_phys_d35_iv_skew_put_minus_call",
    "ctx_qqq_phys_total_volume_skew_call_minus_put",
    "ctx_qqq_phys_total_oi_skew_call_minus_put",
    "ctx_spy_qqq_ret_5m_spread",
    "ctx_spx_spy_ret_5m_spread",
    "ticker_QQQ",
    "ticker_SPXW",
    "ticker_SPY",
    "expiry_mode_zero_dte",
    "nearest_level_name_fib_127_dn",
    "nearest_level_name_fib_127_up",
    "nearest_level_name_fib_161_dn",
    "nearest_level_name_fib_161_up",
    "nearest_level_name_fib_200_dn",
    "nearest_level_name_fib_200_up",
    "nearest_level_name_ib_high",
    "nearest_level_name_ib_low"
  ],
  "grid": [
    {
      "threshold": -999.0,
      "max_trades_per_day": 3
    }
  ],
  "data_rows": 60036
}
```
