[EVENT_GATE] QQQ 202508 cfg=thr0.300_maxday1 val_pf=0.962 test_trades=15 test_pf=0.906 test_ret=-0.32
[EVENT_GATE] QQQ 202509 cfg=thr0.300_maxday1 val_pf=1.411 test_trades=11 test_pf=1.216 test_ret=0.52
[EVENT_GATE] QQQ 202510 cfg=thr-0.100_maxday3 val_pf=1.281 test_trades=68 test_pf=1.031 test_ret=0.49
[EVENT_GATE] QQQ 202511 cfg=thr0.200_maxday3 val_pf=1.312 test_trades=45 test_pf=1.416 test_ret=3.95
[EVENT_GATE] QQQ 202512 cfg=thr0.200_maxday3 val_pf=1.588 test_trades=33 test_pf=1.306 test_ret=1.59
[EVENT_GATE] QQQ 202601 cfg=thr-0.100_maxday1 val_pf=1.609 test_trades=20 test_pf=2.176 test_ret=3.90
[EVENT_GATE] QQQ 202602 cfg=thr0.400_maxday2 val_pf=1.220 test_trades=33 test_pf=1.334 test_ret=2.61
[EVENT_GATE] QQQ 202603 cfg=thr0.132_maxday2 val_pf=1.409 test_trades=42 test_pf=1.586 test_ret=4.65
[EVENT_GATE] QQQ 202604 cfg=thr0.097_maxday1 val_pf=1.790 test_trades=18 test_pf=0.227 test_ret=-5.51
[EVENT_GATE] QQQ 202605 cfg=thr-0.100_maxday1 val_pf=1.544 test_trades=20 test_pf=0.667 test_ret=-1.64
[EVENT_GATE] QQQ 202606 cfg=thr-0.100_maxday1 val_pf=1.747 test_trades=20 test_pf=1.202 test_ret=1.09
# Event Option Gate Walk-Forward

Causal diagnostic over event-level option-chain features. Models predict CALL/PUT option returns; thresholds are selected only on prior validation months.

## Overall

```json
{
  "trades": 325,
  "win_rate": 0.5323076923076923,
  "profit_factor": 1.1558827114631252,
  "pnl_return": 11.323312489147868,
  "avg_return": 0.034840961505070364,
  "max_drawdown": -8.184731699375824,
  "call_rate": 0.56,
  "days_with_trades": 199,
  "daily_win_rate": 0.5125628140703518,
  "median_daily_return": 0.03511989074216515,
  "daily_max_drawdown": -8.157902452801077,
  "top5_day_return": 13.645211712603867,
  "top5_share_of_pnl": 1.2050547687067084,
  "min_month_trades": 0,
  "positive_month_rate": 0.5333333333333333
}
```

## Per Ticker

```json
{
  "QQQ": {
    "trades": 325,
    "win_rate": 0.5323076923076923,
    "profit_factor": 1.1558827114631252,
    "pnl_return": 11.323312489147868,
    "avg_return": 0.034840961505070364,
    "max_drawdown": -8.184731699375824,
    "call_rate": 0.56,
    "days_with_trades": 199,
    "daily_win_rate": 0.5125628140703518,
    "median_daily_return": 0.03511989074216515,
    "daily_max_drawdown": -8.157902452801077,
    "top5_day_return": 13.645211712603867,
    "top5_share_of_pnl": 1.2050547687067084,
    "min_month_trades": 0,
    "positive_month_rate": 0.5333333333333333
  }
}
```

## Fold Configs

```csv
ticker,month,test_month,train_months,train_month_max,first_val_month,val_months,val_month_max,deploy_config,train_rows,val_rows,test_rows,val_score,abstained_invalid_val,val_trades,val_win_rate,val_profit_factor,val_pnl_return,val_avg_return,val_max_drawdown,val_call_rate,val_days_with_trades,val_daily_win_rate,val_median_daily_return,val_daily_max_drawdown,val_top5_day_return,val_top5_share_of_pnl,val_min_month_trades,val_positive_month_rate,test_trades,test_win_rate,test_profit_factor,test_pnl_return,test_avg_return,test_max_drawdown,test_call_rate,test_days_with_trades,test_daily_win_rate,test_median_daily_return,test_daily_max_drawdown,test_top5_day_return,test_top5_share_of_pnl,test_min_month_trades,test_positive_month_rate

QQQ,202508,202508,202501,202501,202502,"202502,202503,202504,202505,202506,202507",202507,thr0.300_maxday1,631,4132,755,3.7278358583512303,False,105,0.5047619047619047,0.9623297712573851,-0.8833280922090723,-0.00841264849722926,-4.857214349499709,0.5619047619047619,105,0.5047619047619047,0.019999980926513672,-4.857214349499709,5.481946991397226,-6.2060145485554425,12,0.6666666666666666,15,0.3333333333333333,0.9058406300969292,-0.31582179812771827,-0.021054786541847885,-1.6200184027931552,0.0,15,0.3333333333333333,-0.1598063117535854,-1.6200184027931552,3.038297908204538,-9.620291969130804,15,0.0

QQQ,202509,202509,"202501,202502",202502,202503,"202503,202504,202505,202506,202507,202508",202508,thr0.300_maxday1,1195,4323,795,5.413722936464444,False,100,0.56,1.4111951235695879,7.646717460874172,0.07646717460874172,-3.673936441540266,0.68,100,0.56,0.1421452404573441,-3.673936441540266,6.818143390171685,0.8916431691190321,12,0.6666666666666666,11,0.6363636363636364,1.21592421737592,0.5182181217022076,0.047110738336564324,-0.7321100403710475,1.0,11,0.6363636363636364,0.31844554956589555,-0.7321100403710475,2.4647172291144455,4.756138633320097,11,1.0

QQQ,202510,202510,"202501,202502,202503",202503,202504,"202504,202505,202506,202507,202508,202509",202509,thr-0.100_maxday3,1853,4460,802,6.939729919240547,False,368,0.532608695652174,1.2811303204498259,18.071781432045658,0.049108101717515375,-5.006599689469812,0.6413043478260869,125,0.576,0.27956177118968395,-4.380140195662539,12.173740076074935,0.6736325426384329,58,1.0,68,0.5294117647058824,1.0312689795473005,0.4900316381043136,0.007206347619181082,-7.3534549054793805,0.7205882352941176,23,0.5217391304347826,0.10869621266347163,-7.32662565890463,9.289986418216646,18.957931888142856,68,1.0

QQQ,202511,202511,"202501,202502,202503,202504",202504,202505,"202505,202506,202507,202508,202509,202510",202510,thr0.200_maxday3,2442,4673,624,5.932423544625954,False,276,0.5760869565217391,1.312093711243068,14.742832283297027,0.053416058997453,-7.102306712106256,0.8007246376811594,104,0.5480769230769231,0.2164817250577309,-6.882680652689462,12.402092139668643,0.8412285985047568,31,0.8333333333333334,45,0.6,1.4157362070293824,3.9508512088184884,0.08779669352929974,-1.8,0.9111111111111111,17,0.6470588235294118,0.3687232061035547,-1.2,4.739093135642562,1.1995119241809662,45,1.0

QQQ,202512,202512,"202501,202502,202503,202504,202505",202505,202506,"202506,202507,202508,202509,202510,202511",202511,thr0.200_maxday3,3203,4536,742,6.940950095267241,False,196,0.6275510204081632,1.5880090054138003,19.53847824699604,0.09968611350508183,-4.548363214855986,0.8775510204081632,89,0.6404494382022472,0.29911793031180767,-4.548363214855987,10.96720952854589,0.5613133934948109,24,0.6666666666666666,33,0.5757575757575758,1.3059977619987042,1.592614484672355,0.04826104499007136,-3.1516590217800253,1.0,16,0.6875,0.29582147513729035,-3.1516590217800253,4.387977898146983,2.7552040624883003,33,1.0

QQQ,202601,202601,"202501,202502,202503,202504,202505,202506",202506,202507,"202507,202508,202509,202510,202511,202512",202512,thr-0.100_maxday1,3966,4515,692,6.481454135421237,False,128,0.5859375,1.6091856904162858,12.940134633529446,0.1010948018244488,-3.5496138658085012,0.4921875,128,0.5859375,0.22062334383251203,-3.5496138658085012,5.593144328883629,0.4322323134406283,19,0.8333333333333334,20,0.6,2.176243917398343,3.9026942507816185,0.19513471253908093,-1.2786516974330802,0.5,20,0.6,0.22393906094353522,-1.2786516974330802,5.276269956807864,1.3519557561423499,20,1.0

QQQ,202602,202602,"202501,202502,202503,202504,202505,202506,202507",202507,202508,"202508,202509,202510,202511,202512,202601",202601,thr0.400_maxday2,4763,4410,550,5.480688965824221,False,225,0.5066666666666667,1.2198610380966868,11.467087316639763,0.05096483251839894,-6.654638221324104,0.0,115,0.48695652173913045,-0.0780027951963016,-6.654638221324108,16.750956301270197,1.4607856239973922,28,0.8333333333333334,33,0.5151515151515151,1.3340900671714537,2.606088069822964,0.07897236575221103,-2.8530613857448626,0.0,17,0.47058823529411764,-0.17800006866455076,-2.853061385744862,8.143764352329596,3.1248999013616663,33,1.0

QQQ,202603,202603,"202501,202502,202503,202504,202505,202506,202507,202508",202508,202509,"202509,202510,202511,202512,202601,202602",202602,thr0.132_maxday2,5518,4205,764,6.151677026375542,False,208,0.5528846153846154,1.4087882592673184,17.268206593558276,0.0830202240074917,-6.416160926254473,0.2692307692307692,113,0.5221238938053098,0.1310343781492832,-6.416160926254474,11.80745718950467,0.6837685850891614,27,0.6666666666666666,42,0.6190476190476191,1.5862956839519424,4.649516653354321,0.11070277746081716,-2.2600746481351948,0.40476190476190477,22,0.5454545454545454,0.1489955471461631,-1.7475747161217416,7.1142633664341846,1.5301081589420076,42,1.0

QQQ,202604,202604,"202501,202502,202503,202504,202505,202506,202507,202508,202509",202509,202510,"202510,202511,202512,202601,202602,202603",202603,thr0.097_maxday1,6313,4174,636,7.632392137571677,False,121,0.5702479338842975,1.790240882046571,18.721988781692282,0.1547271800139858,-2.3999999999999986,0.09917355371900827,121,0.5702479338842975,0.2550167176077065,-2.3999999999999986,10.768382891382842,0.5751730233869677,18,1.0,18,0.2777777777777778,0.22676883492789526,-5.514526791844841,-0.3063625995469356,-5.518471561124791,0.05555555555555555,18,0.2777777777777778,-0.6,-5.518471561124791,1.6172690293060104,-0.293274308087089,18,0.0

QQQ,202605,202605,"202501,202502,202503,202504,202505,202506,202507,202508,202509,202510",202510,202511,"202511,202512,202601,202602,202603,202604",202604,thr-0.100_maxday1,7115,4008,706,6.379784351480494,False,120,0.5416666666666666,1.544349989549608,13.136895055309598,0.10947412546091331,-3.6348493223696274,0.43333333333333335,120,0.5416666666666666,0.13190473710385686,-3.6348493223696274,7.491305847005352,0.5702493485306147,18,0.8333333333333334,20,0.45,0.6674922632630094,-1.6446060391581243,-0.08223030195790622,-2.656741750162526,0.75,20,0.45,-0.04746895342731283,-2.656741750162526,2.622847028853389,-1.5948178265209505,20,0.0

QQQ,202606,202606,"202501,202502,202503,202504,202505,202506,202507,202508,202509,202510,202511",202511,202512,"202512,202601,202602,202603,202604,202605",202605,thr-0.100_maxday1,7739,4090,617,7.306328899226049,False,121,0.5785123966942148,1.7474681458428518,15.349518958094231,0.12685552857929117,-2.1123595339468424,0.6198347107438017,121,0.5785123966942148,0.17494598763683844,-2.1123595339468424,6.417382177213512,0.4180836021463361,18,1.0,20,0.5,1.2022874122316893,1.0882526910222845,0.054412634551114225,-2.379735095804471,0.25,20,0.5,0.022420206669580445,-2.379735095804471,4.653980646470082,4.276562497721203,20,1.0


```

## Config

```json
{
  "args": {
    "data": "research_papers/JEPA/results/_diagnostics/event_option_dataset_spxw_spy_qqq_zero_dte_dense15_202501_202606_minhold30_sl60_trail050_025_tp1000_v1_physics/event_option_dataset.parquet",
    "output_dir": "research_papers\\JEPA\\results\\_diagnostics\\event_option_mh30trail_clean1000_nopool_d80_return_wf202504_202606_v1_QQQ",
    "tickers": [
      "QQQ"
    ],
    "train_tickers": [],
    "expiry_modes": [],
    "start_month": "202504",
    "end_month": "202606",
    "val_months": 6,
    "pooled_train": false,
    "delta_bucket": 80,
    "label_mode": "return",
    "clip_return": 5.0,
    "min_train_rows": 500,
    "min_val_rows": 30,
    "min_val_trades": 30,
    "min_month_trades": 3,
    "min_val_pf": 0.0,
    "min_val_win_rate": 0.0,
    "min_val_positive_month_rate": 0.0,
    "min_val_daily_win_rate": 0.0,
    "min_val_median_daily_return": -Infinity,
    "max_val_top5_share": Infinity,
    "max_val_daily_drawdown": Infinity,
    "min_call_rate": 0.0,
    "max_call_rate": 1.0,
    "cooldown_minutes": 30,
    "objective": "regression_l1",
    "n_estimators": 160,
    "learning_rate": 0.035,
    "num_leaves": 31,
    "min_child_samples": 60,
    "subsample": 0.85,
    "colsample_bytree": 0.85,
    "reg_lambda": 5.0,
    "lgb_jobs": 4,
    "threshold_grid": [
      -999.0,
      -0.2,
      -0.1,
      0.0,
      0.05,
      0.1,
      0.2,
      0.3,
      0.4,
      0.5,
      0.75,
      1.0
    ],
    "threshold_quantiles": [
      0.3,
      0.5,
      0.7,
      0.85,
      0.95,
      0.98
    ],
    "max_day_grid": [
      1,
      2,
      3
    ],
    "feature_include_prefixes": [],
    "feature_exclude_prefixes": [],
    "live_observable_features_only": true,
    "entry_time_min_et": "10:00",
    "allow_invalid_val_deploy": false,
    "deploy_month": "",
    "deploy_select_end_month": "",
    "export_deploy_model": false,
    "exclude_months": [],
    "skip_walkforward": false,
    "resume": true,
    "seed": 20260617
  },
  "feature_count": 243,
  "features": [
    "dte_days",
    "minute",
    "spot",
    "underlying_volume",
    "ret_1m_bps",
    "ret_5m_bps",
    "ret_15m_bps",
    "ret_30m_bps",
    "call_d15_available",
    "call_d15_strike_bps",
    "call_d15_abs_delta",
    "call_d15_iv",
    "call_d15_mid_bps",
    "call_d15_spread_pct",
    "call_d15_theta_over_mid",
    "call_d15_vega",
    "call_d15_oi",
    "call_d15_volume",
    "put_d15_available",
    "put_d15_strike_bps",
    "put_d15_abs_delta",
    "put_d15_iv",
    "put_d15_mid_bps",
    "put_d15_spread_pct",
    "put_d15_theta_over_mid",
    "put_d15_vega",
    "put_d15_oi",
    "put_d15_volume",
    "call_d25_available",
    "call_d25_strike_bps",
    "call_d25_abs_delta",
    "call_d25_iv",
    "call_d25_mid_bps",
    "call_d25_spread_pct",
    "call_d25_theta_over_mid",
    "call_d25_vega",
    "call_d25_oi",
    "call_d25_volume",
    "put_d25_available",
    "put_d25_strike_bps",
    "put_d25_abs_delta",
    "put_d25_iv",
    "put_d25_mid_bps",
    "put_d25_spread_pct",
    "put_d25_theta_over_mid",
    "put_d25_vega",
    "put_d25_oi",
    "put_d25_volume",
    "call_d35_available",
    "call_d35_strike_bps",
    "call_d35_abs_delta",
    "call_d35_iv",
    "call_d35_mid_bps",
    "call_d35_spread_pct",
    "call_d35_theta_over_mid",
    "call_d35_vega",
    "call_d35_oi",
    "call_d35_volume",
    "put_d35_available",
    "put_d35_strike_bps",
    "put_d35_abs_delta",
    "put_d35_iv",
    "put_d35_mid_bps",
    "put_d35_spread_pct",
    "put_d35_theta_over_mid",
    "put_d35_vega",
    "put_d35_oi",
    "put_d35_volume",
    "call_d50_available",
    "call_d50_strike_bps",
    "call_d50_abs_delta",
    "call_d50_iv",
    "call_d50_mid_bps",
    "call_d50_spread_pct",
    "call_d50_theta_over_mid",
    "call_d50_vega",
    "call_d50_oi",
    "call_d50_volume",
    "put_d50_available",
    "put_d50_strike_bps",
    "put_d50_abs_delta",
    "put_d50_iv",
    "put_d50_mid_bps",
    "put_d50_spread_pct",
    "put_d50_theta_over_mid",
    "put_d50_vega",
    "put_d50_oi",
    "put_d50_volume",
    "call_d65_available",
    "call_d65_strike_bps",
    "call_d65_abs_delta",
    "call_d65_iv",
    "call_d65_mid_bps",
    "call_d65_spread_pct",
    "call_d65_theta_over_mid",
    "call_d65_vega",
    "call_d65_oi",
    "call_d65_volume",
    "put_d65_available",
    "put_d65_strike_bps",
    "put_d65_abs_delta",
    "put_d65_iv",
    "put_d65_mid_bps",
    "put_d65_spread_pct",
    "put_d65_theta_over_mid",
    "put_d65_vega",
    "put_d65_oi",
    "put_d65_volume",
    "call_d80_available",
    "call_d80_strike_bps",
    "call_d80_abs_delta",
    "call_d80_iv",
    "call_d80_mid_bps",
    "call_d80_spread_pct",
    "call_d80_theta_over_mid",
    "call_d80_vega",
    "call_d80_oi",
    "call_d80_volume",
    "put_d80_available",
    "put_d80_strike_bps",
    "put_d80_abs_delta",
    "put_d80_iv",
    "put_d80_mid_bps",
    "put_d80_spread_pct",
    "put_d80_theta_over_mid",
    "put_d80_vega",
    "put_d80_oi",
    "put_d80_volume",
    "phys_d15_iv_skew_put_minus_call",
    "phys_d15_iv_mean",
    "phys_d15_volume_skew_call_minus_put",
    "phys_d15_oi_skew_call_minus_put",
    "phys_d15_mid_skew_call_minus_put",
    "phys_d15_spread_mean",
    "phys_d15_theta_skew_call_minus_put",
    "phys_d15_vega_skew_call_minus_put",
    "phys_d15_abs_delta_gap",
    "phys_d15_liquidity_score",
    "phys_d25_iv_skew_put_minus_call",
    "phys_d25_iv_mean",
    "phys_d25_volume_skew_call_minus_put",
    "phys_d25_oi_skew_call_minus_put",
    "phys_d25_mid_skew_call_minus_put",
    "phys_d25_spread_mean",
    "phys_d25_theta_skew_call_minus_put",
    "phys_d25_vega_skew_call_minus_put",
    "phys_d25_abs_delta_gap",
    "phys_d25_liquidity_score",
    "phys_d35_iv_skew_put_minus_call",
    "phys_d35_iv_mean",
    "phys_d35_volume_skew_call_minus_put",
    "phys_d35_oi_skew_call_minus_put",
    "phys_d35_mid_skew_call_minus_put",
    "phys_d35_spread_mean",
    "phys_d35_theta_skew_call_minus_put",
    "phys_d35_vega_skew_call_minus_put",
    "phys_d35_abs_delta_gap",
    "phys_d35_liquidity_score",
    "phys_d50_iv_skew_put_minus_call",
    "phys_d50_iv_mean",
    "phys_d50_volume_skew_call_minus_put",
    "phys_d50_oi_skew_call_minus_put",
    "phys_d50_mid_skew_call_minus_put",
    "phys_d50_spread_mean",
    "phys_d50_theta_skew_call_minus_put",
    "phys_d50_vega_skew_call_minus_put",
    "phys_d50_abs_delta_gap",
    "phys_d50_liquidity_score",
    "phys_d65_iv_skew_put_minus_call",
    "phys_d65_iv_mean",
    "phys_d65_volume_skew_call_minus_put",
    "phys_d65_oi_skew_call_minus_put",
    "phys_d65_mid_skew_call_minus_put",
    "phys_d65_spread_mean",
    "phys_d65_theta_skew_call_minus_put",
    "phys_d65_vega_skew_call_minus_put",
    "phys_d65_abs_delta_gap",
    "phys_d65_liquidity_score",
    "phys_d80_iv_skew_put_minus_call",
    "phys_d80_iv_mean",
    "phys_d80_volume_skew_call_minus_put",
    "phys_d80_oi_skew_call_minus_put",
    "phys_d80_mid_skew_call_minus_put",
    "phys_d80_spread_mean",
    "phys_d80_theta_skew_call_minus_put",
    "phys_d80_vega_skew_call_minus_put",
    "phys_d80_abs_delta_gap",
    "phys_d80_liquidity_score",
    "phys_total_volume_skew_call_minus_put",
    "phys_total_oi_skew_call_minus_put",
    "phys_total_option_volume_log",
    "phys_total_option_oi_log",
    "phys_call_iv_slope_low_to_high",
    "phys_put_iv_slope_low_to_high",
    "phys_call_mid_slope_low_to_high",
    "phys_put_mid_slope_low_to_high",
    "phys_momentum_accel_ret_1m_bps_minus_ret_5m_bps",
    "phys_abs_ret_1m_bps",
    "phys_momentum_accel_ret_5m_bps_minus_ret_15m_bps",
    "phys_abs_ret_5m_bps",
    "phys_momentum_accel_ret_15m_bps_minus_ret_30m_bps",
    "phys_abs_ret_15m_bps",
    "phys_abs_ret_30m_bps",
    "ctx_spx_spot",
    "ctx_spx_ret_1m_bps",
    "ctx_spx_ret_1m_bps_minus_self",
    "ctx_spx_ret_5m_bps",
    "ctx_spx_ret_5m_bps_minus_self",
    "ctx_spx_ret_15m_bps",
    "ctx_spx_ret_15m_bps_minus_self",
    "ctx_spx_ret_30m_bps",
    "ctx_spx_ret_30m_bps_minus_self",
    "ctx_spx_phys_d35_iv_skew_put_minus_call",
    "ctx_spx_phys_total_volume_skew_call_minus_put",
    "ctx_spx_phys_total_oi_skew_call_minus_put",
    "ctx_spy_spot",
    "ctx_spy_ret_1m_bps",
    "ctx_spy_ret_1m_bps_minus_self",
    "ctx_spy_ret_5m_bps",
    "ctx_spy_ret_5m_bps_minus_self",
    "ctx_spy_ret_15m_bps",
    "ctx_spy_ret_15m_bps_minus_self",
    "ctx_spy_ret_30m_bps",
    "ctx_spy_ret_30m_bps_minus_self",
    "ctx_spy_phys_d35_iv_skew_put_minus_call",
    "ctx_spy_phys_total_volume_skew_call_minus_put",
    "ctx_spy_phys_total_oi_skew_call_minus_put",
    "ctx_qqq_spot",
    "ctx_qqq_ret_1m_bps",
    "ctx_qqq_ret_1m_bps_minus_self",
    "ctx_qqq_ret_5m_bps",
    "ctx_qqq_ret_5m_bps_minus_self",
    "ctx_qqq_ret_15m_bps",
    "ctx_qqq_ret_15m_bps_minus_self",
    "ctx_qqq_ret_30m_bps",
    "ctx_qqq_ret_30m_bps_minus_self",
    "ctx_qqq_phys_d35_iv_skew_put_minus_call",
    "ctx_qqq_phys_total_volume_skew_call_minus_put",
    "ctx_qqq_phys_total_oi_skew_call_minus_put",
    "ctx_spy_qqq_ret_5m_spread",
    "ctx_spx_spy_ret_5m_spread",
    "ticker_QQQ",
    "expiry_mode_zero_dte"
  ],
  "grid": [
    {
      "threshold": -999.0,
      "max_trades_per_day": 1
    },
    {
      "threshold": -999.0,
      "max_trades_per_day": 2
    },
    {
      "threshold": -999.0,
      "max_trades_per_day": 3
    },
    {
      "threshold": -0.2,
      "max_trades_per_day": 1
    },
    {
      "threshold": -0.2,
      "max_trades_per_day": 2
    },
    {
      "threshold": -0.2,
      "max_trades_per_day": 3
    },
    {
      "threshold": -0.1,
      "max_trades_per_day": 1
    },
    {
      "threshold": -0.1,
      "max_trades_per_day": 2
    },
    {
      "threshold": -0.1,
      "max_trades_per_day": 3
    },
    {
      "threshold": 0.0,
      "max_trades_per_day": 1
    },
    {
      "threshold": 0.0,
      "max_trades_per_day": 2
    },
    {
      "threshold": 0.0,
      "max_trades_per_day": 3
    },
    {
      "threshold": 0.05,
      "max_trades_per_day": 1
    },
    {
      "threshold": 0.05,
      "max_trades_per_day": 2
    },
    {
      "threshold": 0.05,
      "max_trades_per_day": 3
    },
    {
      "threshold": 0.1,
      "max_trades_per_day": 1
    },
    {
      "threshold": 0.1,
      "max_trades_per_day": 2
    },
    {
      "threshold": 0.1,
      "max_trades_per_day": 3
    },
    {
      "threshold": 0.2,
      "max_trades_per_day": 1
    },
    {
      "threshold": 0.2,
      "max_trades_per_day": 2
    },
    {
      "threshold": 0.2,
      "max_trades_per_day": 3
    },
    {
      "threshold": 0.3,
      "max_trades_per_day": 1
    },
    {
      "threshold": 0.3,
      "max_trades_per_day": 2
    },
    {
      "threshold": 0.3,
      "max_trades_per_day": 3
    },
    {
      "threshold": 0.4,
      "max_trades_per_day": 1
    },
    {
      "threshold": 0.4,
      "max_trades_per_day": 2
    },
    {
      "threshold": 0.4,
      "max_trades_per_day": 3
    },
    {
      "threshold": 0.5,
      "max_trades_per_day": 1
    },
    {
      "threshold": 0.5,
      "max_trades_per_day": 2
    },
    {
      "threshold": 0.5,
      "max_trades_per_day": 3
    },
    {
      "threshold": 0.75,
      "max_trades_per_day": 1
    },
    {
      "threshold": 0.75,
      "max_trades_per_day": 2
    },
    {
      "threshold": 0.75,
      "max_trades_per_day": 3
    },
    {
      "threshold": 1.0,
      "max_trades_per_day": 1
    },
    {
      "threshold": 1.0,
      "max_trades_per_day": 2
    },
    {
      "threshold": 1.0,
      "max_trades_per_day": 3
    }
  ],
  "data_rows": 12446
}
```
