# Event Trade Union Config Selector

This result selects source variants, max trades per day, and cooldown walk-forward by test month using only prior out-of-sample months.

## Overall

```json
{
  "trades": 312,
  "win_rate": 0.483974358974359,
  "profit_factor": 1.2736961207540276,
  "pnl_return": 25.32310684170802,
  "avg_return": 0.0811638039798334,
  "max_drawdown": -11.81003580315678,
  "call_rate": 0.3557692307692308,
  "days_with_trades": 119,
  "daily_win_rate": 0.5042016806722689,
  "median_daily_return": 0.019158911823716873,
  "daily_max_drawdown": -10.610035803156734,
  "top5_day_return": 20.174717750932377,
  "top5_share_of_pnl": 0.7966920440308662,
  "min_month_trades": 39,
  "positive_month_rate": 0.6666666666666666
}
```

## By Ticker

```json
{
  "QQQ": {
    "trades": 312,
    "win_rate": 0.483974358974359,
    "profit_factor": 1.2736961207540276,
    "pnl_return": 25.32310684170802,
    "avg_return": 0.0811638039798334,
    "max_drawdown": -11.81003580315678,
    "call_rate": 0.3557692307692308,
    "days_with_trades": 119,
    "daily_win_rate": 0.5042016806722689,
    "median_daily_return": 0.019158911823716873,
    "daily_max_drawdown": -10.610035803156734,
    "top5_day_return": 20.174717750932377,
    "top5_share_of_pnl": 0.7966920440308662,
    "min_month_trades": 39,
    "positive_month_rate": 0.6666666666666666
  }
}
```

- Risk capital: $5,000
- Net PnL: $126,616

## Folds

```csv
ticker,month,mode,variants,selected_source,source_stream,source_path,max_day,cooldown,daily_order,select_months,select_score,select_trades,select_win_rate,select_profit_factor,select_pnl_return,select_avg_return,select_max_drawdown,select_call_rate,select_days_with_trades,select_daily_win_rate,select_median_daily_return,select_daily_max_drawdown,select_top5_day_return,select_top5_share_of_pnl,select_min_month_trades,select_positive_month_rate,test_trades,test_win_rate,test_profit_factor,test_pnl_return,test_avg_return,test_max_drawdown,test_call_rate,test_days_with_trades,test_daily_win_rate,test_median_daily_return,test_daily_max_drawdown,test_top5_day_return,test_top5_share_of_pnl,test_min_month_trades,test_positive_month_rate

QQQ,202601,SELECTED,"d25,d50,d65,d80","d25,d50,d65,d80",event_trade_union_config_selector,research_papers\JEPA\results\_diagnostics\event_option_mh30trail_clean1000_nopool_d25_return_wf202508_202606_combined_v1\event_option_gate_trades.csv|research_papers\JEPA\results\_diagnostics\event_option_mh30trail_clean1000_nopool_d50_return_wf202508_202606_combined_v1\event_option_gate_trades.csv|research_papers\JEPA\results\_diagnostics\event_option_mh30trail_clean1000_nopool_d65_return_wf202508_202606_combined_v1\event_option_gate_trades.csv|research_papers\JEPA\results\_diagnostics\event_option_mh30trail_clean1000_nopool_d80_return_wf202508_202606_combined_v1\event_option_gate_trades.csv,2,0,time_asc,"202508,202509,202510,202511,202512",45.903587668954714,198,0.5505050505050505,1.4650729794794013,22.89577977793482,0.11563525140371121,-6.654119954258832,0.5555555555555556,105,0.5047619047619047,0.007142873921082482,-6.654119954258807,13.61058855349457,0.5944583973772931,32,1.0,40,0.55,1.9760637382888853,9.996809777132023,0.24992024442830058,-2.542838072719082,0.575,20,0.5,0.052864233141620115,-1.9428380727190842,13.173763946071263,1.3177968011561658,40,1.0

QQQ,202602,SELECTED,"d25,d65","d25,d65",event_trade_union_config_selector,research_papers\JEPA\results\_diagnostics\event_option_mh30trail_clean1000_nopool_d25_return_wf202508_202606_combined_v1\event_option_gate_trades.csv|research_papers\JEPA\results\_diagnostics\event_option_mh30trail_clean1000_nopool_d65_return_wf202508_202606_combined_v1\event_option_gate_trades.csv,3,0,score_desc,"202509,202510,202511,202512,202601",51.94323392052652,252,0.5793650793650794,1.6625216819174373,41.358249945451874,0.16412003946607887,-9.845730184184713,0.5,97,0.5979381443298969,0.3226005779518718,-9.067561028212506,20.20283834394347,0.4884838785632697,19,1.0,54,0.3888888888888889,0.9325568578510456,-1.3102436574879328,-0.02426377143496172,-5.923164727327974,0.018518518518518517,19,0.3684210526315789,-0.7782828732858247,-5.923164727327974,12.16699488057824,-9.286055163133119,54,0.0

QQQ,202603,SELECTED,"d25,d35,d65,d80","d25,d35,d65,d80",event_trade_union_config_selector,research_papers\JEPA\results\_diagnostics\event_option_mh30trail_clean1000_nopool_d25_return_wf202508_202606_combined_v1\event_option_gate_trades.csv|research_papers\JEPA\results\_diagnostics\event_option_mh30trail_clean1000_nopool_d35_return_wf202508_202606_combined_v1\event_option_gate_trades.csv|research_papers\JEPA\results\_diagnostics\event_option_mh30trail_clean1000_nopool_d65_return_wf202508_202606_combined_v1\event_option_gate_trades.csv|research_papers\JEPA\results\_diagnostics\event_option_mh30trail_clean1000_nopool_d80_return_wf202508_202606_combined_v1\event_option_gate_trades.csv,3,30,score_desc,"202510,202511,202512,202601,202602",49.455828408116346,295,0.5661016949152542,1.4723432956599964,34.15224475581067,0.11577032120613787,-9.113354044418084,0.47796610169491527,103,0.5533980582524272,0.23506497649698954,-8.67648519448041,18.21720834080882,0.5334117411918975,50,1.0,65,0.5384615384615384,1.4740776999322236,8.190459224380259,0.12600706499046552,-2.462937005224117,0.4461538461538462,22,0.6818181818181818,0.3244150406457195,-2.1690773450939895,12.122958771112103,1.4801317531776617,65,1.0

QQQ,202604,SELECTED,"d25,d65,d80","d25,d65,d80",event_trade_union_config_selector,research_papers\JEPA\results\_diagnostics\event_option_mh30trail_clean1000_nopool_d25_return_wf202508_202606_combined_v1\event_option_gate_trades.csv|research_papers\JEPA\results\_diagnostics\event_option_mh30trail_clean1000_nopool_d65_return_wf202508_202606_combined_v1\event_option_gate_trades.csv|research_papers\JEPA\results\_diagnostics\event_option_mh30trail_clean1000_nopool_d80_return_wf202508_202606_combined_v1\event_option_gate_trades.csv,3,0,time_asc,"202511,202512,202601,202602,202603",49.644963017804876,298,0.5268456375838926,1.4892297471558826,38.95967795912089,0.13073717435946608,-11.27254701386531,0.4966442953020134,102,0.5490196078431373,0.20666921009948433,-10.67254701386529,20.4118199425468,0.5239216803579396,53,1.0,54,0.46296296296296297,1.257912257938431,4.2155433871264165,0.07806561828011882,-5.649496679474732,0.2962962962962963,18,0.4444444444444444,-0.5332971056286288,-4.449496679474733,12.260854709045155,2.9084873723486777,54,1.0

QQQ,202605,SELECTED,"d25,d65,d80","d25,d65,d80",event_trade_union_config_selector,research_papers\JEPA\results\_diagnostics\event_option_mh30trail_clean1000_nopool_d25_return_wf202508_202606_combined_v1\event_option_gate_trades.csv|research_papers\JEPA\results\_diagnostics\event_option_mh30trail_clean1000_nopool_d65_return_wf202508_202606_combined_v1\event_option_gate_trades.csv|research_papers\JEPA\results\_diagnostics\event_option_mh30trail_clean1000_nopool_d80_return_wf202508_202606_combined_v1\event_option_gate_trades.csv,3,0,score_desc,"202512,202601,202602,202603,202604",48.21284674109051,299,0.5317725752508361,1.4303802753116006,33.823071215672286,0.11312063951729862,-10.34914476066388,0.3979933110367893,101,0.5643564356435643,0.17528285257080023,-9.749144760663885,20.468555831208807,0.6051655008113066,54,1.0,60,0.4666666666666667,0.6972626897859686,-5.552685282257097,-0.09254475470428496,-8.915016497328667,0.5666666666666667,20,0.5,-0.22243512582704594,-8.637716904069359,5.790241969973543,-1.042782307233498,60,0.0

QQQ,202606,SELECTED,"d25,d35","d25,d35",event_trade_union_config_selector,research_papers\JEPA\results\_diagnostics\event_option_mh30trail_clean1000_nopool_d25_return_wf202508_202606_combined_v1\event_option_gate_trades.csv|research_papers\JEPA\results\_diagnostics\event_option_mh30trail_clean1000_nopool_d35_return_wf202508_202606_combined_v1\event_option_gate_trades.csv,2,0,time_asc,"202601,202602,202603,202604,202605",46.35870880491474,198,0.5151515151515151,1.4672515655011622,26.558371717202625,0.13413319049092234,-4.78826617238215,0.4595959595959596,99,0.46464646464646464,-0.1357143726015212,-4.253608014016091,22.43733304618513,0.8448308987125074,36,1.0,39,0.5128205128205128,1.8983447667348627,9.783223392814362,0.25085188186703494,-2.5612582990586867,0.20512820512820512,20,0.5,0.022577079950107576,-2.2142856053146343,13.640369408856726,1.394261263509058,39,1.0


```

## Candidate Configs

```json
[
  {
    "variants": [
      "d25"
    ],
    "max_day": 1,
    "cooldown": 0,
    "daily_order": "time_asc"
  },
  {
    "variants": [
      "d25"
    ],
    "max_day": 1,
    "cooldown": 0,
    "daily_order": "score_desc"
  },
  {
    "variants": [
      "d25"
    ],
    "max_day": 1,
    "cooldown": 30,
    "daily_order": "time_asc"
  },
  {
    "variants": [
      "d25"
    ],
    "max_day": 1,
    "cooldown": 30,
    "daily_order": "score_desc"
  },
  {
    "variants": [
      "d25"
    ],
    "max_day": 1,
    "cooldown": 60,
    "daily_order": "time_asc"
  },
  {
    "variants": [
      "d25"
    ],
    "max_day": 1,
    "cooldown": 60,
    "daily_order": "score_desc"
  },
  {
    "variants": [
      "d25"
    ],
    "max_day": 2,
    "cooldown": 0,
    "daily_order": "time_asc"
  },
  {
    "variants": [
      "d25"
    ],
    "max_day": 2,
    "cooldown": 0,
    "daily_order": "score_desc"
  },
  {
    "variants": [
      "d25"
    ],
    "max_day": 2,
    "cooldown": 30,
    "daily_order": "time_asc"
  },
  {
    "variants": [
      "d25"
    ],
    "max_day": 2,
    "cooldown": 30,
    "daily_order": "score_desc"
  },
  {
    "variants": [
      "d25"
    ],
    "max_day": 2,
    "cooldown": 60,
    "daily_order": "time_asc"
  },
  {
    "variants": [
      "d25"
    ],
    "max_day": 2,
    "cooldown": 60,
    "daily_order": "score_desc"
  },
  {
    "variants": [
      "d25"
    ],
    "max_day": 3,
    "cooldown": 0,
    "daily_order": "time_asc"
  },
  {
    "variants": [
      "d25"
    ],
    "max_day": 3,
    "cooldown": 0,
    "daily_order": "score_desc"
  },
  {
    "variants": [
      "d25"
    ],
    "max_day": 3,
    "cooldown": 30,
    "daily_order": "time_asc"
  },
  {
    "variants": [
      "d25"
    ],
    "max_day": 3,
    "cooldown": 30,
    "daily_order": "score_desc"
  },
  {
    "variants": [
      "d25"
    ],
    "max_day": 3,
    "cooldown": 60,
    "daily_order": "time_asc"
  },
  {
    "variants": [
      "d25"
    ],
    "max_day": 3,
    "cooldown": 60,
    "daily_order": "score_desc"
  },
  {
    "variants": [
      "d35"
    ],
    "max_day": 1,
    "cooldown": 0,
    "daily_order": "time_asc"
  },
  {
    "variants": [
      "d35"
    ],
    "max_day": 1,
    "cooldown": 0,
    "daily_order": "score_desc"
  },
  {
    "variants": [
      "d35"
    ],
    "max_day": 1,
    "cooldown": 30,
    "daily_order": "time_asc"
  },
  {
    "variants": [
      "d35"
    ],
    "max_day": 1,
    "cooldown": 30,
    "daily_order": "score_desc"
  },
  {
    "variants": [
      "d35"
    ],
    "max_day": 1,
    "cooldown": 60,
    "daily_order": "time_asc"
  },
  {
    "variants": [
      "d35"
    ],
    "max_day": 1,
    "cooldown": 60,
    "daily_order": "score_desc"
  },
  {
    "variants": [
      "d35"
    ],
    "max_day": 2,
    "cooldown": 0,
    "daily_order": "time_asc"
  },
  {
    "variants": [
      "d35"
    ],
    "max_day": 2,
    "cooldown": 0,
    "daily_order": "score_desc"
  },
  {
    "variants": [
      "d35"
    ],
    "max_day": 2,
    "cooldown": 30,
    "daily_order": "time_asc"
  },
  {
    "variants": [
      "d35"
    ],
    "max_day": 2,
    "cooldown": 30,
    "daily_order": "score_desc"
  },
  {
    "variants": [
      "d35"
    ],
    "max_day": 2,
    "cooldown": 60,
    "daily_order": "time_asc"
  },
  {
    "variants": [
      "d35"
    ],
    "max_day": 2,
    "cooldown": 60,
    "daily_order": "score_desc"
  },
  {
    "variants": [
      "d35"
    ],
    "max_day": 3,
    "cooldown": 0,
    "daily_order": "time_asc"
  },
  {
    "variants": [
      "d35"
    ],
    "max_day": 3,
    "cooldown": 0,
    "daily_order": "score_desc"
  },
  {
    "variants": [
      "d35"
    ],
    "max_day": 3,
    "cooldown": 30,
    "daily_order": "time_asc"
  },
  {
    "variants": [
      "d35"
    ],
    "max_day": 3,
    "cooldown": 30,
    "daily_order": "score_desc"
  },
  {
    "variants": [
      "d35"
    ],
    "max_day": 3,
    "cooldown": 60,
    "daily_order": "time_asc"
  },
  {
    "variants": [
      "d35"
    ],
    "max_day": 3,
    "cooldown": 60,
    "daily_order": "score_desc"
  },
  {
    "variants": [
      "d50"
    ],
    "max_day": 1,
    "cooldown": 0,
    "daily_order": "time_asc"
  },
  {
    "variants": [
      "d50"
    ],
    "max_day": 1,
    "cooldown": 0,
    "daily_order": "score_desc"
  },
  {
    "variants": [
      "d50"
    ],
    "max_day": 1,
    "cooldown": 30,
    "daily_order": "time_asc"
  },
  {
    "variants": [
      "d50"
    ],
    "max_day": 1,
    "cooldown": 30,
    "daily_order": "score_desc"
  },
  {
    "variants": [
      "d50"
    ],
    "max_day": 1,
    "cooldown": 60,
    "daily_order": "time_asc"
  },
  {
    "variants": [
      "d50"
    ],
    "max_day": 1,
    "cooldown": 60,
    "daily_order": "score_desc"
  },
  {
    "variants": [
      "d50"
    ],
    "max_day": 2,
    "cooldown": 0,
    "daily_order": "time_asc"
  },
  {
    "variants": [
      "d50"
    ],
    "max_day": 2,
    "cooldown": 0,
    "daily_order": "score_desc"
  },
  {
    "variants": [
      "d50"
    ],
    "max_day": 2,
    "cooldown": 30,
    "daily_order": "time_asc"
  },
  {
    "variants": [
      "d50"
    ],
    "max_day": 2,
    "cooldown": 30,
    "daily_order": "score_desc"
  },
  {
    "variants": [
      "d50"
    ],
    "max_day": 2,
    "cooldown": 60,
    "daily_order": "time_asc"
  },
  {
    "variants": [
      "d50"
    ],
    "max_day": 2,
    "cooldown": 60,
    "daily_order": "score_desc"
  },
  {
    "variants": [
      "d50"
    ],
    "max_day": 3,
    "cooldown": 0,
    "daily_order": "time_asc"
  },
  {
    "variants": [
      "d50"
    ],
    "max_day": 3,
    "cooldown": 0,
    "daily_order": "score_desc"
  },
  {
    "variants": [
      "d50"
    ],
    "max_day": 3,
    "cooldown": 30,
    "daily_order": "time_asc"
  },
  {
    "variants": [
      "d50"
    ],
    "max_day": 3,
    "cooldown": 30,
    "daily_order": "score_desc"
  },
  {
    "variants": [
      "d50"
    ],
    "max_day": 3,
    "cooldown": 60,
    "daily_order": "time_asc"
  },
  {
    "variants": [
      "d50"
    ],
    "max_day": 3,
    "cooldown": 60,
    "daily_order": "score_desc"
  },
  {
    "variants": [
      "d65"
    ],
    "max_day": 1,
    "cooldown": 0,
    "daily_order": "time_asc"
  },
  {
    "variants": [
      "d65"
    ],
    "max_day": 1,
    "cooldown": 0,
    "daily_order": "score_desc"
  },
  {
    "variants": [
      "d65"
    ],
    "max_day": 1,
    "cooldown": 30,
    "daily_order": "time_asc"
  },
  {
    "variants": [
      "d65"
    ],
    "max_day": 1,
    "cooldown": 30,
    "daily_order": "score_desc"
  },
  {
    "variants": [
      "d65"
    ],
    "max_day": 1,
    "cooldown": 60,
    "daily_order": "time_asc"
  },
  {
    "variants": [
      "d65"
    ],
    "max_day": 1,
    "cooldown": 60,
    "daily_order": "score_desc"
  },
  {
    "variants": [
      "d65"
    ],
    "max_day": 2,
    "cooldown": 0,
    "daily_order": "time_asc"
  },
  {
    "variants": [
      "d65"
    ],
    "max_day": 2,
    "cooldown": 0,
    "daily_order": "score_desc"
  },
  {
    "variants": [
      "d65"
    ],
    "max_day": 2,
    "cooldown": 30,
    "daily_order": "time_asc"
  },
  {
    "variants": [
      "d65"
    ],
    "max_day": 2,
    "cooldown": 30,
    "daily_order": "score_desc"
  },
  {
    "variants": [
      "d65"
    ],
    "max_day": 2,
    "cooldown": 60,
    "daily_order": "time_asc"
  },
  {
    "variants": [
      "d65"
    ],
    "max_day": 2,
    "cooldown": 60,
    "daily_order": "score_desc"
  },
  {
    "variants": [
      "d65"
    ],
    "max_day": 3,
    "cooldown": 0,
    "daily_order": "time_asc"
  },
  {
    "variants": [
      "d65"
    ],
    "max_day": 3,
    "cooldown": 0,
    "daily_order": "score_desc"
  },
  {
    "variants": [
      "d65"
    ],
    "max_day": 3,
    "cooldown": 30,
    "daily_order": "time_asc"
  },
  {
    "variants": [
      "d65"
    ],
    "max_day": 3,
    "cooldown": 30,
    "daily_order": "score_desc"
  },
  {
    "variants": [
      "d65"
    ],
    "max_day": 3,
    "cooldown": 60,
    "daily_order": "time_asc"
  },
  {
    "variants": [
      "d65"
    ],
    "max_day": 3,
    "cooldown": 60,
    "daily_order": "score_desc"
  },
  {
    "variants": [
      "d80"
    ],
    "max_day": 1,
    "cooldown": 0,
    "daily_order": "time_asc"
  },
  {
    "variants": [
      "d80"
    ],
    "max_day": 1,
    "cooldown": 0,
    "daily_order": "score_desc"
  },
  {
    "variants": [
      "d80"
    ],
    "max_day": 1,
    "cooldown": 30,
    "daily_order": "time_asc"
  },
  {
    "variants": [
      "d80"
    ],
    "max_day": 1,
    "cooldown": 30,
    "daily_order": "score_desc"
  },
  {
    "variants": [
      "d80"
    ],
    "max_day": 1,
    "cooldown": 60,
    "daily_order": "time_asc"
  },
  {
    "variants": [
      "d80"
    ],
    "max_day": 1,
    "cooldown": 60,
    "daily_order": "score_desc"
  },
  {
    "variants": [
      "d80"
    ],
    "max_day": 2,
    "cooldown": 0,
    "daily_order": "time_asc"
  },
  {
    "variants": [
      "d80"
    ],
    "max_day": 2,
    "cooldown": 0,
    "daily_order": "score_desc"
  },
  {
    "variants": [
      "d80"
    ],
    "max_day": 2,
    "cooldown": 30,
    "daily_order": "time_asc"
  },
  {
    "variants": [
      "d80"
    ],
    "max_day": 2,
    "cooldown": 30,
    "daily_order": "score_desc"
  },
  {
    "variants": [
      "d80"
    ],
    "max_day": 2,
    "cooldown": 60,
    "daily_order": "time_asc"
  },
  {
    "variants": [
      "d80"
    ],
    "max_day": 2,
    "cooldown": 60,
    "daily_order": "score_desc"
  },
  {
    "variants": [
      "d80"
    ],
    "max_day": 3,
    "cooldown": 0,
    "daily_order": "time_asc"
  },
  {
    "variants": [
      "d80"
    ],
    "max_day": 3,
    "cooldown": 0,
    "daily_order": "score_desc"
  },
  {
    "variants": [
      "d80"
    ],
    "max_day": 3,
    "cooldown": 30,
    "daily_order": "time_asc"
  },
  {
    "variants": [
      "d80"
    ],
    "max_day": 3,
    "cooldown": 30,
    "daily_order": "score_desc"
  },
  {
    "variants": [
      "d80"
    ],
    "max_day": 3,
    "cooldown": 60,
    "daily_order": "time_asc"
  },
  {
    "variants": [
      "d80"
    ],
    "max_day": 3,
    "cooldown": 60,
    "daily_order": "score_desc"
  },
  {
    "variants": [
      "d25",
      "d35"
    ],
    "max_day": 1,
    "cooldown": 0,
    "daily_order": "time_asc"
  },
  {
    "variants": [
      "d25",
      "d35"
    ],
    "max_day": 1,
    "cooldown": 0,
    "daily_order": "score_desc"
  },
  {
    "variants": [
      "d25",
      "d35"
    ],
    "max_day": 1,
    "cooldown": 30,
    "daily_order": "time_asc"
  },
  {
    "variants": [
      "d25",
      "d35"
    ],
    "max_day": 1,
    "cooldown": 30,
    "daily_order": "score_desc"
  },
  {
    "variants": [
      "d25",
      "d35"
    ],
    "max_day": 1,
    "cooldown": 60,
    "daily_order": "time_asc"
  },
  {
    "variants": [
      "d25",
      "d35"
    ],
    "max_day": 1,
    "cooldown": 60,
    "daily_order": "score_desc"
  },
  {
    "variants": [
      "d25",
      "d35"
    ],
    "max_day": 2,
    "cooldown": 0,
    "daily_order": "time_asc"
  },
  {
    "variants": [
      "d25",
      "d35"
    ],
    "max_day": 2,
    "cooldown": 0,
    "daily_order": "score_desc"
  },
  {
    "variants": [
      "d25",
      "d35"
    ],
    "max_day": 2,
    "cooldown": 30,
    "daily_order": "time_asc"
  },
  {
    "variants": [
      "d25",
      "d35"
    ],
    "max_day": 2,
    "cooldown": 30,
    "daily_order": "score_desc"
  },
  {
    "variants": [
      "d25",
      "d35"
    ],
    "max_day": 2,
    "cooldown": 60,
    "daily_order": "time_asc"
  },
  {
    "variants": [
      "d25",
      "d35"
    ],
    "max_day": 2,
    "cooldown": 60,
    "daily_order": "score_desc"
  },
  {
    "variants": [
      "d25",
      "d35"
    ],
    "max_day": 3,
    "cooldown": 0,
    "daily_order": "time_asc"
  },
  {
    "variants": [
      "d25",
      "d35"
    ],
    "max_day": 3,
    "cooldown": 0,
    "daily_order": "score_desc"
  },
  {
    "variants": [
      "d25",
      "d35"
    ],
    "max_day": 3,
    "cooldown": 30,
    "daily_order": "time_asc"
  },
  {
    "variants": [
      "d25",
      "d35"
    ],
    "max_day": 3,
    "cooldown": 30,
    "daily_order": "score_desc"
  },
  {
    "variants": [
      "d25",
      "d35"
    ],
    "max_day": 3,
    "cooldown": 60,
    "daily_order": "time_asc"
  },
  {
    "variants": [
      "d25",
      "d35"
    ],
    "max_day": 3,
    "cooldown": 60,
    "daily_order": "score_desc"
  },
  {
    "variants": [
      "d25",
      "d50"
    ],
    "max_day": 1,
    "cooldown": 0,
    "daily_order": "time_asc"
  },
  {
    "variants": [
      "d25",
      "d50"
    ],
    "max_day": 1,
    "cooldown": 0,
    "daily_order": "score_desc"
  },
  {
    "variants": [
      "d25",
      "d50"
    ],
    "max_day": 1,
    "cooldown": 30,
    "daily_order": "time_asc"
  },
  {
    "variants": [
      "d25",
      "d50"
    ],
    "max_day": 1,
    "cooldown": 30,
    "daily_order": "score_desc"
  },
  {
    "variants": [
      "d25",
      "d50"
    ],
    "max_day": 1,
    "cooldown": 60,
    "daily_order": "time_asc"
  },
  {
    "variants": [
      "d25",
      "d50"
    ],
    "max_day": 1,
    "cooldown": 60,
    "daily_order": "score_desc"
  },
  {
    "variants": [
      "d25",
      "d50"
    ],
    "max_day": 2,
    "cooldown": 0,
    "daily_order": "time_asc"
  },
  {
    "variants": [
      "d25",
      "d50"
    ],
    "max_day": 2,
    "cooldown": 0,
    "daily_order": "score_desc"
  },
  {
    "variants": [
      "d25",
      "d50"
    ],
    "max_day": 2,
    "cooldown": 30,
    "daily_order": "time_asc"
  },
  {
    "variants": [
      "d25",
      "d50"
    ],
    "max_day": 2,
    "cooldown": 30,
    "daily_order": "score_desc"
  },
  {
    "variants": [
      "d25",
      "d50"
    ],
    "max_day": 2,
    "cooldown": 60,
    "daily_order": "time_asc"
  },
  {
    "variants": [
      "d25",
      "d50"
    ],
    "max_day": 2,
    "cooldown": 60,
    "daily_order": "score_desc"
  },
  {
    "variants": [
      "d25",
      "d50"
    ],
    "max_day": 3,
    "cooldown": 0,
    "daily_order": "time_asc"
  },
  {
    "variants": [
      "d25",
      "d50"
    ],
    "max_day": 3,
    "cooldown": 0,
    "daily_order": "score_desc"
  },
  {
    "variants": [
      "d25",
      "d50"
    ],
    "max_day": 3,
    "cooldown": 30,
    "daily_order": "time_asc"
  },
  {
    "variants": [
      "d25",
      "d50"
    ],
    "max_day": 3,
    "cooldown": 30,
    "daily_order": "score_desc"
  },
  {
    "variants": [
      "d25",
      "d50"
    ],
    "max_day": 3,
    "cooldown": 60,
    "daily_order": "time_asc"
  },
  {
    "variants": [
      "d25",
      "d50"
    ],
    "max_day": 3,
    "cooldown": 60,
    "daily_order": "score_desc"
  },
  {
    "variants": [
      "d25",
      "d65"
    ],
    "max_day": 1,
    "cooldown": 0,
    "daily_order": "time_asc"
  },
  {
    "variants": [
      "d25",
      "d65"
    ],
    "max_day": 1,
    "cooldown": 0,
    "daily_order": "score_desc"
  },
  {
    "variants": [
      "d25",
      "d65"
    ],
    "max_day": 1,
    "cooldown": 30,
    "daily_order": "time_asc"
  },
  {
    "variants": [
      "d25",
      "d65"
    ],
    "max_day": 1,
    "cooldown": 30,
    "daily_order": "score_desc"
  },
  {
    "variants": [
      "d25",
      "d65"
    ],
    "max_day": 1,
    "cooldown": 60,
    "daily_order": "time_asc"
  },
  {
    "variants": [
      "d25",
      "d65"
    ],
    "max_day": 1,
    "cooldown": 60,
    "daily_order": "score_desc"
  },
  {
    "variants": [
      "d25",
      "d65"
    ],
    "max_day": 2,
    "cooldown": 0,
    "daily_order": "time_asc"
  },
  {
    "variants": [
      "d25",
      "d65"
    ],
    "max_day": 2,
    "cooldown": 0,
    "daily_order": "score_desc"
  },
  {
    "variants": [
      "d25",
      "d65"
    ],
    "max_day": 2,
    "cooldown": 30,
    "daily_order": "time_asc"
  },
  {
    "variants": [
      "d25",
      "d65"
    ],
    "max_day": 2,
    "cooldown": 30,
    "daily_order": "score_desc"
  },
  {
    "variants": [
      "d25",
      "d65"
    ],
    "max_day": 2,
    "cooldown": 60,
    "daily_order": "time_asc"
  },
  {
    "variants": [
      "d25",
      "d65"
    ],
    "max_day": 2,
    "cooldown": 60,
    "daily_order": "score_desc"
  },
  {
    "variants": [
      "d25",
      "d65"
    ],
    "max_day": 3,
    "cooldown": 0,
    "daily_order": "time_asc"
  },
  {
    "variants": [
      "d25",
      "d65"
    ],
    "max_day": 3,
    "cooldown": 0,
    "daily_order": "score_desc"
  },
  {
    "variants": [
      "d25",
      "d65"
    ],
    "max_day": 3,
    "cooldown": 30,
    "daily_order": "time_asc"
  },
  {
    "variants": [
      "d25",
      "d65"
    ],
    "max_day": 3,
    "cooldown": 30,
    "daily_order": "score_desc"
  },
  {
    "variants": [
      "d25",
      "d65"
    ],
    "max_day": 3,
    "cooldown": 60,
    "daily_order": "time_asc"
  },
  {
    "variants": [
      "d25",
      "d65"
    ],
    "max_day": 3,
    "cooldown": 60,
    "daily_order": "score_desc"
  },
  {
    "variants": [
      "d25",
      "d80"
    ],
    "max_day": 1,
    "cooldown": 0,
    "daily_order": "time_asc"
  },
  {
    "variants": [
      "d25",
      "d80"
    ],
    "max_day": 1,
    "cooldown": 0,
    "daily_order": "score_desc"
  },
  {
    "variants": [
      "d25",
      "d80"
    ],
    "max_day": 1,
    "cooldown": 30,
    "daily_order": "time_asc"
  },
  {
    "variants": [
      "d25",
      "d80"
    ],
    "max_day": 1,
    "cooldown": 30,
    "daily_order": "score_desc"
  },
  {
    "variants": [
      "d25",
      "d80"
    ],
    "max_day": 1,
    "cooldown": 60,
    "daily_order": "time_asc"
  },
  {
    "variants": [
      "d25",
      "d80"
    ],
    "max_day": 1,
    "cooldown": 60,
    "daily_order": "score_desc"
  },
  {
    "variants": [
      "d25",
      "d80"
    ],
    "max_day": 2,
    "cooldown": 0,
    "daily_order": "time_asc"
  },
  {
    "variants": [
      "d25",
      "d80"
    ],
    "max_day": 2,
    "cooldown": 0,
    "daily_order": "score_desc"
  },
  {
    "variants": [
      "d25",
      "d80"
    ],
    "max_day": 2,
    "cooldown": 30,
    "daily_order": "time_asc"
  },
  {
    "variants": [
      "d25",
      "d80"
    ],
    "max_day": 2,
    "cooldown": 30,
    "daily_order": "score_desc"
  },
  {
    "variants": [
      "d25",
      "d80"
    ],
    "max_day": 2,
    "cooldown": 60,
    "daily_order": "time_asc"
  },
  {
    "variants": [
      "d25",
      "d80"
    ],
    "max_day": 2,
    "cooldown": 60,
    "daily_order": "score_desc"
  },
  {
    "variants": [
      "d25",
      "d80"
    ],
    "max_day": 3,
    "cooldown": 0,
    "daily_order": "time_asc"
  },
  {
    "variants": [
      "d25",
      "d80"
    ],
    "max_day": 3,
    "cooldown": 0,
    "daily_order": "score_desc"
  },
  {
    "variants": [
      "d25",
      "d80"
    ],
    "max_day": 3,
    "cooldown": 30,
    "daily_order": "time_asc"
  },
  {
    "variants": [
      "d25",
      "d80"
    ],
    "max_day": 3,
    "cooldown": 30,
    "daily_order": "score_desc"
  },
  {
    "variants": [
      "d25",
      "d80"
    ],
    "max_day": 3,
    "cooldown": 60,
    "daily_order": "time_asc"
  },
  {
    "variants": [
      "d25",
      "d80"
    ],
    "max_day": 3,
    "cooldown": 60,
    "daily_order": "score_desc"
  },
  {
    "variants": [
      "d35",
      "d50"
    ],
    "max_day": 1,
    "cooldown": 0,
    "daily_order": "time_asc"
  },
  {
    "variants": [
      "d35",
      "d50"
    ],
    "max_day": 1,
    "cooldown": 0,
    "daily_order": "score_desc"
  },
  {
    "variants": [
      "d35",
      "d50"
    ],
    "max_day": 1,
    "cooldown": 30,
    "daily_order": "time_asc"
  },
  {
    "variants": [
      "d35",
      "d50"
    ],
    "max_day": 1,
    "cooldown": 30,
    "daily_order": "score_desc"
  },
  {
    "variants": [
      "d35",
      "d50"
    ],
    "max_day": 1,
    "cooldown": 60,
    "daily_order": "time_asc"
  },
  {
    "variants": [
      "d35",
      "d50"
    ],
    "max_day": 1,
    "cooldown": 60,
    "daily_order": "score_desc"
  },
  {
    "variants": [
      "d35",
      "d50"
    ],
    "max_day": 2,
    "cooldown": 0,
    "daily_order": "time_asc"
  },
  {
    "variants": [
      "d35",
      "d50"
    ],
    "max_day": 2,
    "cooldown": 0,
    "daily_order": "score_desc"
  },
  {
    "variants": [
      "d35",
      "d50"
    ],
    "max_day": 2,
    "cooldown": 30,
    "daily_order": "time_asc"
  },
  {
    "variants": [
      "d35",
      "d50"
    ],
    "max_day": 2,
    "cooldown": 30,
    "daily_order": "score_desc"
  },
  {
    "variants": [
      "d35",
      "d50"
    ],
    "max_day": 2,
    "cooldown": 60,
    "daily_order": "time_asc"
  },
  {
    "variants": [
      "d35",
      "d50"
    ],
    "max_day": 2,
    "cooldown": 60,
    "daily_order": "score_desc"
  },
  {
    "variants": [
      "d35",
      "d50"
    ],
    "max_day": 3,
    "cooldown": 0,
    "daily_order": "time_asc"
  },
  {
    "variants": [
      "d35",
      "d50"
    ],
    "max_day": 3,
    "cooldown": 0,
    "daily_order": "score_desc"
  },
  {
    "variants": [
      "d35",
      "d50"
    ],
    "max_day": 3,
    "cooldown": 30,
    "daily_order": "time_asc"
  },
  {
    "variants": [
      "d35",
      "d50"
    ],
    "max_day": 3,
    "cooldown": 30,
    "daily_order": "score_desc"
  },
  {
    "variants": [
      "d35",
      "d50"
    ],
    "max_day": 3,
    "cooldown": 60,
    "daily_order": "time_asc"
  },
  {
    "variants": [
      "d35",
      "d50"
    ],
    "max_day": 3,
    "cooldown": 60,
    "daily_order": "score_desc"
  },
  {
    "variants": [
      "d35",
      "d65"
    ],
    "max_day": 1,
    "cooldown": 0,
    "daily_order": "time_asc"
  },
  {
    "variants": [
      "d35",
      "d65"
    ],
    "max_day": 1,
    "cooldown": 0,
    "daily_order": "score_desc"
  },
  {
    "variants": [
      "d35",
      "d65"
    ],
    "max_day": 1,
    "cooldown": 30,
    "daily_order": "time_asc"
  },
  {
    "variants": [
      "d35",
      "d65"
    ],
    "max_day": 1,
    "cooldown": 30,
    "daily_order": "score_desc"
  },
  {
    "variants": [
      "d35",
      "d65"
    ],
    "max_day": 1,
    "cooldown": 60,
    "daily_order": "time_asc"
  },
  {
    "variants": [
      "d35",
      "d65"
    ],
    "max_day": 1,
    "cooldown": 60,
    "daily_order": "score_desc"
  },
  {
    "variants": [
      "d35",
      "d65"
    ],
    "max_day": 2,
    "cooldown": 0,
    "daily_order": "time_asc"
  },
  {
    "variants": [
      "d35",
      "d65"
    ],
    "max_day": 2,
    "cooldown": 0,
    "daily_order": "score_desc"
  },
  {
    "variants": [
      "d35",
      "d65"
    ],
    "max_day": 2,
    "cooldown": 30,
    "daily_order": "time_asc"
  },
  {
    "variants": [
      "d35",
      "d65"
    ],
    "max_day": 2,
    "cooldown": 30,
    "daily_order": "score_desc"
  },
  {
    "variants": [
      "d35",
      "d65"
    ],
    "max_day": 2,
    "cooldown": 60,
    "daily_order": "time_asc"
  },
  {
    "variants": [
      "d35",
      "d65"
    ],
    "max_day": 2,
    "cooldown": 60,
    "daily_order": "score_desc"
  },
  {
    "variants": [
      "d35",
      "d65"
    ],
    "max_day": 3,
    "cooldown": 0,
    "daily_order": "time_asc"
  },
  {
    "variants": [
      "d35",
      "d65"
    ],
    "max_day": 3,
    "cooldown": 0,
    "daily_order": "score_desc"
  },
  {
    "variants": [
      "d35",
      "d65"
    ],
    "max_day": 3,
    "cooldown": 30,
    "daily_order": "time_asc"
  },
  {
    "variants": [
      "d35",
      "d65"
    ],
    "max_day": 3,
    "cooldown": 30,
    "daily_order": "score_desc"
  },
  {
    "variants": [
      "d35",
      "d65"
    ],
    "max_day": 3,
    "cooldown": 60,
    "daily_order": "time_asc"
  },
  {
    "variants": [
      "d35",
      "d65"
    ],
    "max_day": 3,
    "cooldown": 60,
    "daily_order": "score_desc"
  },
  {
    "variants": [
      "d35",
      "d80"
    ],
    "max_day": 1,
    "cooldown": 0,
    "daily_order": "time_asc"
  },
  {
    "variants": [
      "d35",
      "d80"
    ],
    "max_day": 1,
    "cooldown": 0,
    "daily_order": "score_desc"
  },
  {
    "variants": [
      "d35",
      "d80"
    ],
    "max_day": 1,
    "cooldown": 30,
    "daily_order": "time_asc"
  },
  {
    "variants": [
      "d35",
      "d80"
    ],
    "max_day": 1,
    "cooldown": 30,
    "daily_order": "score_desc"
  },
  {
    "variants": [
      "d35",
      "d80"
    ],
    "max_day": 1,
    "cooldown": 60,
    "daily_order": "time_asc"
  },
  {
    "variants": [
      "d35",
      "d80"
    ],
    "max_day": 1,
    "cooldown": 60,
    "daily_order": "score_desc"
  },
  {
    "variants": [
      "d35",
      "d80"
    ],
    "max_day": 2,
    "cooldown": 0,
    "daily_order": "time_asc"
  },
  {
    "variants": [
      "d35",
      "d80"
    ],
    "max_day": 2,
    "cooldown": 0,
    "daily_order": "score_desc"
  },
  {
    "variants": [
      "d35",
      "d80"
    ],
    "max_day": 2,
    "cooldown": 30,
    "daily_order": "time_asc"
  },
  {
    "variants": [
      "d35",
      "d80"
    ],
    "max_day": 2,
    "cooldown": 30,
    "daily_order": "score_desc"
  },
  {
    "variants": [
      "d35",
      "d80"
    ],
    "max_day": 2,
    "cooldown": 60,
    "daily_order": "time_asc"
  },
  {
    "variants": [
      "d35",
      "d80"
    ],
    "max_day": 2,
    "cooldown": 60,
    "daily_order": "score_desc"
  },
  {
    "variants": [
      "d35",
      "d80"
    ],
    "max_day": 3,
    "cooldown": 0,
    "daily_order": "time_asc"
  },
  {
    "variants": [
      "d35",
      "d80"
    ],
    "max_day": 3,
    "cooldown": 0,
    "daily_order": "score_desc"
  },
  {
    "variants": [
      "d35",
      "d80"
    ],
    "max_day": 3,
    "cooldown": 30,
    "daily_order": "time_asc"
  },
  {
    "variants": [
      "d35",
      "d80"
    ],
    "max_day": 3,
    "cooldown": 30,
    "daily_order": "score_desc"
  },
  {
    "variants": [
      "d35",
      "d80"
    ],
    "max_day": 3,
    "cooldown": 60,
    "daily_order": "time_asc"
  },
  {
    "variants": [
      "d35",
      "d80"
    ],
    "max_day": 3,
    "cooldown": 60,
    "daily_order": "score_desc"
  },
  {
    "variants": [
      "d50",
      "d65"
    ],
    "max_day": 1,
    "cooldown": 0,
    "daily_order": "time_asc"
  },
  {
    "variants": [
      "d50",
      "d65"
    ],
    "max_day": 1,
    "cooldown": 0,
    "daily_order": "score_desc"
  },
  {
    "variants": [
      "d50",
      "d65"
    ],
    "max_day": 1,
    "cooldown": 30,
    "daily_order": "time_asc"
  },
  {
    "variants": [
      "d50",
      "d65"
    ],
    "max_day": 1,
    "cooldown": 30,
    "daily_order": "score_desc"
  },
  {
    "variants": [
      "d50",
      "d65"
    ],
    "max_day": 1,
    "cooldown": 60,
    "daily_order": "time_asc"
  },
  {
    "variants": [
      "d50",
      "d65"
    ],
    "max_day": 1,
    "cooldown": 60,
    "daily_order": "score_desc"
  },
  {
    "variants": [
      "d50",
      "d65"
    ],
    "max_day": 2,
    "cooldown": 0,
    "daily_order": "time_asc"
  },
  {
    "variants": [
      "d50",
      "d65"
    ],
    "max_day": 2,
    "cooldown": 0,
    "daily_order": "score_desc"
  },
  {
    "variants": [
      "d50",
      "d65"
    ],
    "max_day": 2,
    "cooldown": 30,
    "daily_order": "time_asc"
  },
  {
    "variants": [
      "d50",
      "d65"
    ],
    "max_day": 2,
    "cooldown": 30,
    "daily_order": "score_desc"
  },
  {
    "variants": [
      "d50",
      "d65"
    ],
    "max_day": 2,
    "cooldown": 60,
    "daily_order": "time_asc"
  },
  {
    "variants": [
      "d50",
      "d65"
    ],
    "max_day": 2,
    "cooldown": 60,
    "daily_order": "score_desc"
  },
  {
    "variants": [
      "d50",
      "d65"
    ],
    "max_day": 3,
    "cooldown": 0,
    "daily_order": "time_asc"
  },
  {
    "variants": [
      "d50",
      "d65"
    ],
    "max_day": 3,
    "cooldown": 0,
    "daily_order": "score_desc"
  },
  {
    "variants": [
      "d50",
      "d65"
    ],
    "max_day": 3,
    "cooldown": 30,
    "daily_order": "time_asc"
  },
  {
    "variants": [
      "d50",
      "d65"
    ],
    "max_day": 3,
    "cooldown": 30,
    "daily_order": "score_desc"
  },
  {
    "variants": [
      "d50",
      "d65"
    ],
    "max_day": 3,
    "cooldown": 60,
    "daily_order": "time_asc"
  },
  {
    "variants": [
      "d50",
      "d65"
    ],
    "max_day": 3,
    "cooldown": 60,
    "daily_order": "score_desc"
  },
  {
    "variants": [
      "d50",
      "d80"
    ],
    "max_day": 1,
    "cooldown": 0,
    "daily_order": "time_asc"
  },
  {
    "variants": [
      "d50",
      "d80"
    ],
    "max_day": 1,
    "cooldown": 0,
    "daily_order": "score_desc"
  },
  {
    "variants": [
      "d50",
      "d80"
    ],
    "max_day": 1,
    "cooldown": 30,
    "daily_order": "time_asc"
  },
  {
    "variants": [
      "d50",
      "d80"
    ],
    "max_day": 1,
    "cooldown": 30,
    "daily_order": "score_desc"
  },
  {
    "variants": [
      "d50",
      "d80"
    ],
    "max_day": 1,
    "cooldown": 60,
    "daily_order": "time_asc"
  },
  {
    "variants": [
      "d50",
      "d80"
    ],
    "max_day": 1,
    "cooldown": 60,
    "daily_order": "score_desc"
  },
  {
    "variants": [
      "d50",
      "d80"
    ],
    "max_day": 2,
    "cooldown": 0,
    "daily_order": "time_asc"
  },
  {
    "variants": [
      "d50",
      "d80"
    ],
    "max_day": 2,
    "cooldown": 0,
    "daily_order": "score_desc"
  },
  {
    "variants": [
      "d50",
      "d80"
    ],
    "max_day": 2,
    "cooldown": 30,
    "daily_order": "time_asc"
  },
  {
    "variants": [
      "d50",
      "d80"
    ],
    "max_day": 2,
    "cooldown": 30,
    "daily_order": "score_desc"
  },
  {
    "variants": [
      "d50",
      "d80"
    ],
    "max_day": 2,
    "cooldown": 60,
    "daily_order": "time_asc"
  },
  {
    "variants": [
      "d50",
      "d80"
    ],
    "max_day": 2,
    "cooldown": 60,
    "daily_order": "score_desc"
  },
  {
    "variants": [
      "d50",
      "d80"
    ],
    "max_day": 3,
    "cooldown": 0,
    "daily_order": "time_asc"
  },
  {
    "variants": [
      "d50",
      "d80"
    ],
    "max_day": 3,
    "cooldown": 0,
    "daily_order": "score_desc"
  },
  {
    "variants": [
      "d50",
      "d80"
    ],
    "max_day": 3,
    "cooldown": 30,
    "daily_order": "time_asc"
  },
  {
    "variants": [
      "d50",
      "d80"
    ],
    "max_day": 3,
    "cooldown": 30,
    "daily_order": "score_desc"
  },
  {
    "variants": [
      "d50",
      "d80"
    ],
    "max_day": 3,
    "cooldown": 60,
    "daily_order": "time_asc"
  },
  {
    "variants": [
      "d50",
      "d80"
    ],
    "max_day": 3,
    "cooldown": 60,
    "daily_order": "score_desc"
  },
  {
    "variants": [
      "d65",
      "d80"
    ],
    "max_day": 1,
    "cooldown": 0,
    "daily_order": "time_asc"
  },
  {
    "variants": [
      "d65",
      "d80"
    ],
    "max_day": 1,
    "cooldown": 0,
    "daily_order": "score_desc"
  },
  {
    "variants": [
      "d65",
      "d80"
    ],
    "max_day": 1,
    "cooldown": 30,
    "daily_order": "time_asc"
  },
  {
    "variants": [
      "d65",
      "d80"
    ],
    "max_day": 1,
    "cooldown": 30,
    "daily_order": "score_desc"
  },
  {
    "variants": [
      "d65",
      "d80"
    ],
    "max_day": 1,
    "cooldown": 60,
    "daily_order": "time_asc"
  },
  {
    "variants": [
      "d65",
      "d80"
    ],
    "max_day": 1,
    "cooldown": 60,
    "daily_order": "score_desc"
  },
  {
    "variants": [
      "d65",
      "d80"
    ],
    "max_day": 2,
    "cooldown": 0,
    "daily_order": "time_asc"
  },
  {
    "variants": [
      "d65",
      "d80"
    ],
    "max_day": 2,
    "cooldown": 0,
    "daily_order": "score_desc"
  },
  {
    "variants": [
      "d65",
      "d80"
    ],
    "max_day": 2,
    "cooldown": 30,
    "daily_order": "time_asc"
  },
  {
    "variants": [
      "d65",
      "d80"
    ],
    "max_day": 2,
    "cooldown": 30,
    "daily_order": "score_desc"
  },
  {
    "variants": [
      "d65",
      "d80"
    ],
    "max_day": 2,
    "cooldown": 60,
    "daily_order": "time_asc"
  },
  {
    "variants": [
      "d65",
      "d80"
    ],
    "max_day": 2,
    "cooldown": 60,
    "daily_order": "score_desc"
  },
  {
    "variants": [
      "d65",
      "d80"
    ],
    "max_day": 3,
    "cooldown": 0,
    "daily_order": "time_asc"
  },
  {
    "variants": [
      "d65",
      "d80"
    ],
    "max_day": 3,
    "cooldown": 0,
    "daily_order": "score_desc"
  },
  {
    "variants": [
      "d65",
      "d80"
    ],
    "max_day": 3,
    "cooldown": 30,
    "daily_order": "time_asc"
  },
  {
    "variants": [
      "d65",
      "d80"
    ],
    "max_day": 3,
    "cooldown": 30,
    "daily_order": "score_desc"
  },
  {
    "variants": [
      "d65",
      "d80"
    ],
    "max_day": 3,
    "cooldown": 60,
    "daily_order": "time_asc"
  },
  {
    "variants": [
      "d65",
      "d80"
    ],
    "max_day": 3,
    "cooldown": 60,
    "daily_order": "score_desc"
  },
  {
    "variants": [
      "d25",
      "d35",
      "d50"
    ],
    "max_day": 1,
    "cooldown": 0,
    "daily_order": "time_asc"
  },
  {
    "variants": [
      "d25",
      "d35",
      "d50"
    ],
    "max_day": 1,
    "cooldown": 0,
    "daily_order": "score_desc"
  },
  {
    "variants": [
      "d25",
      "d35",
      "d50"
    ],
    "max_day": 1,
    "cooldown": 30,
    "daily_order": "time_asc"
  },
  {
    "variants": [
      "d25",
      "d35",
      "d50"
    ],
    "max_day": 1,
    "cooldown": 30,
    "daily_order": "score_desc"
  },
  {
    "variants": [
      "d25",
      "d35",
      "d50"
    ],
    "max_day": 1,
    "cooldown": 60,
    "daily_order": "time_asc"
  },
  {
    "variants": [
      "d25",
      "d35",
      "d50"
    ],
    "max_day": 1,
    "cooldown": 60,
    "daily_order": "score_desc"
  },
  {
    "variants": [
      "d25",
      "d35",
      "d50"
    ],
    "max_day": 2,
    "cooldown": 0,
    "daily_order": "time_asc"
  },
  {
    "variants": [
      "d25",
      "d35",
      "d50"
    ],
    "max_day": 2,
    "cooldown": 0,
    "daily_order": "score_desc"
  },
  {
    "variants": [
      "d25",
      "d35",
      "d50"
    ],
    "max_day": 2,
    "cooldown": 30,
    "daily_order": "time_asc"
  },
  {
    "variants": [
      "d25",
      "d35",
      "d50"
    ],
    "max_day": 2,
    "cooldown": 30,
    "daily_order": "score_desc"
  },
  {
    "variants": [
      "d25",
      "d35",
      "d50"
    ],
    "max_day": 2,
    "cooldown": 60,
    "daily_order": "time_asc"
  },
  {
    "variants": [
      "d25",
      "d35",
      "d50"
    ],
    "max_day": 2,
    "cooldown": 60,
    "daily_order": "score_desc"
  },
  {
    "variants": [
      "d25",
      "d35",
      "d50"
    ],
    "max_day": 3,
    "cooldown": 0,
    "daily_order": "time_asc"
  },
  {
    "variants": [
      "d25",
      "d35",
      "d50"
    ],
    "max_day": 3,
    "cooldown": 0,
    "daily_order": "score_desc"
  },
  {
    "variants": [
      "d25",
      "d35",
      "d50"
    ],
    "max_day": 3,
    "cooldown": 30,
    "daily_order": "time_asc"
  },
  {
    "variants": [
      "d25",
      "d35",
      "d50"
    ],
    "max_day": 3,
    "cooldown": 30,
    "daily_order": "score_desc"
  },
  {
    "variants": [
      "d25",
      "d35",
      "d50"
    ],
    "max_day": 3,
    "cooldown": 60,
    "daily_order": "time_asc"
  },
  {
    "variants": [
      "d25",
      "d35",
      "d50"
    ],
    "max_day": 3,
    "cooldown": 60,
    "daily_order": "score_desc"
  },
  {
    "variants": [
      "d25",
      "d35",
      "d65"
    ],
    "max_day": 1,
    "cooldown": 0,
    "daily_order": "time_asc"
  },
  {
    "variants": [
      "d25",
      "d35",
      "d65"
    ],
    "max_day": 1,
    "cooldown": 0,
    "daily_order": "score_desc"
  },
  {
    "variants": [
      "d25",
      "d35",
      "d65"
    ],
    "max_day": 1,
    "cooldown": 30,
    "daily_order": "time_asc"
  },
  {
    "variants": [
      "d25",
      "d35",
      "d65"
    ],
    "max_day": 1,
    "cooldown": 30,
    "daily_order": "score_desc"
  },
  {
    "variants": [
      "d25",
      "d35",
      "d65"
    ],
    "max_day": 1,
    "cooldown": 60,
    "daily_order": "time_asc"
  },
  {
    "variants": [
      "d25",
      "d35",
      "d65"
    ],
    "max_day": 1,
    "cooldown": 60,
    "daily_order": "score_desc"
  },
  {
    "variants": [
      "d25",
      "d35",
      "d65"
    ],
    "max_day": 2,
    "cooldown": 0,
    "daily_order": "time_asc"
  },
  {
    "variants": [
      "d25",
      "d35",
      "d65"
    ],
    "max_day": 2,
    "cooldown": 0,
    "daily_order": "score_desc"
  },
  {
    "variants": [
      "d25",
      "d35",
      "d65"
    ],
    "max_day": 2,
    "cooldown": 30,
    "daily_order": "time_asc"
  },
  {
    "variants": [
      "d25",
      "d35",
      "d65"
    ],
    "max_day": 2,
    "cooldown": 30,
    "daily_order": "score_desc"
  },
  {
    "variants": [
      "d25",
      "d35",
      "d65"
    ],
    "max_day": 2,
    "cooldown": 60,
    "daily_order": "time_asc"
  },
  {
    "variants": [
      "d25",
      "d35",
      "d65"
    ],
    "max_day": 2,
    "cooldown": 60,
    "daily_order": "score_desc"
  },
  {
    "variants": [
      "d25",
      "d35",
      "d65"
    ],
    "max_day": 3,
    "cooldown": 0,
    "daily_order": "time_asc"
  },
  {
    "variants": [
      "d25",
      "d35",
      "d65"
    ],
    "max_day": 3,
    "cooldown": 0,
    "daily_order": "score_desc"
  },
  {
    "variants": [
      "d25",
      "d35",
      "d65"
    ],
    "max_day": 3,
    "cooldown": 30,
    "daily_order": "time_asc"
  },
  {
    "variants": [
      "d25",
      "d35",
      "d65"
    ],
    "max_day": 3,
    "cooldown": 30,
    "daily_order": "score_desc"
  },
  {
    "variants": [
      "d25",
      "d35",
      "d65"
    ],
    "max_day": 3,
    "cooldown": 60,
    "daily_order": "time_asc"
  },
  {
    "variants": [
      "d25",
      "d35",
      "d65"
    ],
    "max_day": 3,
    "cooldown": 60,
    "daily_order": "score_desc"
  },
  {
    "variants": [
      "d25",
      "d35",
      "d80"
    ],
    "max_day": 1,
    "cooldown": 0,
    "daily_order": "time_asc"
  },
  {
    "variants": [
      "d25",
      "d35",
      "d80"
    ],
    "max_day": 1,
    "cooldown": 0,
    "daily_order": "score_desc"
  },
  {
    "variants": [
      "d25",
      "d35",
      "d80"
    ],
    "max_day": 1,
    "cooldown": 30,
    "daily_order": "time_asc"
  },
  {
    "variants": [
      "d25",
      "d35",
      "d80"
    ],
    "max_day": 1,
    "cooldown": 30,
    "daily_order": "score_desc"
  },
  {
    "variants": [
      "d25",
      "d35",
      "d80"
    ],
    "max_day": 1,
    "cooldown": 60,
    "daily_order": "time_asc"
  },
  {
    "variants": [
      "d25",
      "d35",
      "d80"
    ],
    "max_day": 1,
    "cooldown": 60,
    "daily_order": "score_desc"
  },
  {
    "variants": [
      "d25",
      "d35",
      "d80"
    ],
    "max_day": 2,
    "cooldown": 0,
    "daily_order": "time_asc"
  },
  {
    "variants": [
      "d25",
      "d35",
      "d80"
    ],
    "max_day": 2,
    "cooldown": 0,
    "daily_order": "score_desc"
  },
  {
    "variants": [
      "d25",
      "d35",
      "d80"
    ],
    "max_day": 2,
    "cooldown": 30,
    "daily_order": "time_asc"
  },
  {
    "variants": [
      "d25",
      "d35",
      "d80"
    ],
    "max_day": 2,
    "cooldown": 30,
    "daily_order": "score_desc"
  },
  {
    "variants": [
      "d25",
      "d35",
      "d80"
    ],
    "max_day": 2,
    "cooldown": 60,
    "daily_order": "time_asc"
  },
  {
    "variants": [
      "d25",
      "d35",
      "d80"
    ],
    "max_day": 2,
    "cooldown": 60,
    "daily_order": "score_desc"
  },
  {
    "variants": [
      "d25",
      "d35",
      "d80"
    ],
    "max_day": 3,
    "cooldown": 0,
    "daily_order": "time_asc"
  },
  {
    "variants": [
      "d25",
      "d35",
      "d80"
    ],
    "max_day": 3,
    "cooldown": 0,
    "daily_order": "score_desc"
  },
  {
    "variants": [
      "d25",
      "d35",
      "d80"
    ],
    "max_day": 3,
    "cooldown": 30,
    "daily_order": "time_asc"
  },
  {
    "variants": [
      "d25",
      "d35",
      "d80"
    ],
    "max_day": 3,
    "cooldown": 30,
    "daily_order": "score_desc"
  },
  {
    "variants": [
      "d25",
      "d35",
      "d80"
    ],
    "max_day": 3,
    "cooldown": 60,
    "daily_order": "time_asc"
  },
  {
    "variants": [
      "d25",
      "d35",
      "d80"
    ],
    "max_day": 3,
    "cooldown": 60,
    "daily_order": "score_desc"
  },
  {
    "variants": [
      "d25",
      "d50",
      "d65"
    ],
    "max_day": 1,
    "cooldown": 0,
    "daily_order": "time_asc"
  },
  {
    "variants": [
      "d25",
      "d50",
      "d65"
    ],
    "max_day": 1,
    "cooldown": 0,
    "daily_order": "score_desc"
  },
  {
    "variants": [
      "d25",
      "d50",
      "d65"
    ],
    "max_day": 1,
    "cooldown": 30,
    "daily_order": "time_asc"
  },
  {
    "variants": [
      "d25",
      "d50",
      "d65"
    ],
    "max_day": 1,
    "cooldown": 30,
    "daily_order": "score_desc"
  },
  {
    "variants": [
      "d25",
      "d50",
      "d65"
    ],
    "max_day": 1,
    "cooldown": 60,
    "daily_order": "time_asc"
  },
  {
    "variants": [
      "d25",
      "d50",
      "d65"
    ],
    "max_day": 1,
    "cooldown": 60,
    "daily_order": "score_desc"
  },
  {
    "variants": [
      "d25",
      "d50",
      "d65"
    ],
    "max_day": 2,
    "cooldown": 0,
    "daily_order": "time_asc"
  },
  {
    "variants": [
      "d25",
      "d50",
      "d65"
    ],
    "max_day": 2,
    "cooldown": 0,
    "daily_order": "score_desc"
  },
  {
    "variants": [
      "d25",
      "d50",
      "d65"
    ],
    "max_day": 2,
    "cooldown": 30,
    "daily_order": "time_asc"
  },
  {
    "variants": [
      "d25",
      "d50",
      "d65"
    ],
    "max_day": 2,
    "cooldown": 30,
    "daily_order": "score_desc"
  },
  {
    "variants": [
      "d25",
      "d50",
      "d65"
    ],
    "max_day": 2,
    "cooldown": 60,
    "daily_order": "time_asc"
  },
  {
    "variants": [
      "d25",
      "d50",
      "d65"
    ],
    "max_day": 2,
    "cooldown": 60,
    "daily_order": "score_desc"
  },
  {
    "variants": [
      "d25",
      "d50",
      "d65"
    ],
    "max_day": 3,
    "cooldown": 0,
    "daily_order": "time_asc"
  },
  {
    "variants": [
      "d25",
      "d50",
      "d65"
    ],
    "max_day": 3,
    "cooldown": 0,
    "daily_order": "score_desc"
  },
  {
    "variants": [
      "d25",
      "d50",
      "d65"
    ],
    "max_day": 3,
    "cooldown": 30,
    "daily_order": "time_asc"
  },
  {
    "variants": [
      "d25",
      "d50",
      "d65"
    ],
    "max_day": 3,
    "cooldown": 30,
    "daily_order": "score_desc"
  },
  {
    "variants": [
      "d25",
      "d50",
      "d65"
    ],
    "max_day": 3,
    "cooldown": 60,
    "daily_order": "time_asc"
  },
  {
    "variants": [
      "d25",
      "d50",
      "d65"
    ],
    "max_day": 3,
    "cooldown": 60,
    "daily_order": "score_desc"
  },
  {
    "variants": [
      "d25",
      "d50",
      "d80"
    ],
    "max_day": 1,
    "cooldown": 0,
    "daily_order": "time_asc"
  },
  {
    "variants": [
      "d25",
      "d50",
      "d80"
    ],
    "max_day": 1,
    "cooldown": 0,
    "daily_order": "score_desc"
  },
  {
    "variants": [
      "d25",
      "d50",
      "d80"
    ],
    "max_day": 1,
    "cooldown": 30,
    "daily_order": "time_asc"
  },
  {
    "variants": [
      "d25",
      "d50",
      "d80"
    ],
    "max_day": 1,
    "cooldown": 30,
    "daily_order": "score_desc"
  },
  {
    "variants": [
      "d25",
      "d50",
      "d80"
    ],
    "max_day": 1,
    "cooldown": 60,
    "daily_order": "time_asc"
  },
  {
    "variants": [
      "d25",
      "d50",
      "d80"
    ],
    "max_day": 1,
    "cooldown": 60,
    "daily_order": "score_desc"
  },
  {
    "variants": [
      "d25",
      "d50",
      "d80"
    ],
    "max_day": 2,
    "cooldown": 0,
    "daily_order": "time_asc"
  },
  {
    "variants": [
      "d25",
      "d50",
      "d80"
    ],
    "max_day": 2,
    "cooldown": 0,
    "daily_order": "score_desc"
  },
  {
    "variants": [
      "d25",
      "d50",
      "d80"
    ],
    "max_day": 2,
    "cooldown": 30,
    "daily_order": "time_asc"
  },
  {
    "variants": [
      "d25",
      "d50",
      "d80"
    ],
    "max_day": 2,
    "cooldown": 30,
    "daily_order": "score_desc"
  },
  {
    "variants": [
      "d25",
      "d50",
      "d80"
    ],
    "max_day": 2,
    "cooldown": 60,
    "daily_order": "time_asc"
  },
  {
    "variants": [
      "d25",
      "d50",
      "d80"
    ],
    "max_day": 2,
    "cooldown": 60,
    "daily_order": "score_desc"
  },
  {
    "variants": [
      "d25",
      "d50",
      "d80"
    ],
    "max_day": 3,
    "cooldown": 0,
    "daily_order": "time_asc"
  },
  {
    "variants": [
      "d25",
      "d50",
      "d80"
    ],
    "max_day": 3,
    "cooldown": 0,
    "daily_order": "score_desc"
  },
  {
    "variants": [
      "d25",
      "d50",
      "d80"
    ],
    "max_day": 3,
    "cooldown": 30,
    "daily_order": "time_asc"
  },
  {
    "variants": [
      "d25",
      "d50",
      "d80"
    ],
    "max_day": 3,
    "cooldown": 30,
    "daily_order": "score_desc"
  },
  {
    "variants": [
      "d25",
      "d50",
      "d80"
    ],
    "max_day": 3,
    "cooldown": 60,
    "daily_order": "time_asc"
  },
  {
    "variants": [
      "d25",
      "d50",
      "d80"
    ],
    "max_day": 3,
    "cooldown": 60,
    "daily_order": "score_desc"
  },
  {
    "variants": [
      "d25",
      "d65",
      "d80"
    ],
    "max_day": 1,
    "cooldown": 0,
    "daily_order": "time_asc"
  },
  {
    "variants": [
      "d25",
      "d65",
      "d80"
    ],
    "max_day": 1,
    "cooldown": 0,
    "daily_order": "score_desc"
  },
  {
    "variants": [
      "d25",
      "d65",
      "d80"
    ],
    "max_day": 1,
    "cooldown": 30,
    "daily_order": "time_asc"
  },
  {
    "variants": [
      "d25",
      "d65",
      "d80"
    ],
    "max_day": 1,
    "cooldown": 30,
    "daily_order": "score_desc"
  },
  {
    "variants": [
      "d25",
      "d65",
      "d80"
    ],
    "max_day": 1,
    "cooldown": 60,
    "daily_order": "time_asc"
  },
  {
    "variants": [
      "d25",
      "d65",
      "d80"
    ],
    "max_day": 1,
    "cooldown": 60,
    "daily_order": "score_desc"
  },
  {
    "variants": [
      "d25",
      "d65",
      "d80"
    ],
    "max_day": 2,
    "cooldown": 0,
    "daily_order": "time_asc"
  },
  {
    "variants": [
      "d25",
      "d65",
      "d80"
    ],
    "max_day": 2,
    "cooldown": 0,
    "daily_order": "score_desc"
  },
  {
    "variants": [
      "d25",
      "d65",
      "d80"
    ],
    "max_day": 2,
    "cooldown": 30,
    "daily_order": "time_asc"
  },
  {
    "variants": [
      "d25",
      "d65",
      "d80"
    ],
    "max_day": 2,
    "cooldown": 30,
    "daily_order": "score_desc"
  },
  {
    "variants": [
      "d25",
      "d65",
      "d80"
    ],
    "max_day": 2,
    "cooldown": 60,
    "daily_order": "time_asc"
  },
  {
    "variants": [
      "d25",
      "d65",
      "d80"
    ],
    "max_day": 2,
    "cooldown": 60,
    "daily_order": "score_desc"
  },
  {
    "variants": [
      "d25",
      "d65",
      "d80"
    ],
    "max_day": 3,
    "cooldown": 0,
    "daily_order": "time_asc"
  },
  {
    "variants": [
      "d25",
      "d65",
      "d80"
    ],
    "max_day": 3,
    "cooldown": 0,
    "daily_order": "score_desc"
  },
  {
    "variants": [
      "d25",
      "d65",
      "d80"
    ],
    "max_day": 3,
    "cooldown": 30,
    "daily_order": "time_asc"
  },
  {
    "variants": [
      "d25",
      "d65",
      "d80"
    ],
    "max_day": 3,
    "cooldown": 30,
    "daily_order": "score_desc"
  },
  {
    "variants": [
      "d25",
      "d65",
      "d80"
    ],
    "max_day": 3,
    "cooldown": 60,
    "daily_order": "time_asc"
  },
  {
    "variants": [
      "d25",
      "d65",
      "d80"
    ],
    "max_day": 3,
    "cooldown": 60,
    "daily_order": "score_desc"
  },
  {
    "variants": [
      "d35",
      "d50",
      "d65"
    ],
    "max_day": 1,
    "cooldown": 0,
    "daily_order": "time_asc"
  },
  {
    "variants": [
      "d35",
      "d50",
      "d65"
    ],
    "max_day": 1,
    "cooldown": 0,
    "daily_order": "score_desc"
  },
  {
    "variants": [
      "d35",
      "d50",
      "d65"
    ],
    "max_day": 1,
    "cooldown": 30,
    "daily_order": "time_asc"
  },
  {
    "variants": [
      "d35",
      "d50",
      "d65"
    ],
    "max_day": 1,
    "cooldown": 30,
    "daily_order": "score_desc"
  },
  {
    "variants": [
      "d35",
      "d50",
      "d65"
    ],
    "max_day": 1,
    "cooldown": 60,
    "daily_order": "time_asc"
  },
  {
    "variants": [
      "d35",
      "d50",
      "d65"
    ],
    "max_day": 1,
    "cooldown": 60,
    "daily_order": "score_desc"
  },
  {
    "variants": [
      "d35",
      "d50",
      "d65"
    ],
    "max_day": 2,
    "cooldown": 0,
    "daily_order": "time_asc"
  },
  {
    "variants": [
      "d35",
      "d50",
      "d65"
    ],
    "max_day": 2,
    "cooldown": 0,
    "daily_order": "score_desc"
  },
  {
    "variants": [
      "d35",
      "d50",
      "d65"
    ],
    "max_day": 2,
    "cooldown": 30,
    "daily_order": "time_asc"
  },
  {
    "variants": [
      "d35",
      "d50",
      "d65"
    ],
    "max_day": 2,
    "cooldown": 30,
    "daily_order": "score_desc"
  },
  {
    "variants": [
      "d35",
      "d50",
      "d65"
    ],
    "max_day": 2,
    "cooldown": 60,
    "daily_order": "time_asc"
  },
  {
    "variants": [
      "d35",
      "d50",
      "d65"
    ],
    "max_day": 2,
    "cooldown": 60,
    "daily_order": "score_desc"
  },
  {
    "variants": [
      "d35",
      "d50",
      "d65"
    ],
    "max_day": 3,
    "cooldown": 0,
    "daily_order": "time_asc"
  },
  {
    "variants": [
      "d35",
      "d50",
      "d65"
    ],
    "max_day": 3,
    "cooldown": 0,
    "daily_order": "score_desc"
  },
  {
    "variants": [
      "d35",
      "d50",
      "d65"
    ],
    "max_day": 3,
    "cooldown": 30,
    "daily_order": "time_asc"
  },
  {
    "variants": [
      "d35",
      "d50",
      "d65"
    ],
    "max_day": 3,
    "cooldown": 30,
    "daily_order": "score_desc"
  },
  {
    "variants": [
      "d35",
      "d50",
      "d65"
    ],
    "max_day": 3,
    "cooldown": 60,
    "daily_order": "time_asc"
  },
  {
    "variants": [
      "d35",
      "d50",
      "d65"
    ],
    "max_day": 3,
    "cooldown": 60,
    "daily_order": "score_desc"
  },
  {
    "variants": [
      "d35",
      "d50",
      "d80"
    ],
    "max_day": 1,
    "cooldown": 0,
    "daily_order": "time_asc"
  },
  {
    "variants": [
      "d35",
      "d50",
      "d80"
    ],
    "max_day": 1,
    "cooldown": 0,
    "daily_order": "score_desc"
  },
  {
    "variants": [
      "d35",
      "d50",
      "d80"
    ],
    "max_day": 1,
    "cooldown": 30,
    "daily_order": "time_asc"
  },
  {
    "variants": [
      "d35",
      "d50",
      "d80"
    ],
    "max_day": 1,
    "cooldown": 30,
    "daily_order": "score_desc"
  },
  {
    "variants": [
      "d35",
      "d50",
      "d80"
    ],
    "max_day": 1,
    "cooldown": 60,
    "daily_order": "time_asc"
  },
  {
    "variants": [
      "d35",
      "d50",
      "d80"
    ],
    "max_day": 1,
    "cooldown": 60,
    "daily_order": "score_desc"
  },
  {
    "variants": [
      "d35",
      "d50",
      "d80"
    ],
    "max_day": 2,
    "cooldown": 0,
    "daily_order": "time_asc"
  },
  {
    "variants": [
      "d35",
      "d50",
      "d80"
    ],
    "max_day": 2,
    "cooldown": 0,
    "daily_order": "score_desc"
  },
  {
    "variants": [
      "d35",
      "d50",
      "d80"
    ],
    "max_day": 2,
    "cooldown": 30,
    "daily_order": "time_asc"
  },
  {
    "variants": [
      "d35",
      "d50",
      "d80"
    ],
    "max_day": 2,
    "cooldown": 30,
    "daily_order": "score_desc"
  },
  {
    "variants": [
      "d35",
      "d50",
      "d80"
    ],
    "max_day": 2,
    "cooldown": 60,
    "daily_order": "time_asc"
  },
  {
    "variants": [
      "d35",
      "d50",
      "d80"
    ],
    "max_day": 2,
    "cooldown": 60,
    "daily_order": "score_desc"
  },
  {
    "variants": [
      "d35",
      "d50",
      "d80"
    ],
    "max_day": 3,
    "cooldown": 0,
    "daily_order": "time_asc"
  },
  {
    "variants": [
      "d35",
      "d50",
      "d80"
    ],
    "max_day": 3,
    "cooldown": 0,
    "daily_order": "score_desc"
  },
  {
    "variants": [
      "d35",
      "d50",
      "d80"
    ],
    "max_day": 3,
    "cooldown": 30,
    "daily_order": "time_asc"
  },
  {
    "variants": [
      "d35",
      "d50",
      "d80"
    ],
    "max_day": 3,
    "cooldown": 30,
    "daily_order": "score_desc"
  },
  {
    "variants": [
      "d35",
      "d50",
      "d80"
    ],
    "max_day": 3,
    "cooldown": 60,
    "daily_order": "time_asc"
  },
  {
    "variants": [
      "d35",
      "d50",
      "d80"
    ],
    "max_day": 3,
    "cooldown": 60,
    "daily_order": "score_desc"
  },
  {
    "variants": [
      "d35",
      "d65",
      "d80"
    ],
    "max_day": 1,
    "cooldown": 0,
    "daily_order": "time_asc"
  },
  {
    "variants": [
      "d35",
      "d65",
      "d80"
    ],
    "max_day": 1,
    "cooldown": 0,
    "daily_order": "score_desc"
  },
  {
    "variants": [
      "d35",
      "d65",
      "d80"
    ],
    "max_day": 1,
    "cooldown": 30,
    "daily_order": "time_asc"
  },
  {
    "variants": [
      "d35",
      "d65",
      "d80"
    ],
    "max_day": 1,
    "cooldown": 30,
    "daily_order": "score_desc"
  },
  {
    "variants": [
      "d35",
      "d65",
      "d80"
    ],
    "max_day": 1,
    "cooldown": 60,
    "daily_order": "time_asc"
  },
  {
    "variants": [
      "d35",
      "d65",
      "d80"
    ],
    "max_day": 1,
    "cooldown": 60,
    "daily_order": "score_desc"
  },
  {
    "variants": [
      "d35",
      "d65",
      "d80"
    ],
    "max_day": 2,
    "cooldown": 0,
    "daily_order": "time_asc"
  },
  {
    "variants": [
      "d35",
      "d65",
      "d80"
    ],
    "max_day": 2,
    "cooldown": 0,
    "daily_order": "score_desc"
  },
  {
    "variants": [
      "d35",
      "d65",
      "d80"
    ],
    "max_day": 2,
    "cooldown": 30,
    "daily_order": "time_asc"
  },
  {
    "variants": [
      "d35",
      "d65",
      "d80"
    ],
    "max_day": 2,
    "cooldown": 30,
    "daily_order": "score_desc"
  },
  {
    "variants": [
      "d35",
      "d65",
      "d80"
    ],
    "max_day": 2,
    "cooldown": 60,
    "daily_order": "time_asc"
  },
  {
    "variants": [
      "d35",
      "d65",
      "d80"
    ],
    "max_day": 2,
    "cooldown": 60,
    "daily_order": "score_desc"
  },
  {
    "variants": [
      "d35",
      "d65",
      "d80"
    ],
    "max_day": 3,
    "cooldown": 0,
    "daily_order": "time_asc"
  },
  {
    "variants": [
      "d35",
      "d65",
      "d80"
    ],
    "max_day": 3,
    "cooldown": 0,
    "daily_order": "score_desc"
  },
  {
    "variants": [
      "d35",
      "d65",
      "d80"
    ],
    "max_day": 3,
    "cooldown": 30,
    "daily_order": "time_asc"
  },
  {
    "variants": [
      "d35",
      "d65",
      "d80"
    ],
    "max_day": 3,
    "cooldown": 30,
    "daily_order": "score_desc"
  },
  {
    "variants": [
      "d35",
      "d65",
      "d80"
    ],
    "max_day": 3,
    "cooldown": 60,
    "daily_order": "time_asc"
  },
  {
    "variants": [
      "d35",
      "d65",
      "d80"
    ],
    "max_day": 3,
    "cooldown": 60,
    "daily_order": "score_desc"
  },
  {
    "variants": [
      "d50",
      "d65",
      "d80"
    ],
    "max_day": 1,
    "cooldown": 0,
    "daily_order": "time_asc"
  },
  {
    "variants": [
      "d50",
      "d65",
      "d80"
    ],
    "max_day": 1,
    "cooldown": 0,
    "daily_order": "score_desc"
  },
  {
    "variants": [
      "d50",
      "d65",
      "d80"
    ],
    "max_day": 1,
    "cooldown": 30,
    "daily_order": "time_asc"
  },
  {
    "variants": [
      "d50",
      "d65",
      "d80"
    ],
    "max_day": 1,
    "cooldown": 30,
    "daily_order": "score_desc"
  },
  {
    "variants": [
      "d50",
      "d65",
      "d80"
    ],
    "max_day": 1,
    "cooldown": 60,
    "daily_order": "time_asc"
  },
  {
    "variants": [
      "d50",
      "d65",
      "d80"
    ],
    "max_day": 1,
    "cooldown": 60,
    "daily_order": "score_desc"
  },
  {
    "variants": [
      "d50",
      "d65",
      "d80"
    ],
    "max_day": 2,
    "cooldown": 0,
    "daily_order": "time_asc"
  },
  {
    "variants": [
      "d50",
      "d65",
      "d80"
    ],
    "max_day": 2,
    "cooldown": 0,
    "daily_order": "score_desc"
  },
  {
    "variants": [
      "d50",
      "d65",
      "d80"
    ],
    "max_day": 2,
    "cooldown": 30,
    "daily_order": "time_asc"
  },
  {
    "variants": [
      "d50",
      "d65",
      "d80"
    ],
    "max_day": 2,
    "cooldown": 30,
    "daily_order": "score_desc"
  },
  {
    "variants": [
      "d50",
      "d65",
      "d80"
    ],
    "max_day": 2,
    "cooldown": 60,
    "daily_order": "time_asc"
  },
  {
    "variants": [
      "d50",
      "d65",
      "d80"
    ],
    "max_day": 2,
    "cooldown": 60,
    "daily_order": "score_desc"
  },
  {
    "variants": [
      "d50",
      "d65",
      "d80"
    ],
    "max_day": 3,
    "cooldown": 0,
    "daily_order": "time_asc"
  },
  {
    "variants": [
      "d50",
      "d65",
      "d80"
    ],
    "max_day": 3,
    "cooldown": 0,
    "daily_order": "score_desc"
  },
  {
    "variants": [
      "d50",
      "d65",
      "d80"
    ],
    "max_day": 3,
    "cooldown": 30,
    "daily_order": "time_asc"
  },
  {
    "variants": [
      "d50",
      "d65",
      "d80"
    ],
    "max_day": 3,
    "cooldown": 30,
    "daily_order": "score_desc"
  },
  {
    "variants": [
      "d50",
      "d65",
      "d80"
    ],
    "max_day": 3,
    "cooldown": 60,
    "daily_order": "time_asc"
  },
  {
    "variants": [
      "d50",
      "d65",
      "d80"
    ],
    "max_day": 3,
    "cooldown": 60,
    "daily_order": "score_desc"
  },
  {
    "variants": [
      "d25",
      "d35",
      "d50",
      "d65"
    ],
    "max_day": 1,
    "cooldown": 0,
    "daily_order": "time_asc"
  },
  {
    "variants": [
      "d25",
      "d35",
      "d50",
      "d65"
    ],
    "max_day": 1,
    "cooldown": 0,
    "daily_order": "score_desc"
  },
  {
    "variants": [
      "d25",
      "d35",
      "d50",
      "d65"
    ],
    "max_day": 1,
    "cooldown": 30,
    "daily_order": "time_asc"
  },
  {
    "variants": [
      "d25",
      "d35",
      "d50",
      "d65"
    ],
    "max_day": 1,
    "cooldown": 30,
    "daily_order": "score_desc"
  },
  {
    "variants": [
      "d25",
      "d35",
      "d50",
      "d65"
    ],
    "max_day": 1,
    "cooldown": 60,
    "daily_order": "time_asc"
  },
  {
    "variants": [
      "d25",
      "d35",
      "d50",
      "d65"
    ],
    "max_day": 1,
    "cooldown": 60,
    "daily_order": "score_desc"
  },
  {
    "variants": [
      "d25",
      "d35",
      "d50",
      "d65"
    ],
    "max_day": 2,
    "cooldown": 0,
    "daily_order": "time_asc"
  },
  {
    "variants": [
      "d25",
      "d35",
      "d50",
      "d65"
    ],
    "max_day": 2,
    "cooldown": 0,
    "daily_order": "score_desc"
  },
  {
    "variants": [
      "d25",
      "d35",
      "d50",
      "d65"
    ],
    "max_day": 2,
    "cooldown": 30,
    "daily_order": "time_asc"
  },
  {
    "variants": [
      "d25",
      "d35",
      "d50",
      "d65"
    ],
    "max_day": 2,
    "cooldown": 30,
    "daily_order": "score_desc"
  },
  {
    "variants": [
      "d25",
      "d35",
      "d50",
      "d65"
    ],
    "max_day": 2,
    "cooldown": 60,
    "daily_order": "time_asc"
  },
  {
    "variants": [
      "d25",
      "d35",
      "d50",
      "d65"
    ],
    "max_day": 2,
    "cooldown": 60,
    "daily_order": "score_desc"
  },
  {
    "variants": [
      "d25",
      "d35",
      "d50",
      "d65"
    ],
    "max_day": 3,
    "cooldown": 0,
    "daily_order": "time_asc"
  },
  {
    "variants": [
      "d25",
      "d35",
      "d50",
      "d65"
    ],
    "max_day": 3,
    "cooldown": 0,
    "daily_order": "score_desc"
  },
  {
    "variants": [
      "d25",
      "d35",
      "d50",
      "d65"
    ],
    "max_day": 3,
    "cooldown": 30,
    "daily_order": "time_asc"
  },
  {
    "variants": [
      "d25",
      "d35",
      "d50",
      "d65"
    ],
    "max_day": 3,
    "cooldown": 30,
    "daily_order": "score_desc"
  },
  {
    "variants": [
      "d25",
      "d35",
      "d50",
      "d65"
    ],
    "max_day": 3,
    "cooldown": 60,
    "daily_order": "time_asc"
  },
  {
    "variants": [
      "d25",
      "d35",
      "d50",
      "d65"
    ],
    "max_day": 3,
    "cooldown": 60,
    "daily_order": "score_desc"
  },
  {
    "variants": [
      "d25",
      "d35",
      "d50",
      "d80"
    ],
    "max_day": 1,
    "cooldown": 0,
    "daily_order": "time_asc"
  },
  {
    "variants": [
      "d25",
      "d35",
      "d50",
      "d80"
    ],
    "max_day": 1,
    "cooldown": 0,
    "daily_order": "score_desc"
  },
  {
    "variants": [
      "d25",
      "d35",
      "d50",
      "d80"
    ],
    "max_day": 1,
    "cooldown": 30,
    "daily_order": "time_asc"
  },
  {
    "variants": [
      "d25",
      "d35",
      "d50",
      "d80"
    ],
    "max_day": 1,
    "cooldown": 30,
    "daily_order": "score_desc"
  },
  {
    "variants": [
      "d25",
      "d35",
      "d50",
      "d80"
    ],
    "max_day": 1,
    "cooldown": 60,
    "daily_order": "time_asc"
  },
  {
    "variants": [
      "d25",
      "d35",
      "d50",
      "d80"
    ],
    "max_day": 1,
    "cooldown": 60,
    "daily_order": "score_desc"
  },
  {
    "variants": [
      "d25",
      "d35",
      "d50",
      "d80"
    ],
    "max_day": 2,
    "cooldown": 0,
    "daily_order": "time_asc"
  },
  {
    "variants": [
      "d25",
      "d35",
      "d50",
      "d80"
    ],
    "max_day": 2,
    "cooldown": 0,
    "daily_order": "score_desc"
  },
  {
    "variants": [
      "d25",
      "d35",
      "d50",
      "d80"
    ],
    "max_day": 2,
    "cooldown": 30,
    "daily_order": "time_asc"
  },
  {
    "variants": [
      "d25",
      "d35",
      "d50",
      "d80"
    ],
    "max_day": 2,
    "cooldown": 30,
    "daily_order": "score_desc"
  },
  {
    "variants": [
      "d25",
      "d35",
      "d50",
      "d80"
    ],
    "max_day": 2,
    "cooldown": 60,
    "daily_order": "time_asc"
  },
  {
    "variants": [
      "d25",
      "d35",
      "d50",
      "d80"
    ],
    "max_day": 2,
    "cooldown": 60,
    "daily_order": "score_desc"
  },
  {
    "variants": [
      "d25",
      "d35",
      "d50",
      "d80"
    ],
    "max_day": 3,
    "cooldown": 0,
    "daily_order": "time_asc"
  },
  {
    "variants": [
      "d25",
      "d35",
      "d50",
      "d80"
    ],
    "max_day": 3,
    "cooldown": 0,
    "daily_order": "score_desc"
  },
  {
    "variants": [
      "d25",
      "d35",
      "d50",
      "d80"
    ],
    "max_day": 3,
    "cooldown": 30,
    "daily_order": "time_asc"
  },
  {
    "variants": [
      "d25",
      "d35",
      "d50",
      "d80"
    ],
    "max_day": 3,
    "cooldown": 30,
    "daily_order": "score_desc"
  },
  {
    "variants": [
      "d25",
      "d35",
      "d50",
      "d80"
    ],
    "max_day": 3,
    "cooldown": 60,
    "daily_order": "time_asc"
  },
  {
    "variants": [
      "d25",
      "d35",
      "d50",
      "d80"
    ],
    "max_day": 3,
    "cooldown": 60,
    "daily_order": "score_desc"
  },
  {
    "variants": [
      "d25",
      "d35",
      "d65",
      "d80"
    ],
    "max_day": 1,
    "cooldown": 0,
    "daily_order": "time_asc"
  },
  {
    "variants": [
      "d25",
      "d35",
      "d65",
      "d80"
    ],
    "max_day": 1,
    "cooldown": 0,
    "daily_order": "score_desc"
  },
  {
    "variants": [
      "d25",
      "d35",
      "d65",
      "d80"
    ],
    "max_day": 1,
    "cooldown": 30,
    "daily_order": "time_asc"
  },
  {
    "variants": [
      "d25",
      "d35",
      "d65",
      "d80"
    ],
    "max_day": 1,
    "cooldown": 30,
    "daily_order": "score_desc"
  },
  {
    "variants": [
      "d25",
      "d35",
      "d65",
      "d80"
    ],
    "max_day": 1,
    "cooldown": 60,
    "daily_order": "time_asc"
  },
  {
    "variants": [
      "d25",
      "d35",
      "d65",
      "d80"
    ],
    "max_day": 1,
    "cooldown": 60,
    "daily_order": "score_desc"
  },
  {
    "variants": [
      "d25",
      "d35",
      "d65",
      "d80"
    ],
    "max_day": 2,
    "cooldown": 0,
    "daily_order": "time_asc"
  },
  {
    "variants": [
      "d25",
      "d35",
      "d65",
      "d80"
    ],
    "max_day": 2,
    "cooldown": 0,
    "daily_order": "score_desc"
  },
  {
    "variants": [
      "d25",
      "d35",
      "d65",
      "d80"
    ],
    "max_day": 2,
    "cooldown": 30,
    "daily_order": "time_asc"
  },
  {
    "variants": [
      "d25",
      "d35",
      "d65",
      "d80"
    ],
    "max_day": 2,
    "cooldown": 30,
    "daily_order": "score_desc"
  },
  {
    "variants": [
      "d25",
      "d35",
      "d65",
      "d80"
    ],
    "max_day": 2,
    "cooldown": 60,
    "daily_order": "time_asc"
  },
  {
    "variants": [
      "d25",
      "d35",
      "d65",
      "d80"
    ],
    "max_day": 2,
    "cooldown": 60,
    "daily_order": "score_desc"
  },
  {
    "variants": [
      "d25",
      "d35",
      "d65",
      "d80"
    ],
    "max_day": 3,
    "cooldown": 0,
    "daily_order": "time_asc"
  },
  {
    "variants": [
      "d25",
      "d35",
      "d65",
      "d80"
    ],
    "max_day": 3,
    "cooldown": 0,
    "daily_order": "score_desc"
  },
  {
    "variants": [
      "d25",
      "d35",
      "d65",
      "d80"
    ],
    "max_day": 3,
    "cooldown": 30,
    "daily_order": "time_asc"
  },
  {
    "variants": [
      "d25",
      "d35",
      "d65",
      "d80"
    ],
    "max_day": 3,
    "cooldown": 30,
    "daily_order": "score_desc"
  },
  {
    "variants": [
      "d25",
      "d35",
      "d65",
      "d80"
    ],
    "max_day": 3,
    "cooldown": 60,
    "daily_order": "time_asc"
  },
  {
    "variants": [
      "d25",
      "d35",
      "d65",
      "d80"
    ],
    "max_day": 3,
    "cooldown": 60,
    "daily_order": "score_desc"
  },
  {
    "variants": [
      "d25",
      "d50",
      "d65",
      "d80"
    ],
    "max_day": 1,
    "cooldown": 0,
    "daily_order": "time_asc"
  },
  {
    "variants": [
      "d25",
      "d50",
      "d65",
      "d80"
    ],
    "max_day": 1,
    "cooldown": 0,
    "daily_order": "score_desc"
  },
  {
    "variants": [
      "d25",
      "d50",
      "d65",
      "d80"
    ],
    "max_day": 1,
    "cooldown": 30,
    "daily_order": "time_asc"
  },
  {
    "variants": [
      "d25",
      "d50",
      "d65",
      "d80"
    ],
    "max_day": 1,
    "cooldown": 30,
    "daily_order": "score_desc"
  },
  {
    "variants": [
      "d25",
      "d50",
      "d65",
      "d80"
    ],
    "max_day": 1,
    "cooldown": 60,
    "daily_order": "time_asc"
  },
  {
    "variants": [
      "d25",
      "d50",
      "d65",
      "d80"
    ],
    "max_day": 1,
    "cooldown": 60,
    "daily_order": "score_desc"
  },
  {
    "variants": [
      "d25",
      "d50",
      "d65",
      "d80"
    ],
    "max_day": 2,
    "cooldown": 0,
    "daily_order": "time_asc"
  },
  {
    "variants": [
      "d25",
      "d50",
      "d65",
      "d80"
    ],
    "max_day": 2,
    "cooldown": 0,
    "daily_order": "score_desc"
  },
  {
    "variants": [
      "d25",
      "d50",
      "d65",
      "d80"
    ],
    "max_day": 2,
    "cooldown": 30,
    "daily_order": "time_asc"
  },
  {
    "variants": [
      "d25",
      "d50",
      "d65",
      "d80"
    ],
    "max_day": 2,
    "cooldown": 30,
    "daily_order": "score_desc"
  },
  {
    "variants": [
      "d25",
      "d50",
      "d65",
      "d80"
    ],
    "max_day": 2,
    "cooldown": 60,
    "daily_order": "time_asc"
  },
  {
    "variants": [
      "d25",
      "d50",
      "d65",
      "d80"
    ],
    "max_day": 2,
    "cooldown": 60,
    "daily_order": "score_desc"
  },
  {
    "variants": [
      "d25",
      "d50",
      "d65",
      "d80"
    ],
    "max_day": 3,
    "cooldown": 0,
    "daily_order": "time_asc"
  },
  {
    "variants": [
      "d25",
      "d50",
      "d65",
      "d80"
    ],
    "max_day": 3,
    "cooldown": 0,
    "daily_order": "score_desc"
  },
  {
    "variants": [
      "d25",
      "d50",
      "d65",
      "d80"
    ],
    "max_day": 3,
    "cooldown": 30,
    "daily_order": "time_asc"
  },
  {
    "variants": [
      "d25",
      "d50",
      "d65",
      "d80"
    ],
    "max_day": 3,
    "cooldown": 30,
    "daily_order": "score_desc"
  },
  {
    "variants": [
      "d25",
      "d50",
      "d65",
      "d80"
    ],
    "max_day": 3,
    "cooldown": 60,
    "daily_order": "time_asc"
  },
  {
    "variants": [
      "d25",
      "d50",
      "d65",
      "d80"
    ],
    "max_day": 3,
    "cooldown": 60,
    "daily_order": "score_desc"
  },
  {
    "variants": [
      "d35",
      "d50",
      "d65",
      "d80"
    ],
    "max_day": 1,
    "cooldown": 0,
    "daily_order": "time_asc"
  },
  {
    "variants": [
      "d35",
      "d50",
      "d65",
      "d80"
    ],
    "max_day": 1,
    "cooldown": 0,
    "daily_order": "score_desc"
  },
  {
    "variants": [
      "d35",
      "d50",
      "d65",
      "d80"
    ],
    "max_day": 1,
    "cooldown": 30,
    "daily_order": "time_asc"
  },
  {
    "variants": [
      "d35",
      "d50",
      "d65",
      "d80"
    ],
    "max_day": 1,
    "cooldown": 30,
    "daily_order": "score_desc"
  },
  {
    "variants": [
      "d35",
      "d50",
      "d65",
      "d80"
    ],
    "max_day": 1,
    "cooldown": 60,
    "daily_order": "time_asc"
  },
  {
    "variants": [
      "d35",
      "d50",
      "d65",
      "d80"
    ],
    "max_day": 1,
    "cooldown": 60,
    "daily_order": "score_desc"
  },
  {
    "variants": [
      "d35",
      "d50",
      "d65",
      "d80"
    ],
    "max_day": 2,
    "cooldown": 0,
    "daily_order": "time_asc"
  },
  {
    "variants": [
      "d35",
      "d50",
      "d65",
      "d80"
    ],
    "max_day": 2,
    "cooldown": 0,
    "daily_order": "score_desc"
  },
  {
    "variants": [
      "d35",
      "d50",
      "d65",
      "d80"
    ],
    "max_day": 2,
    "cooldown": 30,
    "daily_order": "time_asc"
  },
  {
    "variants": [
      "d35",
      "d50",
      "d65",
      "d80"
    ],
    "max_day": 2,
    "cooldown": 30,
    "daily_order": "score_desc"
  },
  {
    "variants": [
      "d35",
      "d50",
      "d65",
      "d80"
    ],
    "max_day": 2,
    "cooldown": 60,
    "daily_order": "time_asc"
  },
  {
    "variants": [
      "d35",
      "d50",
      "d65",
      "d80"
    ],
    "max_day": 2,
    "cooldown": 60,
    "daily_order": "score_desc"
  },
  {
    "variants": [
      "d35",
      "d50",
      "d65",
      "d80"
    ],
    "max_day": 3,
    "cooldown": 0,
    "daily_order": "time_asc"
  },
  {
    "variants": [
      "d35",
      "d50",
      "d65",
      "d80"
    ],
    "max_day": 3,
    "cooldown": 0,
    "daily_order": "score_desc"
  },
  {
    "variants": [
      "d35",
      "d50",
      "d65",
      "d80"
    ],
    "max_day": 3,
    "cooldown": 30,
    "daily_order": "time_asc"
  },
  {
    "variants": [
      "d35",
      "d50",
      "d65",
      "d80"
    ],
    "max_day": 3,
    "cooldown": 30,
    "daily_order": "score_desc"
  },
  {
    "variants": [
      "d35",
      "d50",
      "d65",
      "d80"
    ],
    "max_day": 3,
    "cooldown": 60,
    "daily_order": "time_asc"
  },
  {
    "variants": [
      "d35",
      "d50",
      "d65",
      "d80"
    ],
    "max_day": 3,
    "cooldown": 60,
    "daily_order": "score_desc"
  },
  {
    "variants": [
      "d25",
      "d35",
      "d50",
      "d65",
      "d80"
    ],
    "max_day": 1,
    "cooldown": 0,
    "daily_order": "time_asc"
  },
  {
    "variants": [
      "d25",
      "d35",
      "d50",
      "d65",
      "d80"
    ],
    "max_day": 1,
    "cooldown": 0,
    "daily_order": "score_desc"
  },
  {
    "variants": [
      "d25",
      "d35",
      "d50",
      "d65",
      "d80"
    ],
    "max_day": 1,
    "cooldown": 30,
    "daily_order": "time_asc"
  },
  {
    "variants": [
      "d25",
      "d35",
      "d50",
      "d65",
      "d80"
    ],
    "max_day": 1,
    "cooldown": 30,
    "daily_order": "score_desc"
  },
  {
    "variants": [
      "d25",
      "d35",
      "d50",
      "d65",
      "d80"
    ],
    "max_day": 1,
    "cooldown": 60,
    "daily_order": "time_asc"
  },
  {
    "variants": [
      "d25",
      "d35",
      "d50",
      "d65",
      "d80"
    ],
    "max_day": 1,
    "cooldown": 60,
    "daily_order": "score_desc"
  },
  {
    "variants": [
      "d25",
      "d35",
      "d50",
      "d65",
      "d80"
    ],
    "max_day": 2,
    "cooldown": 0,
    "daily_order": "time_asc"
  },
  {
    "variants": [
      "d25",
      "d35",
      "d50",
      "d65",
      "d80"
    ],
    "max_day": 2,
    "cooldown": 0,
    "daily_order": "score_desc"
  },
  {
    "variants": [
      "d25",
      "d35",
      "d50",
      "d65",
      "d80"
    ],
    "max_day": 2,
    "cooldown": 30,
    "daily_order": "time_asc"
  },
  {
    "variants": [
      "d25",
      "d35",
      "d50",
      "d65",
      "d80"
    ],
    "max_day": 2,
    "cooldown": 30,
    "daily_order": "score_desc"
  },
  {
    "variants": [
      "d25",
      "d35",
      "d50",
      "d65",
      "d80"
    ],
    "max_day": 2,
    "cooldown": 60,
    "daily_order": "time_asc"
  },
  {
    "variants": [
      "d25",
      "d35",
      "d50",
      "d65",
      "d80"
    ],
    "max_day": 2,
    "cooldown": 60,
    "daily_order": "score_desc"
  },
  {
    "variants": [
      "d25",
      "d35",
      "d50",
      "d65",
      "d80"
    ],
    "max_day": 3,
    "cooldown": 0,
    "daily_order": "time_asc"
  },
  {
    "variants": [
      "d25",
      "d35",
      "d50",
      "d65",
      "d80"
    ],
    "max_day": 3,
    "cooldown": 0,
    "daily_order": "score_desc"
  },
  {
    "variants": [
      "d25",
      "d35",
      "d50",
      "d65",
      "d80"
    ],
    "max_day": 3,
    "cooldown": 30,
    "daily_order": "time_asc"
  },
  {
    "variants": [
      "d25",
      "d35",
      "d50",
      "d65",
      "d80"
    ],
    "max_day": 3,
    "cooldown": 30,
    "daily_order": "score_desc"
  },
  {
    "variants": [
      "d25",
      "d35",
      "d50",
      "d65",
      "d80"
    ],
    "max_day": 3,
    "cooldown": 60,
    "daily_order": "time_asc"
  },
  {
    "variants": [
      "d25",
      "d35",
      "d50",
      "d65",
      "d80"
    ],
    "max_day": 3,
    "cooldown": 60,
    "daily_order": "score_desc"
  }
]
```

## Config

```json
{
  "trade_source": [
    "d25=research_papers/JEPA/results/_diagnostics/event_option_mh30trail_clean1000_nopool_d25_return_wf202508_202606_combined_v1/event_option_gate_trades.csv",
    "d35=research_papers/JEPA/results/_diagnostics/event_option_mh30trail_clean1000_nopool_d35_return_wf202508_202606_combined_v1/event_option_gate_trades.csv",
    "d50=research_papers/JEPA/results/_diagnostics/event_option_mh30trail_clean1000_nopool_d50_return_wf202508_202606_combined_v1/event_option_gate_trades.csv",
    "d65=research_papers/JEPA/results/_diagnostics/event_option_mh30trail_clean1000_nopool_d65_return_wf202508_202606_combined_v1/event_option_gate_trades.csv",
    "d80=research_papers/JEPA/results/_diagnostics/event_option_mh30trail_clean1000_nopool_d80_return_wf202508_202606_combined_v1/event_option_gate_trades.csv"
  ],
  "output_dir": "research_papers/JEPA/results/_diagnostics/event_option_mh30trail_union_selector_QQQ_wf2026_hist2025_v1",
  "ticker": "QQQ",
  "history_start_month": "202508",
  "start_month": "202601",
  "end_month": "202606",
  "max_source_group_size": 5,
  "max_day_grid": [
    1,
    2,
    3
  ],
  "cooldown_grid": [
    0,
    30,
    60
  ],
  "daily_order_grid": [
    "time_asc",
    "score_desc"
  ],
  "workers": 8,
  "chunksize": 8,
  "select_months": 5,
  "min_select_trades": 90,
  "min_select_month_trades": 18,
  "score_pf_weight": 7.0,
  "score_pf_cap": 4.0,
  "score_win_weight": 25.0,
  "score_return_weight": 0.25,
  "score_positive_month_weight": 16.0,
  "score_volume_weight": 0.03,
  "score_daily_dd_penalty": 0.12,
  "score_top5_penalty": 0.5,
  "risk_capital": 5000.0,
  "deploy_month": "",
  "deploy_select_end_month": "",
  "export_deploy_config": false,
  "skip_walkforward": false,
  "allow_invalid_deploy_selection": false
}
```
