# Event Daily Regime Gate

Uses only the first accepted event of each ticker/day to decide whether to keep that ticker's trades for the day. Models and thresholds are trained/selected on prior months only.

## Overall

```json
{
  "trades": 2931,
  "win_rate": 0.4790174002047083,
  "profit_factor": 1.528779526353359,
  "pnl_return": 241.33662744583012,
  "avg_return": 0.08233934747384174,
  "max_drawdown": -6.1727272380478695,
  "call_rate": 0.26270897304674173,
  "days_with_trades": 843,
  "daily_win_rate": 0.531435349940688,
  "median_daily_return": 0.2,
  "daily_max_drawdown": -9.318798561395717,
  "top5_day_return": 12.5,
  "top5_share_of_pnl": 0.051794873129258935,
  "min_month_trades": 54,
  "positive_month_rate": 0.7804878048780488
}
```

## Per Ticker

```json
{
  "QQQ": {
    "trades": 946,
    "win_rate": 0.47463002114164904,
    "profit_factor": 1.4947616064705072,
    "pnl_return": 73.76895552475258,
    "avg_return": 0.07797986841940019,
    "max_drawdown": -4.700000000000021,
    "call_rate": 0.27801268498942916,
    "days_with_trades": 788,
    "daily_win_rate": 0.5329949238578681,
    "median_daily_return": 0.2,
    "daily_max_drawdown": -4.4000000000000075,
    "top5_day_return": 5.0,
    "top5_share_of_pnl": 0.06777918928677647,
    "min_month_trades": 13,
    "positive_month_rate": 0.8048780487804879
  },
  "SPXW": {
    "trades": 1017,
    "win_rate": 0.4936086529006883,
    "profit_factor": 1.6281397503977646,
    "pnl_return": 96.437400116531,
    "avg_return": 0.09482536884614651,
    "max_drawdown": -5.0304093626133675,
    "call_rate": 0.255653883972468,
    "days_with_trades": 786,
    "daily_win_rate": 0.5419847328244275,
    "median_daily_return": 0.2,
    "daily_max_drawdown": -5.0304093626133355,
    "top5_day_return": 7.5,
    "top5_share_of_pnl": 0.07777065734805488,
    "min_month_trades": 15,
    "positive_month_rate": 0.8048780487804879
  },
  "SPY": {
    "trades": 968,
    "win_rate": 0.46797520661157027,
    "profit_factor": 1.462562056151919,
    "pnl_return": 71.13027180454654,
    "avg_return": 0.07348168574849849,
    "max_drawdown": -6.1727272380482,
    "call_rate": 0.25516528925619836,
    "days_with_trades": 795,
    "daily_win_rate": 0.5081761006289308,
    "median_daily_return": 0.2,
    "daily_max_drawdown": -6.172727238048202,
    "top5_day_return": 6.5,
    "top5_share_of_pnl": 0.09138162747164605,
    "min_month_trades": 14,
    "positive_month_rate": 0.7317073170731707
  }
}
```

## Folds

```csv
ticker,month,threshold,train_months,select_months,select_passed,kept_days,test_days,feature_count,select_trades,select_win_rate,select_profit_factor,select_pnl_return,select_avg_return,select_max_drawdown,select_call_rate,select_days_with_trades,select_daily_win_rate,select_median_daily_return,select_daily_max_drawdown,select_top5_day_return,select_top5_share_of_pnl,select_min_month_trades,select_positive_month_rate,test_trades,test_win_rate,test_profit_factor,test_pnl_return,test_avg_return,test_max_drawdown,test_call_rate,test_days_with_trades,test_daily_win_rate,test_median_daily_return,test_daily_max_drawdown,test_top5_day_return,test_top5_share_of_pnl,test_min_month_trades,test_positive_month_rate

SPXW,202301,-inf,,,False,20,20,261,0,,,0.0,,0.0,,0,,,0.0,0.0,,0,,53,0.39622641509433965,1.09375,0.8999999999999999,0.016981132075471698,-2.4,0.4716981132075472,20,0.35,-0.09999999999999998,-1.9,4.6000000000000005,5.1111111111111125,53,1.0

SPXW,202302,-inf,,,False,19,19,261,0,,,0.0,,0.0,,0,,,0.0,0.0,,0,,20,0.5,1.6169590643274856,1.850877192982456,0.09254385964912279,-0.8999999999999999,0.1,19,0.5263157894736842,0.3508771929824561,-0.8999999999999999,2.5,1.3507109004739337,20,1.0

SPXW,202303,-inf,,,False,21,21,261,0,,,0.0,,0.0,,0,,,0.0,0.0,,0,,22,0.5454545454545454,1.9064197304808064,2.7192591914424193,0.12360269052010997,-1.0000000000000002,0.36363636363636365,21,0.5714285714285714,0.2192591914424189,-1.0000000000000002,2.5,0.919368042541721,22,1.0

SPXW,202304,-inf,,,False,19,19,261,0,,,0.0,,0.0,,0,,,0.0,0.0,,0,,20,0.55,2.037037037037037,2.8000000000000003,0.14,-0.6000000000000001,0.3,19,0.5789473684210527,0.5,-0.5999999999999996,2.5,0.8928571428571428,20,1.0

SPXW,202305,-inf,202301,"202302,202303,202304",False,17,17,261,62,0.532258064516129,1.8471421131522845,7.3701363844248755,0.1188731674907238,-0.9999999999999991,0.25806451612903225,59,0.559322033898305,0.3508771929824561,-0.9999999999999991,2.5,0.33920674864079686,20,1.0,30,0.3333333333333333,0.8333333333333335,-1.0,-0.03333333333333333,-2.3,0.2,17,0.47058823529411764,-0.3,-2.3,3.2,-3.2,30,0.0

SPXW,202306,-inf,"202301,202302","202303,202304,202305",False,14,14,261,72,0.4583333333333333,1.3862614693540523,4.519259191442418,0.06276748877003359,-2.899999999999997,0.2777777777777778,57,0.543859649122807,0.2,-2.8999999999999972,3.5,0.7744632143753853,20,0.6666666666666666,26,0.34615384615384615,0.8823529411764707,-0.5999999999999999,-0.02307692307692307,-1.3,0.46153846153846156,14,0.35714285714285715,-0.19999999999999998,-1.2999999999999998,2.6,-4.333333333333335,26,0.0

SPXW,202307,-inf,"202301,202302,202303","202304,202305,202306",False,18,18,261,76,0.39473684210526316,1.0869565217391302,1.1999999999999995,0.01578947368421052,-2.8999999999999995,0.3157894736842105,50,0.48,-0.09999999999999998,-2.9,3.9000000000000004,3.2500000000000018,20,0.3333333333333333,33,0.3939393939393939,1.0833333333333335,0.5000000000000004,0.015151515151515166,-1.5,0.06060606060606061,18,0.5555555555555556,0.2,-1.3,3.4000000000000004,6.7999999999999945,33,1.0

SPXW,202308,-inf,"202301,202302,202303,202304","202305,202306,202307",False,23,23,261,89,0.3595505617977528,0.935672514619883,-1.1000000000000005,-0.012359550561797758,-2.899999999999999,0.2247191011235955,49,0.46938775510204084,-0.09999999999999998,-2.6999999999999993,5.0,-4.545454545454543,26,0.3333333333333333,23,0.5652173913043478,2.166666666666667,3.500000000000001,0.1521739130434783,-0.8999999999999995,0.43478260869565216,23,0.5652173913043478,0.5,-0.8999999999999995,2.5,0.7142857142857141,23,1.0

SPXW,202309,0.4,"202301,202302,202303,202304,202305","202306,202307,202308",True,14,17,261,54,0.46296296296296297,1.4367816091954022,3.8,0.07037037037037036,-1.5,0.2962962962962963,37,0.5135135135135135,0.2,-1.2999999999999998,4.2,1.105263157894737,18,0.6666666666666666,15,0.3333333333333333,0.8333333333333335,-0.49999999999999983,-0.03333333333333332,-1.6,0.6,14,0.35714285714285715,-0.3,-1.6,2.5,-5.000000000000002,15,0.0

SPXW,202310,-inf,"202301,202302,202303,202304,202305,202306","202307,202308,202309",False,18,18,261,74,0.44594594594594594,1.3414634146341462,4.199999999999999,0.056756756756756746,-2.0999999999999988,0.2972972972972973,58,0.5172413793103449,0.2,-2.099999999999999,4.0,0.9523809523809526,18,1.0,18,0.5,1.6666666666666667,1.8,0.1,-1.8,0.5,18,0.5,0.1,-1.8,2.5,1.3888888888888888,18,1.0

SPXW,202311,-inf,"202301,202302,202303,202304,202305,202306,202307","202308,202309,202310",True,21,21,261,59,0.4915254237288136,1.6111111111111107,5.5,0.09322033898305085,-2.1999999999999984,0.4915254237288136,58,0.5,0.1,-2.1999999999999984,2.5,0.45454545454545453,18,1.0,21,0.5238095238095238,1.8333333333333337,2.500000000000001,0.1190476190476191,-0.8999999999999999,0.2857142857142857,21,0.5238095238095238,0.5,-0.8999999999999999,2.5,0.9999999999999997,21,1.0

SPXW,202312,-inf,"202301,202302,202303,202304,202305,202306,202307,202308","202309,202310,202311",True,20,20,261,57,0.47368421052631576,1.4999999999999998,4.5,0.07894736842105263,-2.2,0.43859649122807015,56,0.48214285714285715,-0.3,-2.2,2.5,0.5555555555555556,18,1.0,20,0.3,0.7682744911876475,-0.9048543644373912,-0.04524271822186956,-1.8048543644373911,0.1,20,0.3,-0.3,-1.8048543644373911,2.5,-2.76287555020461,20,0.0

SPXW,202401,-inf,"202301,202302,202303,202304,202305,202306,202307,202308,202309","202310,202311,202312",False,21,21,261,0,,,0.0,,0.0,,0,,,0.0,0.0,,0,,22,0.45454545454545453,1.3888888888888893,1.4,0.06363636363636363,-1.0,0.22727272727272727,21,0.47619047619047616,-0.3,-1.0,2.5,1.7857142857142858,22,1.0

SPXW,202402,-inf,"202301,202302,202303,202304,202305,202306,202307,202308,202309,202310","202311,202312,202401",False,20,20,261,0,,,0.0,,0.0,,0,,,0.0,0.0,,0,,20,0.3,0.7142857142857144,-1.2,-0.06,-2.8000000000000003,0.05,20,0.3,-0.3,-2.8000000000000003,2.5,-2.0833333333333335,20,0.0

SPXW,202403,-inf,"202301,202302,202303,202304,202305,202306,202307,202308,202309,202310,202311","202312,202401,202402",False,16,16,261,0,,,0.0,,0.0,,0,,,0.0,0.0,,0,,31,0.3225806451612903,0.8122047841021823,-1.1468027898585533,-0.03699363838253398,-1.9468027898585534,0.0,16,0.625,0.2,-1.846802789858553,1.1531972101414467,-1.0055758673936275,31,0.0

SPXW,202404,-inf,"202301,202302,202303,202304,202305,202306,202307,202308,202309,202310,202311,202312","202401,202402,202403",False,22,22,261,73,0.3561643835616438,0.9319173450531789,-0.9468027898585536,-0.01296990123093909,-3.3468027898585535,0.0821917808219178,57,0.45614035087719296,-0.3,-3.346802789858553,2.5,-2.640465392347951,20,0.3333333333333333,52,0.34615384615384615,0.8823529411764705,-1.2000000000000002,-0.02307692307692308,-3.1000000000000005,0.0,22,0.3181818181818182,-0.09999999999999998,-2.8,3.7,-3.083333333333333,52,0.0

SPXW,202405,-inf,"202301,202302,202303,202304,202305,202306,202307,202308,202309,202310,202311,202312,202401","202402,202403,202404",False,22,22,261,103,0.3300970873786408,0.8270414766518208,-3.546802789858553,-0.034434978542316044,-4.446802789858553,0.009708737864077669,58,0.39655172413793105,-0.09999999999999998,-4.4468027898585545,3.7,-1.0431930443326276,20,0.0,23,0.4782608695652174,1.393442618679234,1.4163934272452408,0.06158232292370612,-1.5,0.043478260869565216,22,0.5,-0.14180328637737968,-1.5,2.5,1.7650463154593126,23,1.0

SPXW,202406,-inf,"202301,202302,202303,202304,202305,202306,202307,202308,202309,202310,202311,202312,202401,202402","202403,202404,202405",False,17,17,261,106,0.36792452830188677,0.9532614185486592,-0.9304093626133123,-0.00877744681710672,-3.630409362613312,0.009433962264150943,60,0.4666666666666667,-0.09999999999999998,-3.5304093626133115,3.7,-3.976744160879385,23,0.3333333333333333,18,0.3888888888888889,1.2424331877968615,0.6829471118633283,0.037941506214629356,-0.9000000000000001,0.4444444444444444,17,0.4117647058823529,-0.0656934037270289,-0.9000000000000001,2.5,3.660605567507402,18,1.0

SPXW,202407,-inf,"202301,202302,202303,202304,202305,202306,202307,202308,202309,202310,202311,202312,202401,202402,202403","202404,202405,202406",False,21,21,261,93,0.3870967741935484,1.0541215428008073,0.899340539108568,0.009670328377511484,-3.5836065727547597,0.0967741935483871,61,0.4098360655737705,-0.09999999999999998,-3.283606572754759,3.7,4.114125672203616,18,0.6666666666666666,22,0.7272727272727273,4.444444444444445,6.2,0.2818181818181818,-0.5999999999999996,0.045454545454545456,21,0.7142857142857143,0.5,-0.5999999999999996,3.0,0.48387096774193544,22,1.0

SPXW,202408,-inf,"202301,202302,202303,202304,202305,202306,202307,202308,202309,202310,202311,202312,202401,202402,202403,202404","202405,202406,202407",False,22,22,261,0,,,0.0,,0.0,,0,,,0.0,0.0,,0,,65,0.5538461538461539,2.068965517241379,9.299999999999999,0.14307692307692307,-1.299999999999999,0.26153846153846155,22,0.5,0.3,-0.6999999999999997,6.7,0.7204301075268819,65,1.0

SPXW,202409,-inf,"202301,202302,202303,202304,202305,202306,202307,202308,202309,202310,202311,202312,202401,202402,202403,202404,202405","202406,202407,202408",True,20,20,261,105,0.5619047619047619,2.2152048390736434,16.182947111863324,0.15412330582726977,-1.3000000000000043,0.24761904761904763,60,0.55,0.5,-0.9000000000000001,7.0,0.43255409237965503,18,1.0,22,0.6818181818181818,3.571428571428571,5.4,0.24545454545454548,-0.6000000000000001,0.45454545454545453,20,0.75,0.5,-0.6,2.5,0.4629629629629629,22,1.0

SPXW,202410,0.2,"202301,202302,202303,202304,202305,202306,202307,202308,202309,202310,202311,202312,202401,202402,202403,202404,202405,202406","202407,202408,202409",True,16,16,261,105,0.6285714285714286,2.8205128205128194,21.3,0.20285714285714287,-1.3000000000000043,0.24761904761904763,60,0.6666666666666666,0.5,-0.6999999999999993,7.0,0.32863849765258213,19,1.0,39,0.3076923076923077,0.7407407407407408,-2.0999999999999996,-0.053846153846153835,-4.799999999999999,0.0,16,0.3125,-0.09999999999999998,-4.3,3.4,-1.6190476190476193,39,0.0

SPXW,202411,-inf,"202301,202302,202303,202304,202305,202306,202307,202308,202309,202310,202311,202312,202401,202402,202403,202404,202405,202406,202407","202408,202409,202410",True,18,18,261,126,0.5,1.666666666666666,12.599999999999998,0.09999999999999998,-4.800000000000011,0.21428571428571427,58,0.5344827586206896,0.5,-4.3000000000000025,7.0,0.5555555555555557,22,0.6666666666666666,18,0.6666666666666666,3.28865574849639,4.119580347293502,0.22886557484963901,-0.6,0.5,18,0.6666666666666666,0.5,-0.6,2.5,0.6068579295079072,18,1.0

SPXW,202412,0.3,"202301,202302,202303,202304,202305,202306,202307,202308,202309,202310,202311,202312,202401,202402,202403,202404,202405,202406,202407,202408","202409,202410,202411",True,21,21,261,75,0.5066666666666667,1.7044666979543692,7.819580347293502,0.1042610712972467,-4.799999999999997,0.22666666666666666,51,0.6078431372549019,0.5,-4.299999999999999,3.4,0.43480594213432455,18,0.6666666666666666,22,0.5454545454545454,2.0000000000000004,3.0,0.13636363636363635,-0.6000000000000001,0.13636363636363635,21,0.5714285714285714,0.5,-0.6000000000000001,2.5,0.8333333333333334,22,1.0

SPXW,202501,-inf,"202301,202302,202303,202304,202305,202306,202307,202308,202309,202310,202311,202312,202401,202402,202403,202404,202405,202406,202407,202408,202409","202410,202411,202412",False,20,20,261,79,0.45569620253164556,1.3891147556041474,5.019580347293502,0.06353899173789243,-4.799999999999999,0.1518987341772152,55,0.5272727272727272,0.5,-4.3,3.4,0.6773474602977995,18,0.6666666666666666,21,0.38095238095238093,1.025641025641026,0.10000000000000026,0.0047619047619047745,-1.2,0.0,20,0.4,-0.3,-1.2,2.5,24.999999999999936,21,1.0

SPXW,202502,-inf,"202301,202302,202303,202304,202305,202306,202307,202308,202309,202310,202311,202312,202401,202402,202403,202404,202405,202406,202407,202408,202409,202410","202411,202412,202501",False,19,19,261,0,,,0.0,,0.0,,0,,,0.0,0.0,,0,,19,0.5789473684210527,2.291666666666667,3.1000000000000005,0.16315789473684214,-1.2000000000000002,0.5263157894736842,19,0.5789473684210527,0.5,-1.2000000000000002,2.5,0.8064516129032256,19,1.0

SPXW,202503,0.4,"202301,202302,202303,202304,202305,202306,202307,202308,202309,202310,202311,202312,202401,202402,202403,202404,202405,202406,202407,202408,202409,202410,202411","202412,202501,202502",True,21,21,261,60,0.5166666666666667,1.7816091954022986,6.8,0.11333333333333333,-1.1999999999999993,0.21666666666666667,58,0.5344827586206896,0.5,-1.1999999999999993,2.5,0.36764705882352944,19,1.0,22,0.5454545454545454,2.0000000000000004,3.000000000000001,0.1363636363636364,-0.6,0.22727272727272727,21,0.5714285714285714,0.5,-0.6,2.5,0.833333333333333,22,1.0

SPXW,202504,0.4,"202301,202302,202303,202304,202305,202306,202307,202308,202309,202310,202311,202312,202401,202402,202403,202404,202405,202406,202407,202408,202409,202410,202411,202412","202501,202502,202503",True,17,18,261,59,0.5254237288135594,1.8452380952380951,7.1,0.12033898305084745,-1.2,0.2542372881355932,57,0.543859649122807,0.5,-1.2,2.5,0.35211267605633806,18,1.0,18,0.5,1.6666666666666667,1.8,0.1,-1.2999999999999998,0.6111111111111112,17,0.5294117647058824,0.5,-1.2999999999999998,2.5,1.3888888888888888,18,1.0

SPXW,202505,-inf,"202301,202302,202303,202304,202305,202306,202307,202308,202309,202310,202311,202312,202401,202402,202403,202404,202405,202406,202407,202408,202409,202410,202411,202412,202501","202502,202503,202504",True,21,21,261,60,0.55,2.037037037037037,8.399999999999999,0.13999999999999999,-1.299999999999999,0.45,58,0.5689655172413793,0.5,-1.299999999999999,2.5,0.29761904761904767,19,1.0,22,0.5454545454545454,2.0000000000000004,3.0000000000000004,0.13636363636363638,-0.8999999999999997,0.45454545454545453,21,0.5714285714285714,0.5,-0.8999999999999997,2.5,0.8333333333333333,22,1.0

SPXW,202506,0.3,"202301,202302,202303,202304,202305,202306,202307,202308,202309,202310,202311,202312,202401,202402,202403,202404,202405,202406,202407,202408,202409,202410,202411,202412,202501,202502","202503,202504,202505",True,18,20,261,60,0.55,2.037037037037037,8.399999999999999,0.13999999999999999,-1.299999999999999,0.4166666666666667,57,0.5789473684210527,0.5,-1.2999999999999994,2.5,0.29761904761904767,19,1.0,18,0.6666666666666666,3.333333333333333,4.2,0.23333333333333334,-0.6000000000000001,0.3333333333333333,18,0.6666666666666666,0.5,-0.6000000000000001,2.5,0.5952380952380952,18,1.0

SPXW,202507,-inf,"202301,202302,202303,202304,202305,202306,202307,202308,202309,202310,202311,202312,202401,202402,202403,202404,202405,202406,202407,202408,202409,202410,202411,202412,202501,202502,202503","202504,202505,202506",True,21,21,261,61,0.5737704918032787,2.243589743589744,9.7,0.15901639344262294,-1.2999999999999998,0.45901639344262296,59,0.5932203389830508,0.5,-1.2999999999999998,2.5,0.2577319587628866,19,1.0,42,0.6190476190476191,2.7083333333333335,8.2,0.1952380952380952,-0.9999999999999991,0.16666666666666666,21,0.9047619047619048,0.2,-0.6000000000000001,5.0,0.6097560975609757,42,1.0

SPXW,202508,0.3,"202301,202302,202303,202304,202305,202306,202307,202308,202309,202310,202311,202312,202401,202402,202403,202404,202405,202406,202407,202408,202409,202410,202411,202412,202501,202502,202503,202504","202505,202506,202507",True,20,21,261,79,0.620253164556962,2.722222222222222,15.5,0.1962025316455696,-1.2000000000000028,0.26582278481012656,58,0.7241379310344828,0.5,-0.8999999999999995,5.0,0.3225806451612903,19,1.0,21,0.6190476190476191,2.7083333333333335,4.1000000000000005,0.19523809523809527,-0.6000000000000001,0.3333333333333333,20,0.65,0.5,-0.6000000000000001,2.5,0.6097560975609755,21,1.0

SPXW,202509,-inf,"202301,202302,202303,202304,202305,202306,202307,202308,202309,202310,202311,202312,202401,202402,202403,202404,202405,202406,202407,202408,202409,202410,202411,202412,202501,202502,202503,202504,202505","202506,202507,202508",True,20,20,261,84,0.6309523809523809,2.849462365591397,17.2,0.20476190476190476,-0.9999999999999991,0.25,62,0.7419354838709677,0.5,-0.9,5.0,0.29069767441860467,20,1.0,22,0.5,1.666666666666667,2.2,0.1,-2.0000000000000004,0.3181818181818182,20,0.5,0.1,-2.0000000000000004,3.0,1.3636363636363635,22,1.0

SPXW,202510,0.4,"202301,202302,202303,202304,202305,202306,202307,202308,202309,202310,202311,202312,202401,202402,202403,202404,202405,202406,202407,202408,202409,202410,202411,202412,202501,202502,202503,202504,202505,202506","202507,202508,202509",True,21,23,261,79,0.6075949367088608,2.580645161290322,14.7,0.1860759493670886,-2.000000000000007,0.27848101265822783,57,0.7192982456140351,0.2,-2.0000000000000053,5.0,0.3401360544217687,20,1.0,22,0.7727272727272727,5.666666666666667,7.000000000000001,0.31818181818181823,-0.5999999999999996,0.45454545454545453,21,0.7619047619047619,0.5,-0.5999999999999996,3.0,0.4285714285714285,22,1.0

SPXW,202511,0.5,"202301,202302,202303,202304,202305,202306,202307,202308,202309,202310,202311,202312,202401,202402,202403,202404,202405,202406,202407,202408,202409,202410,202411,202412,202501,202502,202503,202504,202505,202506,202507","202508,202509,202510",True,16,19,261,59,0.6610169491525424,3.2500000000000004,13.5,0.2288135593220339,-1.6999999999999984,0.423728813559322,55,0.6727272727272727,0.5,-1.6999999999999984,3.5,0.25925925925925924,18,1.0,16,0.5,1.6666666666666667,1.6,0.1,-1.8,0.125,16,0.5,0.1,-1.8,2.5,1.5625,16,1.0

SPXW,202512,0.4,"202301,202302,202303,202304,202305,202306,202307,202308,202309,202310,202311,202312,202401,202402,202403,202404,202405,202406,202407,202408,202409,202410,202411,202412,202501,202502,202503,202504,202505,202506,202507,202508","202509,202510,202511",True,21,22,261,63,0.6031746031746031,2.5333333333333337,11.5,0.18253968253968253,-2.100000000000004,0.31746031746031744,60,0.6,0.5,-2.100000000000004,3.5,0.30434782608695654,18,1.0,22,0.6363636363636364,2.916666666666667,4.6000000000000005,0.2090909090909091,-0.8999999999999999,0.18181818181818182,21,0.6666666666666666,0.5,-0.8999999999999999,2.5,0.5434782608695652,22,1.0

SPXW,202601,-inf,"202301,202302,202303,202304,202305,202306,202307,202308,202309,202310,202311,202312,202401,202402,202403,202404,202405,202406,202407,202408,202409,202410,202411,202412,202501,202502,202503,202504,202505,202506,202507,202508,202509","202510,202511,202512",True,19,19,261,66,0.6363636363636364,2.916666666666667,13.799999999999999,0.20909090909090908,-2.0999999999999988,0.25757575757575757,64,0.640625,0.5,-2.0999999999999988,3.0,0.2173913043478261,19,1.0,21,0.42857142857142855,1.2500000000000002,0.9000000000000001,0.042857142857142864,-1.2999999999999998,0.23809523809523808,19,0.47368421052631576,-0.3,-1.2999999999999998,2.5,2.7777777777777772,21,1.0

SPXW,202602,-inf,"202301,202302,202303,202304,202305,202306,202307,202308,202309,202310,202311,202312,202401,202402,202403,202404,202405,202406,202407,202408,202409,202410,202411,202412,202501,202502,202503,202504,202505,202506,202507,202508,202509,202510","202511,202512,202601",False,19,19,261,0,,,0.0,,0.0,,0,,,0.0,0.0,,0,,19,0.5263157894736842,1.851851851851852,2.3000000000000003,0.12105263157894738,-0.6999999999999993,0.21052631578947367,19,0.5263157894736842,0.5,-0.6999999999999993,2.5,1.0869565217391304,19,1.0

SPXW,202603,0.5,"202301,202302,202303,202304,202305,202306,202307,202308,202309,202310,202311,202312,202401,202402,202403,202404,202405,202406,202407,202408,202409,202410,202411,202412,202501,202502,202503,202504,202505,202506,202507,202508,202509,202510,202511","202512,202601,202602",True,17,19,261,57,0.5614035087719298,2.1333333333333337,8.5,0.14912280701754385,-1.299999999999999,0.22807017543859648,54,0.5925925925925926,0.5,-1.299999999999999,2.5,0.29411764705882354,18,1.0,17,0.7058823529411765,4.0,4.5,0.2647058823529412,-0.30000000000000004,0.5294117647058824,17,0.7058823529411765,0.5,-0.30000000000000004,2.5,0.5555555555555556,17,1.0

SPXW,202604,-inf,"202301,202302,202303,202304,202305,202306,202307,202308,202309,202310,202311,202312,202401,202402,202403,202404,202405,202406,202407,202408,202409,202410,202411,202412,202501,202502,202503,202504,202505,202506,202507,202508,202509,202510,202511,202512","202601,202602,202603",True,19,19,261,59,0.5254237288135594,1.8452380952380951,7.1000000000000005,0.12033898305084746,-1.2999999999999998,0.3050847457627119,57,0.543859649122807,0.5,-1.2999999999999998,2.5,0.352112676056338,19,1.0,20,0.65,3.095238095238095,4.4,0.22000000000000003,-0.6,0.25,19,0.6842105263157895,0.5,-0.5999999999999996,2.5,0.5681818181818181,20,1.0

SPXW,202605,-inf,"202301,202302,202303,202304,202305,202306,202307,202308,202309,202310,202311,202312,202401,202402,202403,202404,202405,202406,202407,202408,202409,202410,202411,202412,202501,202502,202503,202504,202505,202506,202507,202508,202509,202510,202511,202512,202601","202602,202603,202604",True,17,17,261,58,0.603448275862069,2.5362318840579716,10.6,0.18275862068965518,-0.6999999999999993,0.3103448275862069,57,0.6140350877192983,0.5,-0.6999999999999993,2.5,0.2358490566037736,19,1.0,20,0.5,1.666666666666667,2.0,0.1,-1.3,0.3,17,0.5882352941176471,0.5,-1.2999999999999998,2.5,1.25,20,1.0

SPY,202301,-inf,,,False,20,20,261,0,,,0.0,,0.0,,0,,,0.0,0.0,,0,,39,0.3076923076923077,0.7407407407407408,-2.099999999999999,-0.05384615384615383,-3.5999999999999996,0.3076923076923077,20,0.5,-0.19999999999999998,-3.6,2.9000000000000004,-1.3809523809523816,39,0.0

SPY,202302,-inf,,,False,19,19,261,0,,,0.0,,0.0,,0,,,0.0,0.0,,0,,20,0.45,1.3112947763490284,1.0272727619517932,0.05136363809758966,-1.2999999999999998,0.05,19,0.47368421052631576,-0.3,-0.9999999999999998,2.5,2.433628236428717,20,1.0

SPY,202303,-inf,,,False,19,19,261,0,,,0.0,,0.0,,0,,,0.0,0.0,,0,,41,0.34146341463414637,0.8641975308641976,-1.0999999999999996,-0.02682926829268292,-3.3000000000000007,0.2926829268292683,19,0.42105263157894735,-0.09999999999999998,-3.2999999999999994,3.9000000000000004,-3.5454545454545467,41,0.0

SPY,202304,-inf,,,False,18,18,261,0,,,0.0,,0.0,,0,,,0.0,0.0,,0,,20,0.45,1.363636363636364,1.2,0.06,-1.2,0.55,18,0.5,-0.04999999999999999,-1.2,2.5,2.0833333333333335,20,1.0

SPY,202305,-inf,202301,"202302,202303,202304",False,22,22,261,81,0.3950617283950617,1.0766852219014824,1.1272727619517926,0.013916947678417193,-3.9999999999999996,0.2962962962962963,56,0.4642857142857143,-0.19999999999999998,-3.999999999999999,3.9000000000000004,3.459677312922409,20,0.6666666666666666,41,0.34146341463414637,0.8641975308641976,-1.0999999999999999,-0.026829268292682923,-3.3000000000000003,0.24390243902439024,22,0.5,-0.19999999999999998,-3.2,4.0,-3.6363636363636367,41,0.0

SPY,202306,-inf,"202301,202302","202303,202304,202305",False,21,21,261,102,0.3627450980392157,0.9487179487179487,-1.0000000000000002,-0.009803921568627453,-4.0,0.3235294117647059,59,0.4745762711864407,-0.09999999999999998,-3.999999999999999,5.0,-4.999999999999999,20,0.3333333333333333,21,0.23809523809523808,0.5208333333333334,-2.3,-0.10952380952380951,-2.9,0.14285714285714285,21,0.23809523809523808,-0.3,-2.9,2.5,-1.0869565217391306,21,0.0

SPY,202307,-inf,"202301,202302,202303","202304,202305,202306",False,17,17,261,82,0.34146341463414637,0.8641975308641974,-2.2,-0.02682926829268293,-4.800000000000001,0.2926829268292683,61,0.4098360655737705,-0.3,-4.699999999999999,4.0,-1.8181818181818181,20,0.3333333333333333,20,0.5,1.5166666505237425,1.549999951571227,0.07749999757856135,-0.9,0.1,17,0.5882352941176471,0.2,-0.8999999999999999,2.5,1.6129032762005977,20,1.0

SPY,202308,-inf,"202301,202302,202303,202304","202305,202306,202307",False,18,18,261,82,0.35365853658536583,0.8836477956963034,-1.8500000484287735,-0.022560976200350896,-5.499999999999998,0.18292682926829268,60,0.43333333333333335,-0.3,-5.399999999999999,4.0,-2.162162105561698,20,0.3333333333333333,18,0.7222222222222222,4.333333333333333,5.0,0.2777777777777778,-0.5999999999999996,0.3333333333333333,18,0.7222222222222222,0.5,-0.5999999999999996,2.5,0.5,18,1.0

SPY,202309,-inf,"202301,202302,202303,202304,202305","202306,202307,202308",False,16,16,261,0,,,0.0,,0.0,,0,,,0.0,0.0,,0,,30,0.36666666666666664,0.9649122807017545,-0.19999999999999973,-0.0066666666666666576,-1.9,0.8,16,0.4375,-0.09999999999999998,-1.8999999999999997,2.9,-14.50000000000002,30,0.0

SPY,202310,-inf,"202301,202302,202303,202304,202305,202306","202307,202308,202309",True,18,18,261,68,0.5,1.622549014859924,6.3499999515712275,0.09338235222898864,-1.8999999999999986,0.47058823529411764,51,0.5882352941176471,0.5,-1.8999999999999986,2.9,0.45669291686883107,18,0.6666666666666666,18,0.3888888888888889,1.0606060606060608,0.20000000000000012,0.011111111111111118,-1.8,0.4444444444444444,18,0.3888888888888889,-0.3,-1.8,2.5,12.499999999999993,18,1.0

SPY,202311,-inf,"202301,202302,202303,202304,202305,202306,202307","202308,202309,202310",True,21,21,261,66,0.4696969696969697,1.4761904761904758,5.0,0.07575757575757576,-2.4999999999999964,0.5757575757575758,52,0.5192307692307693,0.5,-2.4999999999999973,2.9,0.58,18,0.6666666666666666,21,0.5714285714285714,2.2222222222222223,3.3000000000000007,0.15714285714285717,-1.0,0.2857142857142857,21,0.5714285714285714,0.5,-1.0,2.5,0.7575757575757575,21,1.0

SPY,202312,-inf,"202301,202302,202303,202304,202305,202306,202307,202308","202309,202310,202311",False,20,20,261,69,0.43478260869565216,1.2820512820512815,3.3000000000000003,0.04782608695652174,-2.5,0.5507246376811594,55,0.4727272727272727,-0.09999999999999998,-2.5,2.9,0.8787878787878787,18,0.6666666666666666,20,0.3,0.764075071843773,-0.9263157647072109,-0.04631578823536055,-1.826315764707211,0.1,20,0.3,-0.3,-1.826315764707211,2.5,-2.698863708521897,20,0.0

SPY,202401,-inf,"202301,202302,202303,202304,202305,202306,202307,202308,202309","202310,202311,202312",False,20,20,261,0,,,0.0,,0.0,,0,,,0.0,0.0,,0,,21,0.42857142857142855,1.2500000000000002,0.8999999999999999,0.04285714285714285,-1.2000000000000002,0.09523809523809523,20,0.45,-0.3,-1.2000000000000002,2.5,2.777777777777778,21,1.0

SPY,202402,-inf,"202301,202302,202303,202304,202305,202306,202307,202308,202309,202310","202311,202312,202401",False,20,20,261,0,,,0.0,,0.0,,0,,,0.0,0.0,,0,,20,0.2,0.4166666666666667,-2.7999999999999994,-0.13999999999999996,-4.199999999999999,0.05,20,0.2,-0.3,-4.199999999999999,1.7,-0.6071428571428573,20,0.0

SPY,202403,-inf,"202301,202302,202303,202304,202305,202306,202307,202308,202309,202310,202311","202312,202401,202402",False,20,20,261,0,,,0.0,,0.0,,0,,,0.0,0.0,,0,,20,0.3,0.7558644778296929,-0.9689654534551939,-0.048448272672759696,-2.068965453455194,0.0,20,0.3,-0.3,-2.068965453455194,2.5,-2.580071344221152,20,0.0

SPY,202404,-inf,"202301,202302,202303,202304,202305,202306,202307,202308,202309,202310,202311,202312","202401,202402,202403",False,21,21,261,0,,,0.0,,0.0,,0,,,0.0,0.0,,0,,40,0.475,1.5079365079365081,3.2,0.08,-2.0999999999999988,0.0,21,0.6666666666666666,0.2,-1.8000000000000003,5.0,1.5625,40,1.0

SPY,202405,-inf,"202301,202302,202303,202304,202305,202306,202307,202308,202309,202310,202311,202312,202401","202402,202403,202404",False,20,20,261,80,0.3625,0.9622425670021868,-0.5689654534551942,-0.007112068168189928,-5.368965453455192,0.0125,61,0.39344262295081966,-0.3,-5.368965453455192,5.0,-8.787879773079663,20,0.3333333333333333,20,0.35,0.7750582695323095,-0.8772727488239935,-0.04386363744119968,-2.4,0.1,20,0.35,-0.3,-2.4,2.5,-2.8497408626351537,20,0.0

SPY,202406,-inf,"202301,202302,202303,202304,202305,202306,202307,202308,202309,202310,202311,202312,202401,202402","202403,202404,202405",False,17,17,261,80,0.4,1.0955441526177685,1.353761797720813,0.016922022471510163,-2.477272748823993,0.025,61,0.4426229508196721,-0.3,-2.4772727488239936,5.0,3.693411949146428,20,0.3333333333333333,18,0.3888888888888889,1.1366336641843597,0.4207317095331889,0.023373983862954938,-1.0000000000000002,0.4444444444444444,17,0.4117647058823529,-0.3,-0.9792682904668115,2.5,5.942028954208859,18,1.0

SPY,202407,-inf,"202301,202302,202303,202304,202305,202306,202307,202308,202309,202310,202311,202312,202401,202402,202403","202404,202405,202406",False,22,22,261,78,0.4230769230769231,1.2065971483292284,2.7434589607091953,0.035172550778323014,-2.4772727488239914,0.1282051282051282,58,0.4827586206896552,-0.1896341452334056,-2.4772727488239923,5.0,1.8225167832317344,18,0.6666666666666666,22,0.5454545454545454,2.0000000000000004,3.0,0.13636363636363635,-0.7,0.0,22,0.5454545454545454,0.5,-0.7,2.5,0.8333333333333334,22,1.0

SPY,202408,-inf,"202301,202302,202303,202304,202305,202306,202307,202308,202309,202310,202311,202312,202401,202402,202403,202404","202405,202406,202407",False,22,22,261,0,,,0.0,,0.0,,0,,,0.0,0.0,,0,,22,0.7727272727272727,5.666666666666667,7.0,0.3181818181818182,-0.5999999999999996,0.18181818181818182,22,0.7727272727272727,0.5,-0.5999999999999996,2.5,0.35714285714285715,22,1.0

SPY,202409,-inf,"202301,202302,202303,202304,202305,202306,202307,202308,202309,202310,202311,202312,202401,202402,202403,202404,202405","202406,202407,202408",False,20,20,261,0,,,0.0,,0.0,,0,,,0.0,0.0,,0,,21,0.6190476190476191,2.5629844927660987,3.7511627826386373,0.17862679917326846,-0.8999999999999999,0.6190476190476191,20,0.65,0.5,-0.8999999999999999,2.5,0.6664600138310857,21,1.0

SPY,202410,0.2,"202301,202302,202303,202304,202305,202306,202307,202308,202309,202310,202311,202312,202401,202402,202403,202404,202405,202406","202407,202408,202409",True,18,19,261,61,0.6721311475409836,3.3585271304397732,14.151162782638632,0.2319862751252235,-0.7999999999999999,0.26229508196721313,60,0.6833333333333333,0.5,-0.7999999999999999,2.5,0.1766639277916531,20,1.0,18,0.3333333333333333,0.8333333333333335,-0.5999999999999999,-0.033333333333333326,-2.4000000000000004,0.05555555555555555,18,0.3333333333333333,-0.3,-2.4000000000000004,2.5,-4.166666666666668,18,0.0

SPY,202411,0.2,"202301,202302,202303,202304,202305,202306,202307,202308,202309,202310,202311,202312,202401,202402,202403,202404,202405,202406,202407","202408,202409,202410",True,20,20,261,61,0.5901639344262295,2.353488371018485,10.151162782638634,0.16641250463342022,-2.500000000000007,0.2786885245901639,60,0.6,0.5,-2.500000000000007,2.5,0.2462772052356119,19,0.6666666666666666,21,0.5238095238095238,1.8333333333333337,2.5000000000000004,0.11904761904761907,-0.6000000000000001,0.047619047619047616,20,0.5,0.1,-0.6000000000000001,3.0,1.1999999999999997,21,1.0

SPY,202412,-inf,"202301,202302,202303,202304,202305,202306,202307,202308,202309,202310,202311,202312,202401,202402,202403,202404,202405,202406,202407,202408","202409,202410,202411",True,21,21,261,61,0.4918032786885246,1.5753938475955518,5.351162782638637,0.08772398004325635,-2.4999999999999982,0.2459016393442623,59,0.4915254237288136,-0.3,-2.4999999999999982,3.0,0.560625815707425,19,0.6666666666666666,22,0.5454545454545454,2.0000000000000004,3.0,0.13636363636363635,-0.6000000000000001,0.18181818181818182,21,0.5714285714285714,0.5,-0.6000000000000001,2.5,0.8333333333333334,22,1.0

SPY,202501,-inf,"202301,202302,202303,202304,202305,202306,202307,202308,202309,202310,202311,202312,202401,202402,202403,202404,202405,202406,202407,202408,202409","202410,202411,202412",False,20,20,261,0,,,0.0,,0.0,,0,,,0.0,0.0,,0,,21,0.38095238095238093,0.9881175809841264,-0.04634143416190817,-0.002206734960090865,-1.2999999999999998,0.0,20,0.4,-0.3,-1.2999999999999998,2.5,-53.94740247497466,21,0.0

SPY,202502,-inf,"202301,202302,202303,202304,202305,202306,202307,202308,202309,202310,202311,202312,202401,202402,202403,202404,202405,202406,202407,202408,202409,202410","202411,202412,202501",False,19,19,261,0,,,0.0,,0.0,,0,,,0.0,0.0,,0,,20,0.45,1.363636363636364,1.2000000000000002,0.06000000000000001,-1.8,0.45,19,0.47368421052631576,-0.3,-1.8,2.5,2.083333333333333,20,1.0

SPY,202503,0.2,"202301,202302,202303,202304,202305,202306,202307,202308,202309,202310,202311,202312,202401,202402,202403,202404,202405,202406,202407,202408,202409,202410,202411","202412,202501,202502",True,21,21,261,62,0.46774193548387094,1.4498645015998073,4.453658565838092,0.07183320267480793,-1.4999999999999991,0.20967741935483872,59,0.4915254237288136,-0.3,-1.4999999999999991,2.5,0.5613362504203437,19,0.6666666666666666,22,0.45454545454545453,1.3888888888888893,1.4,0.06363636363636363,-0.9000000000000001,0.2727272727272727,21,0.47619047619047616,-0.3,-0.9000000000000001,2.5,1.7857142857142858,22,1.0

SPY,202504,0.3,"202301,202302,202303,202304,202305,202306,202307,202308,202309,202310,202311,202312,202401,202402,202403,202404,202405,202406,202407,202408,202409,202410,202411,202412","202501,202502,202503",True,21,21,261,59,0.4576271186440678,1.3910061006081347,3.7536585658380917,0.06362133162437443,-1.5000000000000002,0.2542372881355932,56,0.48214285714285715,-0.3,-1.5000000000000002,2.5,0.6660168888967174,18,1.0,22,0.5454545454545454,2.0000000000000004,3.0,0.13636363636363635,-0.7000000000000001,0.5909090909090909,21,0.5714285714285714,0.5,-0.7000000000000001,2.5,0.8333333333333334,22,1.0

SPY,202505,0.3,"202301,202302,202303,202304,202305,202306,202307,202308,202309,202310,202311,202312,202401,202402,202403,202404,202405,202406,202407,202408,202409,202410,202411,202412,202501","202502,202503,202504",True,19,21,261,62,0.5,1.6666666666666663,6.2,0.1,-1.2000000000000002,0.45161290322580644,59,0.5254237288135594,0.5,-1.2000000000000002,2.5,0.4032258064516129,18,1.0,20,0.45,1.363636363636364,1.2000000000000002,0.06000000000000001,-1.2000000000000002,0.3,19,0.47368421052631576,-0.3,-1.2000000000000002,2.5,2.083333333333333,20,1.0

SPY,202506,-inf,"202301,202302,202303,202304,202305,202306,202307,202308,202309,202310,202311,202312,202401,202402,202403,202404,202405,202406,202407,202408,202409,202410,202411,202412,202501,202502","202503,202504,202505",True,20,20,261,66,0.5,1.6666666666666665,6.6,0.09999999999999999,-0.9000000000000001,0.4090909090909091,63,0.5238095238095238,0.5,-0.9000000000000001,2.5,0.3787878787878788,22,1.0,52,0.4423076923076923,1.32183908045977,2.8,0.05384615384615384,-2.4000000000000004,0.4807692307692308,20,0.4,-0.09999999999999998,-2.0,6.2,2.2142857142857144,52,1.0

SPY,202507,0.4130268,"202301,202302,202303,202304,202305,202306,202307,202308,202309,202310,202311,202312,202401,202402,202403,202404,202405,202406,202407,202408,202409,202410,202411,202412,202501,202502,202503","202504,202505,202506",True,14,22,261,70,0.5285714285714286,1.8686868686868687,8.599999999999998,0.12285714285714283,-1.1999999999999993,0.5142857142857142,49,0.5510204081632653,0.5,-1.1999999999999993,5.4,0.6279069767441863,18,1.0,14,0.6428571428571429,3.0,3.0,0.21428571428571427,-0.6,0.2857142857142857,14,0.6428571428571429,0.5,-0.6,2.5,0.8333333333333334,14,1.0

SPY,202508,-inf,"202301,202302,202303,202304,202305,202306,202307,202308,202309,202310,202311,202312,202401,202402,202403,202404,202405,202406,202407,202408,202409,202410,202411,202412,202501,202502,202503,202504","202505,202506,202507",True,20,20,261,96,0.5,1.6666666666666665,9.6,0.09999999999999999,-2.399999999999999,0.40625,63,0.5238095238095238,0.5,-2.0,6.2,0.6458333333333334,22,1.0,21,0.6666666666666666,3.333333333333333,4.9,0.23333333333333334,-0.5999999999999996,0.38095238095238093,20,0.7,0.5,-0.5999999999999996,2.5,0.5102040816326531,21,1.0

SPY,202509,-inf,"202301,202302,202303,202304,202305,202306,202307,202308,202309,202310,202311,202312,202401,202402,202403,202404,202405,202406,202407,202408,202409,202410,202411,202412,202501,202502,202503,202504,202505","202506,202507,202508",True,21,21,261,95,0.5368421052631579,1.9318181818181814,12.299999999999997,0.1294736842105263,-2.4000000000000004,0.4105263157894737,62,0.5806451612903226,0.5,-2.0,6.2,0.5040650406504066,21,1.0,22,0.5,1.666666666666667,2.2,0.1,-2.0000000000000004,0.3181818181818182,21,0.47619047619047616,-0.3,-2.0000000000000004,3.0,1.3636363636363635,22,1.0

SPY,202510,-inf,"202301,202302,202303,202304,202305,202306,202307,202308,202309,202310,202311,202312,202401,202402,202403,202404,202405,202406,202407,202408,202409,202410,202411,202412,202501,202502,202503,202504,202505,202506","202507,202508,202509",True,20,20,261,65,0.6,2.5000000000000004,11.7,0.18,-2.000000000000007,0.3230769230769231,63,0.6031746031746031,0.5,-2.000000000000007,3.0,0.25641025641025644,21,1.0,21,0.6190476190476191,2.7083333333333335,4.1,0.1952380952380952,-0.7,0.14285714285714285,20,0.6,0.5,-0.7,3.0,0.7317073170731708,21,1.0

SPY,202511,-inf,"202301,202302,202303,202304,202305,202306,202307,202308,202309,202310,202311,202312,202401,202402,202403,202404,202405,202406,202407,202408,202409,202410,202411,202412,202501,202502,202503,202504,202505,202506,202507","202508,202509,202510",True,19,19,261,64,0.59375,2.435897435897436,11.2,0.175,-1.9999999999999982,0.28125,61,0.5901639344262295,0.5,-1.9999999999999982,3.5,0.3125,21,1.0,38,0.631578947368421,2.8571428571428577,7.799999999999998,0.2052631578947368,-0.9000000000000012,0.15789473684210525,19,0.8421052631578947,0.2,-0.6000000000000001,5.0,0.6410256410256412,38,1.0

SPY,202512,-inf,"202301,202302,202303,202304,202305,202306,202307,202308,202309,202310,202311,202312,202401,202402,202403,202404,202405,202406,202407,202408,202409,202410,202411,202412,202501,202502,202503,202504,202505,202506,202507,202508","202509,202510,202511",False,22,22,261,81,0.5925925925925926,2.4242424242424243,14.099999999999998,0.17407407407407405,-2.0000000000000004,0.19753086419753085,60,0.6333333333333333,0.35,-2.0000000000000004,5.0,0.35460992907801425,21,1.0,22,0.6818181818181818,3.571428571428571,5.4,0.24545454545454548,-0.30000000000000004,0.13636363636363635,22,0.6818181818181818,0.5,-0.30000000000000004,2.5,0.4629629629629629,22,1.0

SPY,202601,-inf,"202301,202302,202303,202304,202305,202306,202307,202308,202309,202310,202311,202312,202401,202402,202403,202404,202405,202406,202407,202408,202409,202410,202411,202412,202501,202502,202503,202504,202505,202506,202507,202508,202509","202510,202511,202512",False,20,20,261,81,0.6419753086419753,2.9885057471264362,17.3,0.21358024691358027,-0.9000000000000021,0.14814814814814814,61,0.7049180327868853,0.5,-0.7,5.0,0.2890173410404624,21,1.0,22,0.4090909090909091,1.1538461538461542,0.6000000000000001,0.02727272727272728,-1.6,0.22727272727272727,20,0.45,-0.3,-1.6,2.5,4.166666666666666,22,1.0

SPY,202602,-inf,"202301,202302,202303,202304,202305,202306,202307,202308,202309,202310,202311,202312,202401,202402,202403,202404,202405,202406,202407,202408,202409,202410,202411,202412,202501,202502,202503,202504,202505,202506,202507,202508,202509,202510","202511,202512,202601",False,19,19,261,82,0.5853658536585366,2.352941176470588,13.8,0.16829268292682928,-1.600000000000005,0.17073170731707318,61,0.6557377049180327,0.5,-1.600000000000005,5.0,0.36231884057971014,22,1.0,19,0.5263157894736842,1.851851851851852,2.3000000000000003,0.12105263157894738,-0.6999999999999993,0.21052631578947367,19,0.5263157894736842,0.5,-0.6999999999999993,2.5,1.0869565217391304,19,1.0

SPY,202603,0.6,"202301,202302,202303,202304,202305,202306,202307,202308,202309,202310,202311,202312,202401,202402,202403,202404,202405,202406,202407,202408,202409,202410,202411,202412,202501,202502,202503,202504,202505,202506,202507,202508,202509,202510,202511","202512,202601,202602",True,20,20,261,56,0.5535714285714286,2.066666666666667,8.0,0.14285714285714285,-1.299999999999999,0.21428571428571427,54,0.5740740740740741,0.5,-1.299999999999999,2.5,0.3125,18,1.0,20,0.7,3.888888888888889,5.2,0.26,-0.5999999999999996,0.45,20,0.7,0.5,-0.5999999999999996,2.5,0.4807692307692307,20,1.0

SPY,202604,0.4,"202301,202302,202303,202304,202305,202306,202307,202308,202309,202310,202311,202312,202401,202402,202403,202404,202405,202406,202407,202408,202409,202410,202411,202412,202501,202502,202503,202504,202505,202506,202507,202508,202509,202510,202511,202512","202601,202602,202603",True,15,16,261,60,0.55,2.037037037037037,8.399999999999999,0.13999999999999999,-1.2999999999999998,0.3,58,0.5689655172413793,0.5,-1.2999999999999998,2.5,0.29761904761904767,19,1.0,19,0.5263157894736842,1.851851851851852,2.3000000000000007,0.12105263157894741,-1.1999999999999993,0.15789473684210525,15,0.6,0.2,-1.1999999999999993,3.0,1.304347826086956,19,1.0

SPY,202605,0.4,"202301,202302,202303,202304,202305,202306,202307,202308,202309,202310,202311,202312,202401,202402,202403,202404,202405,202406,202407,202408,202409,202410,202411,202412,202501,202502,202503,202504,202505,202506,202507,202508,202509,202510,202511,202512,202601","202602,202603,202604",True,15,15,261,58,0.5862068965517241,2.361111111111111,9.799999999999999,0.1689655172413793,-1.2000000000000028,0.27586206896551724,54,0.6111111111111112,0.5,-1.2000000000000028,3.0,0.30612244897959184,19,1.0,19,0.42105263157894735,1.2121212121212124,0.7,0.03684210526315789,-0.9000000000000001,0.15789473684210525,15,0.4,-0.3,-0.9,3.0,4.285714285714286,19,1.0

QQQ,202301,-inf,,,False,19,19,261,0,,,0.0,,0.0,,0,,,0.0,0.0,,0,,21,0.5238095238095238,1.8333333333333337,2.5,0.11904761904761904,-1.599999999999999,0.3333333333333333,19,0.47368421052631576,-0.3,-1.599999999999999,3.5,1.4,21,1.0

QQQ,202302,-inf,,,False,19,19,261,0,,,0.0,,0.0,,0,,,0.0,0.0,,0,,20,0.5,1.510101000370633,1.5303030011118977,0.07651515005559488,-1.0,0.05,19,0.5263157894736842,0.0303030011118976,-1.0,2.5,1.633663397499406,20,1.0

QQQ,202303,-inf,,,False,22,22,261,0,,,0.0,,0.0,,0,,,0.0,0.0,,0,,23,0.43478260869565216,1.2820512820512824,1.1,0.04782608695652174,-1.7000000000000002,0.391304347826087,22,0.4090909090909091,-0.3,-1.7000000000000002,3.0,2.727272727272727,23,1.0

QQQ,202304,-inf,,,False,17,17,261,0,,,0.0,,0.0,,0,,,0.0,0.0,,0,,19,0.42105263157894735,1.2121212121212124,0.7,0.03684210526315789,-0.8999999999999999,0.3684210526315789,17,0.47058823529411764,-0.3,-0.8999999999999999,2.5,3.5714285714285716,19,1.0

QQQ,202305,-inf,202301,"202302,202303,202304",False,21,21,261,62,0.45161290322580644,1.3265002942266566,3.330303001111898,0.05371456453406287,-1.6999999999999995,0.27419354838709675,58,0.46551724137931033,-0.3,-1.6999999999999995,3.0,0.9008189341925888,19,1.0,21,0.42857142857142855,1.2500000000000002,0.8999999999999999,0.04285714285714285,-1.0000000000000002,0.23809523809523808,21,0.42857142857142855,-0.3,-1.0000000000000002,2.5,2.777777777777778,21,1.0

QQQ,202306,-inf,"202301,202302","202303,202304,202305",False,16,16,261,63,0.42857142857142855,1.2499999999999998,2.700000000000001,0.04285714285714287,-1.7000000000000002,0.3333333333333333,60,0.43333333333333335,-0.3,-1.7000000000000002,3.0,1.1111111111111107,19,1.0,20,0.45,1.363636363636364,1.2,0.06,-0.9000000000000001,0.5,16,0.5625,0.2,-0.6000000000000001,2.5,2.0833333333333335,20,1.0

QQQ,202307,-inf,"202301,202302,202303","202304,202305,202306",False,19,19,261,0,,,0.0,,0.0,,0,,,0.0,0.0,,0,,21,0.6190476190476191,2.7083333333333335,4.1000000000000005,0.19523809523809527,-0.8999999999999999,0.09523809523809523,19,0.631578947368421,0.5,-0.8999999999999999,2.7,0.6585365853658536,21,1.0

QQQ,202308,-inf,"202301,202302,202303,202304","202305,202306,202307",True,23,23,261,62,0.5,1.6666666666666663,6.2,0.1,-1.0000000000000002,0.27419354838709675,56,0.5357142857142857,0.2,-1.0000000000000002,2.7,0.43548387096774194,20,1.0,46,0.3695652173913043,0.9770114942528735,-0.2,-0.004347826086956522,-3.4000000000000004,0.45652173913043476,23,0.6086956521739131,0.2,-3.0,3.4000000000000004,-17.0,46,0.0

QQQ,202309,-inf,"202301,202302,202303,202304,202305","202306,202307,202308",False,20,20,261,87,0.4482758620689655,1.3541666666666667,5.1000000000000005,0.05862068965517242,-3.3999999999999977,0.3793103448275862,58,0.603448275862069,0.2,-2.9999999999999982,4.2,0.8235294117647058,20,0.6666666666666666,22,0.4090909090909091,1.1538461538461542,0.6000000000000001,0.02727272727272728,-1.3000000000000003,0.6363636363636364,20,0.45,-0.3,-1.3000000000000003,2.5,4.166666666666666,22,1.0

QQQ,202310,-inf,"202301,202302,202303,202304,202305,202306","202307,202308,202309",False,22,22,261,89,0.43820224719101125,1.2999999999999998,4.499999999999999,0.05056179775280898,-3.3999999999999977,0.4157303370786517,62,0.5645161290322581,0.2,-2.999999999999999,4.2,0.9333333333333336,21,0.6666666666666666,22,0.4090909090909091,1.1538461538461542,0.6000000000000001,0.02727272727272728,-1.4,0.45454545454545453,22,0.4090909090909091,-0.3,-1.4,2.5,4.166666666666666,22,1.0

QQQ,202311,-inf,"202301,202302,202303,202304,202305,202306,202307","202308,202309,202310",False,20,20,261,90,0.3888888888888889,1.0606060606060603,0.9999999999999996,0.011111111111111106,-3.4000000000000004,0.5,65,0.49230769230769234,-0.3,-3.0,4.0,4.000000000000002,22,0.6666666666666666,40,0.375,1.0000000000000002,-1.1102230246251565e-16,-2.7755575615628915e-18,-2.7,0.225,20,0.65,0.2,-2.4,2.6000000000000005,-2.3418718062326584e+16,40,0.0

QQQ,202312,0.4332361,"202301,202302,202303,202304,202305,202306,202307,202308","202309,202310,202311",True,17,20,261,65,0.46153846153846156,1.4285714285714284,4.5,0.06923076923076923,-1.8000000000000003,0.4153846153846154,49,0.5714285714285714,0.2,-1.8000000000000003,3.5,0.7777777777777778,18,1.0,18,0.3333333333333333,0.8333333333333335,-0.5999999999999999,-0.033333333333333326,-2.0,0.2222222222222222,17,0.35294117647058826,-0.3,-2.0,2.5,-4.166666666666668,18,0.0

QQQ,202401,-inf,"202301,202302,202303,202304,202305,202306,202307,202308,202309","202310,202311,202312",False,21,21,261,83,0.3614457831325301,0.9433962264150941,-0.9000000000000008,-0.010843373493975914,-5.0,0.27710843373493976,62,0.45161290322580644,-0.3,-4.700000000000001,3.5,-3.8888888888888853,21,0.3333333333333333,22,0.5,1.666666666666667,2.1999999999999997,0.09999999999999999,-1.6,0.22727272727272727,21,0.5238095238095238,0.2,-1.6,2.5,1.1363636363636365,22,1.0

QQQ,202402,-inf,"202301,202302,202303,202304,202305,202306,202307,202308,202309,202310","202311,202312,202401",False,20,20,261,83,0.3855421686746988,1.045751633986928,0.6999999999999992,0.008433734939759026,-5.1,0.21686746987951808,61,0.4918032786885246,-0.3,-4.799999999999999,3.5,5.000000000000006,21,0.3333333333333333,20,0.45,1.363636363636364,1.2,0.06,-2.5,0.25,20,0.45,-0.3,-2.5,2.5,2.0833333333333335,20,1.0

QQQ,202403,-inf,"202301,202302,202303,202304,202305,202306,202307,202308,202309,202310,202311","202312,202401,202402",False,20,20,261,0,,,0.0,,0.0,,0,,,0.0,0.0,,0,,20,0.45,1.2718089945206124,0.8969696819180195,0.044848484095900976,-1.2,0.15,20,0.45,-0.3,-1.2,2.5,2.7871622089323784,20,1.0

QQQ,202404,-inf,"202301,202302,202303,202304,202305,202306,202307,202308,202309,202310,202311,202312","202401,202402,202403",True,22,22,261,62,0.46774193548387094,1.4340373416078807,4.29696968191802,0.06930596261158097,-2.4999999999999982,0.20967741935483872,61,0.47540983606557374,-0.3,-2.4999999999999982,2.5,0.5818053616994769,20,1.0,22,0.5454545454545454,2.0000000000000004,3.0000000000000004,0.13636363636363638,-1.2000000000000002,0.09090909090909091,22,0.5454545454545454,0.5,-1.2000000000000002,2.5,0.8333333333333333,22,1.0

QQQ,202405,-inf,"202301,202302,202303,202304,202305,202306,202307,202308,202309,202310,202311,202312,202401","202402,202403,202404",False,22,22,261,0,,,0.0,,0.0,,0,,,0.0,0.0,,0,,22,0.3181818181818182,0.685990338998875,-1.4130434745050633,-0.06422924884113924,-2.5130434745050634,0.09090909090909091,22,0.3181818181818182,-0.3,-2.5130434745050634,2.5,-1.7692307739333053,22,0.0

QQQ,202406,-inf,"202301,202302,202303,202304,202305,202306,202307,202308,202309,202310,202311,202312,202401,202402","202403,202404,202405",False,17,17,261,0,,,0.0,,0.0,,0,,,0.0,0.0,,0,,18,0.5,1.5017504874917516,1.3547263162277292,0.07526257312376274,-0.7000000000000002,0.5555555555555556,17,0.47058823529411764,-0.3,-0.7000000000000002,3.0,2.214469420180438,18,1.0

QQQ,202407,-inf,"202301,202302,202303,202304,202305,202306,202307,202308,202309,202310,202311,202312,202401,202402,202403","202404,202405,202406",True,22,22,261,62,0.45161290322580644,1.2884002786002613,2.9416828417226664,0.04744649744713978,-2.5130434745050616,0.22580645161290322,61,0.4426229508196721,-0.3,-2.5130434745050616,3.0,1.0198244207193943,18,0.6666666666666666,22,0.5454545454545454,2.0000000000000004,3.0,0.13636363636363635,-1.0999999999999999,0.045454545454545456,22,0.5454545454545454,0.5,-1.0999999999999999,2.5,0.8333333333333334,22,1.0

QQQ,202408,-inf,"202301,202302,202303,202304,202305,202306,202307,202308,202309,202310,202311,202312,202401,202402,202403,202404","202405,202406,202407",True,21,21,261,62,0.45161290322580644,1.2884002786002613,2.941682841722666,0.047446497447139774,-2.5130434745050634,0.20967741935483872,61,0.4426229508196721,-0.3,-2.5130434745050634,3.0,1.0198244207193945,18,0.6666666666666666,21,0.7619047619047619,5.333333333333333,6.500000000000001,0.3095238095238096,-0.5999999999999996,0.3333333333333333,21,0.7619047619047619,0.5,-0.5999999999999996,2.5,0.3846153846153846,21,1.0

QQQ,202409,-inf,"202301,202302,202303,202304,202305,202306,202307,202308,202309,202310,202311,202312,202401,202402,202403,202404,202405","202406,202407,202408",True,20,20,261,61,0.6065573770491803,2.5076008772538514,10.85472631622773,0.1779463330529136,-1.3000000000000005,0.29508196721311475,60,0.6,0.5,-1.3000000000000005,3.0,0.2763773044664446,18,1.0,22,0.36363636363636365,0.9523809523809526,-0.2,-0.009090909090909092,-1.3,0.45454545454545453,20,0.4,-0.3,-1.3,2.5,-12.5,22,0.0

QQQ,202410,0.3,"202301,202302,202303,202304,202305,202306,202307,202308,202309,202310,202311,202312,202401,202402,202403,202404,202405,202406","202407,202408,202409",True,16,20,261,59,0.5932203389830508,2.430555555555556,10.299999999999997,0.17457627118644062,-1.100000000000005,0.2711864406779661,57,0.6140350877192983,0.5,-1.1000000000000032,2.5,0.2427184466019418,19,1.0,41,0.34146341463414637,0.8641975308641976,-1.1,-0.02682926829268293,-3.2,0.0,16,0.375,-0.09999999999999998,-2.5999999999999996,3.0,-2.727272727272727,41,0.0

QQQ,202411,-inf,"202301,202302,202303,202304,202305,202306,202307,202308,202309,202310,202311,202312,202401,202402,202403,202404,202405,202406,202407","202408,202409,202410",False,20,20,261,92,0.43478260869565216,1.2820512820512817,4.4,0.04782608695652174,-3.699999999999993,0.18478260869565216,61,0.5081967213114754,0.2,-3.399999999999996,3.5,0.7954545454545454,21,0.3333333333333333,21,0.5238095238095238,1.8333333333333337,2.5000000000000004,0.11904761904761907,-1.2,0.047619047619047616,20,0.5,0.1,-1.2,3.0,1.1999999999999997,21,1.0

QQQ,202412,-inf,"202301,202302,202303,202304,202305,202306,202307,202308,202309,202310,202311,202312,202401,202402,202403,202404,202405,202406,202407,202408","202409,202410,202411",False,21,21,261,92,0.3804347826086957,1.023391812865497,0.3999999999999994,0.004347826086956516,-3.6999999999999993,0.11956521739130435,60,0.4166666666666667,-0.3,-3.4,3.8,9.500000000000014,21,0.3333333333333333,42,0.35714285714285715,0.9259259259259259,-0.5999999999999999,-0.014285714285714282,-2.8000000000000003,0.19047619047619047,21,0.5714285714285714,0.2,-2.8000000000000003,3.4000000000000004,-5.666666666666669,42,0.0

QQQ,202501,0.2,"202301,202302,202303,202304,202305,202306,202307,202308,202309,202310,202311,202312,202401,202402,202403,202404,202405,202406,202407,202408,202409","202410,202411,202412",False,20,20,261,102,0.38235294117647056,1.0317460317460314,0.5999999999999994,0.005882352941176465,-3.4999999999999996,0.0784313725490196,55,0.4727272727272727,-0.09999999999999998,-3.0999999999999996,4.7,7.833333333333341,19,0.3333333333333333,40,0.3,0.7142857142857143,-2.4000000000000004,-0.06000000000000001,-2.6,0.025,20,0.45,-0.6,-2.6,3.4000000000000004,-1.4166666666666665,40,0.0

QQQ,202502,-inf,"202301,202302,202303,202304,202305,202306,202307,202308,202309,202310,202311,202312,202401,202402,202403,202404,202405,202406,202407,202408,202409,202410","202411,202412,202501",False,19,19,261,103,0.36893203883495146,0.9743589743589743,-0.5,-0.0048543689320388345,-3.4000000000000004,0.0970873786407767,61,0.5081967213114754,0.2,-3.4,5.0,-10.0,21,0.3333333333333333,20,0.5,1.666666666666667,2.000000000000001,0.10000000000000005,-1.0000000000000002,0.35,19,0.5263157894736842,0.5,-1.0000000000000002,2.5,1.2499999999999996,20,1.0

QQQ,202503,-inf,"202301,202302,202303,202304,202305,202306,202307,202308,202309,202310,202311,202312,202401,202402,202403,202404,202405,202406,202407,202408,202409,202410,202411","202412,202501,202502",False,21,21,261,102,0.3627450980392157,0.9487179487179487,-0.9999999999999993,-0.009803921568627444,-2.999999999999999,0.1568627450980392,60,0.5166666666666667,0.2,-3.0000000000000004,5.0,-5.0000000000000036,20,0.3333333333333333,21,0.5238095238095238,1.8333333333333337,2.5,0.11904761904761904,-1.3000000000000003,0.2857142857142857,21,0.5238095238095238,0.5,-1.3000000000000003,2.5,1.0,21,1.0

QQQ,202504,-inf,"202301,202302,202303,202304,202305,202306,202307,202308,202309,202310,202311,202312,202401,202402,202403,202404,202405,202406,202407,202408,202409,202410,202411,202412","202501,202502,202503",False,18,18,261,81,0.4074074074074074,1.1458333333333333,2.1000000000000005,0.025925925925925932,-2.6,0.1728395061728395,60,0.5,-0.04999999999999999,-2.6,4.0,1.9047619047619042,20,0.6666666666666666,19,0.42105263157894735,1.2121212121212124,0.7,0.03684210526315789,-2.1,0.7368421052631579,18,0.4444444444444444,-0.3,-2.1,2.5,3.5714285714285716,19,1.0

QQQ,202505,-inf,"202301,202302,202303,202304,202305,202306,202307,202308,202309,202310,202311,202312,202401,202402,202403,202404,202405,202406,202407,202408,202409,202410,202411,202412,202501","202502,202503,202504",True,21,21,261,60,0.48333333333333334,1.559139784946236,5.2,0.08666666666666667,-2.0999999999999988,0.45,58,0.5,0.1,-2.0999999999999988,2.5,0.4807692307692307,19,1.0,21,0.42857142857142855,1.2500000000000002,0.8999999999999999,0.04285714285714285,-0.9000000000000001,0.47619047619047616,21,0.42857142857142855,-0.3,-0.9000000000000001,2.5,2.777777777777778,21,1.0

QQQ,202506,0.4,"202301,202302,202303,202304,202305,202306,202307,202308,202309,202310,202311,202312,202401,202402,202403,202404,202405,202406,202407,202408,202409,202410,202411,202412,202501,202502","202503,202504,202505",True,11,18,261,57,0.47368421052631576,1.4999999999999998,4.5,0.07894736842105263,-2.0999999999999996,0.5087719298245614,56,0.48214285714285715,-0.3,-2.1,2.5,0.5555555555555556,19,1.0,13,0.7692307692307693,5.555555555555556,4.1000000000000005,0.31538461538461543,-0.3,0.38461538461538464,11,0.9090909090909091,0.5,-0.2999999999999998,2.5,0.6097560975609755,13,1.0

QQQ,202507,0.3,"202301,202302,202303,202304,202305,202306,202307,202308,202309,202310,202311,202312,202401,202402,202403,202404,202405,202406,202407,202408,202409,202410,202411,202412,202501,202502,202503","202504,202505,202506",True,16,22,261,57,0.5263157894736842,1.8518518518518519,6.9,0.12105263157894737,-2.1,0.5614035087719298,54,0.5555555555555556,0.5,-2.1,2.5,0.36231884057971014,18,1.0,17,0.5294117647058824,1.875,2.1,0.12352941176470589,-0.6,0.4117647058823529,16,0.5625,0.35,-0.6,2.5,1.1904761904761905,17,1.0

QQQ,202508,-inf,"202301,202302,202303,202304,202305,202306,202307,202308,202309,202310,202311,202312,202401,202402,202403,202404,202405,202406,202407,202408,202409,202410,202411,202412,202501,202502,202503,202504","202505,202506,202507",True,20,20,261,64,0.546875,2.011494252873563,8.8,0.1375,-1.0999999999999988,0.40625,61,0.5737704918032787,0.5,-1.0999999999999988,2.5,0.28409090909090906,20,1.0,21,0.6666666666666666,3.333333333333333,4.9,0.23333333333333334,-0.5999999999999996,0.3333333333333333,20,0.7,0.5,-0.5999999999999996,2.5,0.5102040816326531,21,1.0

QQQ,202509,0.2,"202301,202302,202303,202304,202305,202306,202307,202308,202309,202310,202311,202312,202401,202402,202403,202404,202405,202406,202407,202408,202409,202410,202411,202412,202501,202502,202503,202504,202505","202506,202507,202508",True,16,16,261,62,0.6451612903225806,3.0303030303030307,13.399999999999999,0.21612903225806449,-0.6000000000000014,0.3709677419354839,58,0.6896551724137931,0.5,-0.6000000000000014,2.5,0.1865671641791045,20,1.0,19,0.5263157894736842,1.851851851851852,2.3000000000000003,0.12105263157894738,-1.2000000000000002,0.3684210526315789,16,0.625,0.5,-1.2000000000000002,2.5,1.0869565217391304,19,1.0

QQQ,202510,0.2,"202301,202302,202303,202304,202305,202306,202307,202308,202309,202310,202311,202312,202401,202402,202403,202404,202405,202406,202407,202408,202409,202410,202411,202412,202501,202502,202503,202504,202505,202506","202507,202508,202509",True,19,19,261,62,0.5806451612903226,2.307692307692308,10.2,0.16451612903225804,-1.200000000000002,0.3387096774193548,57,0.631578947368421,0.5,-1.200000000000001,2.5,0.2450980392156863,19,1.0,21,0.6666666666666666,3.333333333333333,4.9,0.23333333333333334,-0.5999999999999996,0.23809523809523808,19,0.7368421052631579,0.5,-0.5999999999999996,2.5,0.5102040816326531,21,1.0

QQQ,202511,-inf,"202301,202302,202303,202304,202305,202306,202307,202308,202309,202310,202311,202312,202401,202402,202403,202404,202405,202406,202407,202408,202409,202410,202411,202412,202501,202502,202503,202504,202505,202506,202507","202508,202509,202510",True,18,18,261,61,0.6229508196721312,2.753623188405798,12.099999999999998,0.1983606557377049,-1.1999999999999993,0.3114754098360656,55,0.6909090909090909,0.5,-1.1999999999999993,2.5,0.20661157024793392,19,1.0,20,0.6,2.5,3.6000000000000005,0.18000000000000002,-0.8999999999999999,0.1,18,0.6666666666666666,0.5,-0.8999999999999995,2.5,0.6944444444444443,20,1.0

QQQ,202512,0.3,"202301,202302,202303,202304,202305,202306,202307,202308,202309,202310,202311,202312,202401,202402,202403,202404,202405,202406,202407,202408,202409,202410,202411,202412,202501,202502,202503,202504,202505,202506,202507,202508","202509,202510,202511",True,22,22,261,59,0.6101694915254238,2.6086956521739135,11.099999999999998,0.18813559322033896,-1.2000000000000002,0.23728813559322035,52,0.6923076923076923,0.5,-1.2000000000000002,2.5,0.22522522522522526,19,1.0,23,0.6086956521739131,2.592592592592593,4.300000000000001,0.18695652173913047,-0.8999999999999999,0.17391304347826086,22,0.6363636363636364,0.5,-0.8999999999999995,2.5,0.5813953488372092,23,1.0

QQQ,202601,-inf,"202301,202302,202303,202304,202305,202306,202307,202308,202309,202310,202311,202312,202401,202402,202403,202404,202405,202406,202407,202408,202409,202410,202411,202412,202501,202502,202503,202504,202505,202506,202507,202508,202509","202510,202511,202512",False,19,19,261,0,,,0.0,,0.0,,0,,,0.0,0.0,,0,,21,0.42857142857142855,1.2500000000000002,0.9000000000000001,0.042857142857142864,-1.6,0.19047619047619047,19,0.47368421052631576,-0.3,-1.3,2.5,2.7777777777777772,21,1.0

QQQ,202602,-inf,"202301,202302,202303,202304,202305,202306,202307,202308,202309,202310,202311,202312,202401,202402,202403,202404,202405,202406,202407,202408,202409,202410,202411,202412,202501,202502,202503,202504,202505,202506,202507,202508,202509,202510","202511,202512,202601",False,19,19,261,0,,,0.0,,0.0,,0,,,0.0,0.0,,0,,19,0.5263157894736842,1.851851851851852,2.3000000000000003,0.12105263157894738,-0.6999999999999993,0.21052631578947367,19,0.5263157894736842,0.5,-0.6999999999999993,2.5,1.0869565217391304,19,1.0

QQQ,202603,-inf,"202301,202302,202303,202304,202305,202306,202307,202308,202309,202310,202311,202312,202401,202402,202403,202404,202405,202406,202407,202408,202409,202410,202411,202412,202501,202502,202503,202504,202505,202506,202507,202508,202509,202510,202511","202512,202601,202602",False,19,19,261,0,,,0.0,,0.0,,0,,,0.0,0.0,,0,,29,0.5172413793103449,1.785714285714286,3.3000000000000003,0.11379310344827587,-1.0000000000000002,0.6206896551724138,19,0.631578947368421,0.2,-0.9000000000000002,4.0,1.212121212121212,29,1.0

QQQ,202604,0.5,"202301,202302,202303,202304,202305,202306,202307,202308,202309,202310,202311,202312,202401,202402,202403,202404,202405,202406,202407,202408,202409,202410,202411,202412,202501,202502,202503,202504,202505,202506,202507,202508,202509,202510,202511,202512","202601,202602,202603",True,17,17,261,66,0.5151515151515151,1.7708333333333335,7.3999999999999995,0.11212121212121211,-1.6,0.36363636363636365,54,0.5740740740740741,0.2,-1.3,4.0,0.5405405405405406,19,1.0,20,0.65,3.095238095238095,4.4,0.22000000000000003,-0.6000000000000001,0.3,17,0.7058823529411765,0.5,-0.6000000000000001,2.7,0.6136363636363636,20,1.0

QQQ,202605,0.5,"202301,202302,202303,202304,202305,202306,202307,202308,202309,202310,202311,202312,202401,202402,202403,202404,202405,202406,202407,202408,202409,202410,202411,202412,202501,202502,202503,202504,202505,202506,202507,202508,202509,202510,202511,202512,202601","202602,202603,202604",True,16,18,261,59,0.6101694915254238,2.6086956521739135,11.100000000000001,0.18813559322033901,-0.6000000000000005,0.4067796610169492,48,0.6666666666666666,0.5,-0.6000000000000005,4.2,0.37837837837837834,18,1.0,16,0.625,2.7777777777777777,3.2,0.2,-0.6000000000000001,0.1875,16,0.625,0.5,-0.6000000000000001,2.5,0.78125,16,1.0


```
