# Event Option Curve Health

This report audits daily net-PnL curve quality. It does not train or select trades.

## Gates

```json
{
  "months": [
    "202301",
    "202302",
    "202303",
    "202304",
    "202305",
    "202306",
    "202307",
    "202308",
    "202309",
    "202310",
    "202311",
    "202312",
    "202401",
    "202402",
    "202403",
    "202404",
    "202405",
    "202406",
    "202407",
    "202408",
    "202409",
    "202410",
    "202411",
    "202412",
    "202501",
    "202502",
    "202503",
    "202504",
    "202505",
    "202506",
    "202507",
    "202508",
    "202509",
    "202510",
    "202511",
    "202512",
    "202601",
    "202602",
    "202603",
    "202604",
    "202605"
  ],
  "risk_capital": 5000.0,
  "max_top1_share": 0.45,
  "max_top5_share": 0.8,
  "max_drawdown_to_pnl": 0.45,
  "max_month_pnl_share": 0.65,
  "max_negative_streak": 4,
  "min_first_two_month_share": 0.1,
  "min_first_three_month_share": 0.2
}
```

## Summary

| Ticker | Healthy | PnL $ | Daily PF | Active-Day WR | Max DD $ | DD/PnL | Top1 Share | Top5 Share | Neg Months | Max Neg Streak | R2 |
| --- | ---: | ---: | ---: | ---: | ---: | ---: | ---: | ---: | ---: | ---: | ---: |
| QQQ | False | 368,845 | 1.589 | 53.3% | -22,000 | 6.0% | 1.4% | 6.8% | 8 | 8 | 0.929 |
| SPXW | False | 482,187 | 1.806 | 54.2% | -25,152 | 5.2% | 1.6% | 7.8% | 8 | 7 | 0.923 |
| SPY | False | 355,651 | 1.531 | 50.8% | -30,864 | 8.7% | 2.1% | 9.1% | 11 | 7 | 0.886 |

## Flags

- QQQ: negative_months, negative_day_streak>4, first_2_month_share<0.1, first_3_month_share<0.2
- SPXW: negative_months, negative_day_streak>4, first_2_month_share<0.1, first_3_month_share<0.2
- SPY: negative_months, negative_day_streak>4, first_2_month_share<0.1, first_3_month_share<0.2

## Monthly Concentration

| Ticker | Largest Month | Largest Month PnL | Share Of Final PnL |
| --- | --- | ---: | ---: |
| QQQ | 202408 | $32,500 | 8.8% |
| SPXW | 202408 | $46,500 | 9.6% |
| SPY | 202511 | $39,000 | 11.0% |

## Prefix Health

| Ticker | First 2 Months | First 3 Months | First 4 Months |
| --- | ---: | ---: | ---: |
| QQQ | $20,152 / 5.5% | $25,652 / 7.0% | $29,152 / 7.9% |
| SPXW | $13,754 / 2.9% | $27,351 / 5.7% | $41,351 / 8.6% |
| SPY | $-5,364 / -1.5% | $-10,864 / -3.1% | $-4,864 / -1.4% |

## Monthly

| Ticker | Month | Trades | WR | PF | PnL Return |
| --- | --- | ---: | ---: | ---: | ---: |
| QQQ | 202301 | 21 | 52.4% | 1.833 | 2.500 |
| QQQ | 202302 | 20 | 50.0% | 1.510 | 1.530 |
| QQQ | 202303 | 23 | 43.5% | 1.282 | 1.100 |
| QQQ | 202304 | 19 | 42.1% | 1.212 | 0.700 |
| QQQ | 202305 | 21 | 42.9% | 1.250 | 0.900 |
| QQQ | 202306 | 20 | 45.0% | 1.364 | 1.200 |
| QQQ | 202307 | 21 | 61.9% | 2.708 | 4.100 |
| QQQ | 202308 | 46 | 37.0% | 0.977 | -0.200 |
| QQQ | 202309 | 22 | 40.9% | 1.154 | 0.600 |
| QQQ | 202310 | 22 | 40.9% | 1.154 | 0.600 |
| QQQ | 202311 | 40 | 37.5% | 1.000 | -0.000 |
| QQQ | 202312 | 18 | 33.3% | 0.833 | -0.600 |
| QQQ | 202401 | 22 | 50.0% | 1.667 | 2.200 |
| QQQ | 202402 | 20 | 45.0% | 1.364 | 1.200 |
| QQQ | 202403 | 20 | 45.0% | 1.272 | 0.897 |
| QQQ | 202404 | 22 | 54.5% | 2.000 | 3.000 |
| QQQ | 202405 | 22 | 31.8% | 0.686 | -1.413 |
| QQQ | 202406 | 18 | 50.0% | 1.502 | 1.355 |
| QQQ | 202407 | 22 | 54.5% | 2.000 | 3.000 |
| QQQ | 202408 | 21 | 76.2% | 5.333 | 6.500 |
| QQQ | 202409 | 22 | 36.4% | 0.952 | -0.200 |
| QQQ | 202410 | 41 | 34.1% | 0.864 | -1.100 |
| QQQ | 202411 | 21 | 52.4% | 1.833 | 2.500 |
| QQQ | 202412 | 42 | 35.7% | 0.926 | -0.600 |
| QQQ | 202501 | 40 | 30.0% | 0.714 | -2.400 |
| QQQ | 202502 | 20 | 50.0% | 1.667 | 2.000 |
| QQQ | 202503 | 21 | 52.4% | 1.833 | 2.500 |
| QQQ | 202504 | 19 | 42.1% | 1.212 | 0.700 |
| QQQ | 202505 | 21 | 42.9% | 1.250 | 0.900 |
| QQQ | 202506 | 13 | 76.9% | 5.556 | 4.100 |
| QQQ | 202507 | 17 | 52.9% | 1.875 | 2.100 |
| QQQ | 202508 | 21 | 66.7% | 3.333 | 4.900 |
| QQQ | 202509 | 19 | 52.6% | 1.852 | 2.300 |
| QQQ | 202510 | 21 | 66.7% | 3.333 | 4.900 |
| QQQ | 202511 | 20 | 60.0% | 2.500 | 3.600 |
| QQQ | 202512 | 23 | 60.9% | 2.593 | 4.300 |
| QQQ | 202601 | 21 | 42.9% | 1.250 | 0.900 |
| QQQ | 202602 | 19 | 52.6% | 1.852 | 2.300 |
| QQQ | 202603 | 29 | 51.7% | 1.786 | 3.300 |
| QQQ | 202604 | 20 | 65.0% | 3.095 | 4.400 |
| QQQ | 202605 | 16 | 62.5% | 2.778 | 3.200 |
| SPXW | 202301 | 53 | 39.6% | 1.094 | 0.900 |
| SPXW | 202302 | 20 | 50.0% | 1.617 | 1.851 |
| SPXW | 202303 | 22 | 54.5% | 1.906 | 2.719 |
| SPXW | 202304 | 20 | 55.0% | 2.037 | 2.800 |
| SPXW | 202305 | 30 | 33.3% | 0.833 | -1.000 |
| SPXW | 202306 | 26 | 34.6% | 0.882 | -0.600 |
| SPXW | 202307 | 33 | 39.4% | 1.083 | 0.500 |
| SPXW | 202308 | 23 | 56.5% | 2.167 | 3.500 |
| SPXW | 202309 | 15 | 33.3% | 0.833 | -0.500 |
| SPXW | 202310 | 18 | 50.0% | 1.667 | 1.800 |
| SPXW | 202311 | 21 | 52.4% | 1.833 | 2.500 |
| SPXW | 202312 | 20 | 30.0% | 0.768 | -0.905 |
| SPXW | 202401 | 22 | 45.5% | 1.389 | 1.400 |
| SPXW | 202402 | 20 | 30.0% | 0.714 | -1.200 |
| SPXW | 202403 | 31 | 32.3% | 0.812 | -1.147 |
| SPXW | 202404 | 52 | 34.6% | 0.882 | -1.200 |
| SPXW | 202405 | 23 | 47.8% | 1.393 | 1.416 |
| SPXW | 202406 | 18 | 38.9% | 1.242 | 0.683 |
| SPXW | 202407 | 22 | 72.7% | 4.444 | 6.200 |
| SPXW | 202408 | 65 | 55.4% | 2.069 | 9.300 |
| SPXW | 202409 | 22 | 68.2% | 3.571 | 5.400 |
| SPXW | 202410 | 39 | 30.8% | 0.741 | -2.100 |
| SPXW | 202411 | 18 | 66.7% | 3.289 | 4.120 |
| SPXW | 202412 | 22 | 54.5% | 2.000 | 3.000 |
| SPXW | 202501 | 21 | 38.1% | 1.026 | 0.100 |
| SPXW | 202502 | 19 | 57.9% | 2.292 | 3.100 |
| SPXW | 202503 | 22 | 54.5% | 2.000 | 3.000 |
| SPXW | 202504 | 18 | 50.0% | 1.667 | 1.800 |
| SPXW | 202505 | 22 | 54.5% | 2.000 | 3.000 |
| SPXW | 202506 | 18 | 66.7% | 3.333 | 4.200 |
| SPXW | 202507 | 42 | 61.9% | 2.708 | 8.200 |
| SPXW | 202508 | 21 | 61.9% | 2.708 | 4.100 |
| SPXW | 202509 | 22 | 50.0% | 1.667 | 2.200 |
| SPXW | 202510 | 22 | 77.3% | 5.667 | 7.000 |
| SPXW | 202511 | 16 | 50.0% | 1.667 | 1.600 |
| SPXW | 202512 | 22 | 63.6% | 2.917 | 4.600 |
| SPXW | 202601 | 21 | 42.9% | 1.250 | 0.900 |
| SPXW | 202602 | 19 | 52.6% | 1.852 | 2.300 |
| SPXW | 202603 | 17 | 70.6% | 4.000 | 4.500 |
| SPXW | 202604 | 20 | 65.0% | 3.095 | 4.400 |
| SPXW | 202605 | 20 | 50.0% | 1.667 | 2.000 |
| SPY | 202301 | 39 | 30.8% | 0.741 | -2.100 |
| SPY | 202302 | 20 | 45.0% | 1.311 | 1.027 |
| SPY | 202303 | 41 | 34.1% | 0.864 | -1.100 |
| SPY | 202304 | 20 | 45.0% | 1.364 | 1.200 |
| SPY | 202305 | 41 | 34.1% | 0.864 | -1.100 |
| SPY | 202306 | 21 | 23.8% | 0.521 | -2.300 |
| SPY | 202307 | 20 | 50.0% | 1.517 | 1.550 |
| SPY | 202308 | 18 | 72.2% | 4.333 | 5.000 |
| SPY | 202309 | 30 | 36.7% | 0.965 | -0.200 |
| SPY | 202310 | 18 | 38.9% | 1.061 | 0.200 |
| SPY | 202311 | 21 | 57.1% | 2.222 | 3.300 |
| SPY | 202312 | 20 | 30.0% | 0.764 | -0.926 |
| SPY | 202401 | 21 | 42.9% | 1.250 | 0.900 |
| SPY | 202402 | 20 | 20.0% | 0.417 | -2.800 |
| SPY | 202403 | 20 | 30.0% | 0.756 | -0.969 |
| SPY | 202404 | 40 | 47.5% | 1.508 | 3.200 |
| SPY | 202405 | 20 | 35.0% | 0.775 | -0.877 |
| SPY | 202406 | 18 | 38.9% | 1.137 | 0.421 |
| SPY | 202407 | 22 | 54.5% | 2.000 | 3.000 |
| SPY | 202408 | 22 | 77.3% | 5.667 | 7.000 |
| SPY | 202409 | 21 | 61.9% | 2.563 | 3.751 |
| SPY | 202410 | 18 | 33.3% | 0.833 | -0.600 |
| SPY | 202411 | 21 | 52.4% | 1.833 | 2.500 |
| SPY | 202412 | 22 | 54.5% | 2.000 | 3.000 |
| SPY | 202501 | 21 | 38.1% | 0.988 | -0.046 |
| SPY | 202502 | 20 | 45.0% | 1.364 | 1.200 |
| SPY | 202503 | 22 | 45.5% | 1.389 | 1.400 |
| SPY | 202504 | 22 | 54.5% | 2.000 | 3.000 |
| SPY | 202505 | 20 | 45.0% | 1.364 | 1.200 |
| SPY | 202506 | 52 | 44.2% | 1.322 | 2.800 |
| SPY | 202507 | 14 | 64.3% | 3.000 | 3.000 |
| SPY | 202508 | 21 | 66.7% | 3.333 | 4.900 |
| SPY | 202509 | 22 | 50.0% | 1.667 | 2.200 |
| SPY | 202510 | 21 | 61.9% | 2.708 | 4.100 |
| SPY | 202511 | 38 | 63.2% | 2.857 | 7.800 |
| SPY | 202512 | 22 | 68.2% | 3.571 | 5.400 |
| SPY | 202601 | 22 | 40.9% | 1.154 | 0.600 |
| SPY | 202602 | 19 | 52.6% | 1.852 | 2.300 |
| SPY | 202603 | 20 | 70.0% | 3.889 | 5.200 |
| SPY | 202604 | 19 | 52.6% | 1.852 | 2.300 |
| SPY | 202605 | 19 | 42.1% | 1.212 | 0.700 |

## Artifacts

- `curve_health/ticker_cumulative_net_pnl.png`
- `curve_health/ticker_daily_pnl.png`
- `curve_health/ticker_daily_curve.csv`
- `curve_health/curve_health.json`
