# Event Stream Selector

This result selects one precomputed causal OOS stream per evaluated month using only prior OOS months.

## Overall

```json
{
  "trades": 663,
  "win_rate": 0.45852187028657615,
  "profit_factor": 1.4123477186323004,
  "pnl_return": 44.37777779880234,
  "avg_return": 0.06693480814298995,
  "max_drawdown": -4.599999999999895,
  "call_rate": 0.31825037707390647,
  "days_with_trades": 319,
  "daily_win_rate": 0.64576802507837,
  "median_daily_return": 0.2,
  "daily_max_drawdown": -4.29999999999999,
  "top5_day_return": 7.0,
  "top5_share_of_pnl": 0.15773660483263122,
  "min_month_trades": 20,
  "positive_month_rate": 0.875
}
```

## By Ticker

```json
{
  "QQQ": {
    "trades": 663,
    "win_rate": 0.45852187028657615,
    "profit_factor": 1.4123477186323004,
    "pnl_return": 44.37777779880234,
    "avg_return": 0.06693480814298995,
    "max_drawdown": -4.599999999999895,
    "call_rate": 0.31825037707390647,
    "days_with_trades": 319,
    "daily_win_rate": 0.64576802507837,
    "median_daily_return": 0.2,
    "daily_max_drawdown": -4.29999999999999,
    "top5_day_return": 7.0,
    "top5_share_of_pnl": 0.15773660483263122,
    "min_month_trades": 20,
    "positive_month_rate": 0.875
  }
}
```

- Risk capital: $5,000
- Net PnL: $221,889

## Folds

```csv
ticker,test_month,mode,selected_source,source_path,train_months,select_months,select_score,select_trades,select_win_rate,select_profit_factor,select_pnl_return,select_avg_return,select_max_drawdown,select_call_rate,select_days_with_trades,select_daily_win_rate,select_median_daily_return,select_daily_max_drawdown,select_top5_day_return,select_top5_share_of_pnl,select_min_month_trades,select_positive_month_rate,test_trades,test_win_rate,test_profit_factor,test_pnl_return,test_avg_return,test_max_drawdown,test_call_rate,test_days_with_trades,test_daily_win_rate,test_median_daily_return,test_daily_max_drawdown,test_top5_day_return,test_top5_share_of_pnl,test_min_month_trades,test_positive_month_rate

QQQ,202501,SELECTED,event_option_gate_dense15_zero_dte_win_valthr_d25_monthly_backfill18_d_monthly_volume_backfill,research_papers\JEPA\results\event_option_gate_dense15_zero_dte_win_valthr_d25_monthly_backfill18_d50max3_2023_2026_qqq_v1\monthly_volume_backfill_trades.csv,"202301,202302,202303,202304,202305,202306,202307,202308,202309,202310,202311,202312","202401,202402,202403,202404,202405,202406,202407,202408,202409,202410,202411,202412",-999962.2230749292,459,0.4596949891067538,1.4070586164150323,30.285161061278366,0.06598074305289404,-5.46956525494936,0.15904139433551198,240,0.5916666666666667,0.2,-5.269565254949366,7.5,0.24764603314556113,18,0.8333333333333334,40,0.3,0.7142857142857143,-2.4,-0.06,-2.7,0.0,20,0.5,-0.19999999999999998,-2.6,2.6000000000000005,-1.0833333333333337,40,0.0

QQQ,202502,SELECTED,event_option_gate_dense15_zero_dte_return_forcedmax3_d25_physctx_2023__event_option_gate,research_papers\JEPA\results\event_option_gate_dense15_zero_dte_return_forcedmax3_d25_physctx_2023_2026_qqq_v1\event_option_gate_trades.csv,"202301,202302,202303,202304,202305,202306,202307,202308,202309,202310,202311,202312,202401","202402,202403,202404,202405,202406,202407,202408,202409,202410,202411,202412,202501",-1999950.5825929614,753,0.40106241699867196,1.116955935249271,15.76789001336034,0.020940092979230197,-7.006793480325828,0.3705179282868526,251,0.3745019920318725,-0.09999999999999998,-6.80679348032583,7.5,0.47565019756258775,57,0.6666666666666666,57,0.38596491228070173,1.0476190476190474,0.5000000000000002,0.008771929824561408,-2.4000000000000004,0.8070175438596491,19,0.42105263157894735,-0.09999999999999998,-2.0,3.5,6.999999999999997,57,1.0

QQQ,202503,SELECTED,event_option_gate_dense15_zero_dte_win_valthr_d25_monthly_backfill18_d_monthly_volume_backfill,research_papers\JEPA\results\event_option_gate_dense15_zero_dte_win_valthr_d25_monthly_backfill18_d50max3_2023_2026_qqq_v1\monthly_volume_backfill_trades.csv,"202301,202302,202303,202304,202305,202306,202307,202308,202309,202310,202311,202312,202401,202402","202403,202404,202405,202406,202407,202408,202409,202410,202411,202412,202501,202502",-999963.0927171095,455,0.45274725274725275,1.3679405764562032,27.485161061278365,0.06040694738742498,-3.8695652549493667,0.17142857142857143,238,0.5840336134453782,0.2,-3.469565254949366,7.5,0.27287451520763134,18,0.75,42,0.5238095238095238,1.8333333333333337,5.0,0.11904761904761904,-1.8,0.21428571428571427,21,0.6666666666666666,0.2,-1.5,5.0,1.0,42,1.0

QQQ,202504,SELECTED,event_option_gate_dense15_zero_dte_win_valthr_d25_monthly_backfill18_d_monthly_volume_backfill,research_papers\JEPA\results\event_option_gate_dense15_zero_dte_win_valthr_d25_monthly_backfill18_d50max3_2023_2026_qqq_v1\monthly_volume_backfill_trades.csv,"202301,202302,202303,202304,202305,202306,202307,202308,202309,202310,202311,202312,202401,202402,202403","202404,202405,202406,202407,202408,202409,202410,202411,202412,202501,202502,202503",-999961.6192188889,458,0.4672489082969432,1.4556656600577564,33.35472631622773,0.07282691335420903,-3.100000000000037,0.185589519650655,239,0.5899581589958159,0.2,-3.000000000000039,7.5,0.22485568998211514,18,0.8333333333333334,42,0.42857142857142855,1.2500000000000002,1.7999999999999996,0.04285714285714285,-2.9000000000000004,0.6190476190476191,21,0.6666666666666666,0.2,-2.8,4.2,2.333333333333334,42,1.0

QQQ,202505,SELECTED,event_option_gate_dense15_zero_dte_win_valthr_d25_monthly_backfill18_d_monthly_volume_backfill,research_papers\JEPA\results\event_option_gate_dense15_zero_dte_win_valthr_d25_monthly_backfill18_d50max3_2023_2026_qqq_v1\monthly_volume_backfill_trades.csv,"202301,202302,202303,202304,202305,202306,202307,202308,202309,202310,202311,202312,202401,202402,202403,202404","202405,202406,202407,202408,202409,202410,202411,202412,202501,202502,202503,202504",38.33817291483362,461,0.46637744034707157,1.4506060476453628,33.25472631622773,0.07213606576188228,-3.100000000000037,0.24078091106290672,239,0.5983263598326359,0.2,-3.000000000000039,7.5,0.22553185158345837,18,0.8333333333333334,42,0.38095238095238093,1.0256410256410258,0.20000000000000023,0.0047619047619047675,-2.3,0.2857142857142857,21,0.6666666666666666,0.2,-2.2,2.6000000000000005,12.999999999999988,42,1.0

QQQ,202506,SELECTED,event_option_gate_dense15_zero_dte_win_valthr_d25_monthly_backfill18_d_monthly_volume_backfill,research_papers\JEPA\results\event_option_gate_dense15_zero_dte_win_valthr_d25_monthly_backfill18_d50max3_2023_2026_qqq_v1\monthly_volume_backfill_trades.csv,"202301,202302,202303,202304,202305,202306,202307,202308,202309,202310,202311,202312,202401,202402,202403,202404,202405","202406,202407,202408,202409,202410,202411,202412,202501,202502,202503,202504,202505",38.84082154144966,468,0.46794871794871795,1.4599026280619511,34.35472631622773,0.07340753486373447,-3.100000000000037,0.2606837606837607,241,0.6141078838174274,0.2,-3.000000000000039,7.5,0.21831057336810494,18,0.9166666666666666,24,0.5416666666666666,1.9696969696969702,3.2,0.13333333333333333,-1.1999999999999993,0.3333333333333333,16,0.75,0.2,-0.9999999999999996,3.0,0.9375,24,1.0

QQQ,202507,SELECTED,event_option_gate_dense15_zero_dte_win_valthr_d25_monthly_backfill18_d_monthly_volume_backfill,research_papers\JEPA\results\event_option_gate_dense15_zero_dte_win_valthr_d25_monthly_backfill18_d50max3_2023_2026_qqq_v1\monthly_volume_backfill_trades.csv,"202301,202302,202303,202304,202305,202306,202307,202308,202309,202310,202311,202312,202401,202402,202403,202404,202405,202406","202407,202408,202409,202410,202411,202412,202501,202502,202503,202504,202505,202506",39.138180442785824,474,0.4704641350210971,1.4807436918990706,36.199999999999996,0.07637130801687762,-3.100000000000037,0.25316455696202533,240,0.6333333333333333,0.2,-3.000000000000039,7.5,0.20718232044198898,18,0.9166666666666666,44,0.45454545454545453,1.4040561663912179,2.8777777988023443,0.06540404088187146,-1.3000000000000003,0.20454545454545456,22,0.6818181818181818,0.2,-0.9999999999999999,5.0,1.7374517247582038,44,1.0

QQQ,202508,SELECTED,event_option_gate_dense15_zero_dte_win_valthr_d25_monthly_backfill18_d_monthly_volume_backfill,research_papers\JEPA\results\event_option_gate_dense15_zero_dte_win_valthr_d25_monthly_backfill18_d50max3_2023_2026_qqq_v1\monthly_volume_backfill_trades.csv,"202301,202302,202303,202304,202305,202306,202307,202308,202309,202310,202311,202312,202401,202402,202403,202404,202405,202406,202407","202408,202409,202410,202411,202412,202501,202502,202503,202504,202505,202506,202507",38.65297464011525,460,0.4652173913043478,1.4513941224937978,33.27777779880234,0.0723429952147877,-3.100000000000037,0.28043478260869564,241,0.6473029045643154,0.2,-3.000000000000039,6.5,0.19532554244754688,18,0.9166666666666666,42,0.5714285714285714,2.2222222222222223,6.6,0.15714285714285714,-1.1999999999999993,0.16666666666666666,21,0.8095238095238095,0.2,-0.6000000000000001,5.0,0.7575757575757576,42,1.0

QQQ,202509,SELECTED,event_option_gate_dense15_zero_dte_win_valthr_d25_monthly_backfill18_d_monthly_volume_backfill,research_papers\JEPA\results\event_option_gate_dense15_zero_dte_win_valthr_d25_monthly_backfill18_d50max3_2023_2026_qqq_v1\monthly_volume_backfill_trades.csv,"202301,202302,202303,202304,202305,202306,202307,202308,202309,202310,202311,202312,202401,202402,202403,202404,202405,202406,202407,202408","202409,202410,202411,202412,202501,202502,202503,202504,202505,202506,202507,202508",38.60571807378895,475,0.4631578947368421,1.4393719108350678,33.577777798802344,0.07069005852379441,-3.100000000000037,0.27789473684210525,242,0.6528925619834711,0.2,-3.000000000000007,6.5,0.1935804102030791,18,0.9166666666666666,39,0.38461538461538464,1.0416666666666667,0.2999999999999999,0.007692307692307689,-4.0,0.28205128205128205,20,0.6,0.2,-3.7,3.7,12.33333333333334,39,1.0

QQQ,202510,SELECTED,event_option_gate_dense15_zero_dte_win_valthr_d25_monthly_backfill18_d_monthly_volume_backfill,research_papers\JEPA\results\event_option_gate_dense15_zero_dte_win_valthr_d25_monthly_backfill18_d50max3_2023_2026_qqq_v1\monthly_volume_backfill_trades.csv,"202301,202302,202303,202304,202305,202306,202307,202308,202309,202310,202311,202312,202401,202402,202403,202404,202405,202406,202407,202408,202409","202410,202411,202412,202501,202502,202503,202504,202505,202506,202507,202508,202509",37.92807345941213,454,0.45594713656387664,1.3982287605292327,29.477777798802343,0.06492902598855142,-4.000000000000011,0.24008810572687225,242,0.6652892561983471,0.2,-3.70000000000001,5.0,0.16961929878591953,18,0.9166666666666666,46,0.5434782608695652,1.9841269841269844,6.2,0.13478260869565217,-1.299999999999999,0.34782608695652173,23,0.8260869565217391,0.2,-1.1999999999999993,5.0,0.8064516129032258,46,1.0

QQQ,202511,SELECTED,event_option_gate_dense15_zero_dte_win_d25_strict_backfill_d50max3_cau_combined,research_papers\JEPA\results\event_option_gate_dense15_zero_dte_win_d25_strict_backfill_d50max3_causal_2023_2026_v1\combined_trades.csv,"202301,202302,202303,202304,202305,202306,202307,202308,202309,202310,202311,202312,202401,202402,202403,202404,202405,202406,202407,202408,202409,202410","202411,202412,202501,202502,202503,202504,202505,202506,202507,202508,202509,202510",39.345285285285286,288,0.4861111111111111,1.5765765765765767,25.6,0.08888888888888889,-3.4000000000000004,0.2847222222222222,235,0.5659574468085107,0.2,-3.4,5.0,0.1953125,19,0.8333333333333334,20,0.6,2.5,3.6000000000000005,0.18000000000000002,-0.8999999999999999,0.1,18,0.6666666666666666,0.5,-0.8999999999999995,2.5,0.6944444444444443,20,1.0

QQQ,202512,SELECTED,event_option_gate_dense15_zero_dte_win_valthr_d25_monthly_backfill18_d_monthly_volume_backfill,research_papers\JEPA\results\event_option_gate_dense15_zero_dte_win_valthr_d25_monthly_backfill18_d50max3_2023_2026_qqq_v1\monthly_volume_backfill_trades.csv,"202301,202302,202303,202304,202305,202306,202307,202308,202309,202310,202311,202312,202401,202402,202403,202404,202405,202406,202407,202408,202409,202410,202411","202412,202501,202502,202503,202504,202505,202506,202507,202508,202509,202510,202511",44.91559271980503,468,0.46794871794871795,1.467391304761259,34.87777779880234,0.07452516623675715,-4.000000000000011,0.25,241,0.6846473029045643,0.2,-3.70000000000001,5.0,0.143357757161114,24,0.9166666666666666,66,0.5151515151515151,1.7708333333333335,7.4,0.11212121212121212,-2.3000000000000007,0.19696969696969696,22,0.5,0.3,-2.0,5.9,0.7972972972972973,66,1.0

QQQ,202601,SELECTED,event_option_gate_dense15_zero_dte_win_valthr_d25_monthly_backfill18_d_monthly_volume_backfill,research_papers\JEPA\results\event_option_gate_dense15_zero_dte_win_valthr_d25_monthly_backfill18_d50max3_2023_2026_qqq_v1\monthly_volume_backfill_trades.csv,"202301,202302,202303,202304,202305,202306,202307,202308,202309,202310,202311,202312,202401,202402,202403,202404,202405,202406,202407,202408,202409,202410,202411,202412","202501,202502,202503,202504,202505,202506,202507,202508,202509,202510,202511,202512",45.89077009447247,496,0.4778225806451613,1.5266246783407813,40.87777779880234,0.08241487459435956,-4.000000000000011,0.25806451612903225,243,0.6748971193415638,0.2,-3.70000000000001,6.5,0.15901060062493025,24,0.9166666666666666,40,0.35,0.8974358974358976,-0.7999999999999997,-0.019999999999999993,-3.6999999999999997,0.2,20,0.5,0.05000000000000002,-3.7,3.4000000000000004,-4.250000000000002,40,0.0

QQQ,202602,SELECTED,event_option_gate_dense15_zero_dte_win_valthr_d25_physctx_2023_2026_qq_event_option_gate,research_papers\JEPA\results\event_option_gate_dense15_zero_dte_win_valthr_d25_physctx_2023_2026_qqq_v1\event_option_gate_trades.csv,"202301,202302,202303,202304,202305,202306,202307,202308,202309,202310,202311,202312,202401,202402,202403,202404,202405,202406,202407,202408,202409,202410,202411,202412,202501","202502,202503,202504,202505,202506,202507,202508,202509,202510,202511,202512,202601",46.22833341880775,491,0.48268839103869654,1.5567070504956386,42.37777779880234,0.08630911975316159,-4.299999999999898,0.2729124236252546,241,0.6804979253112033,0.2,-3.999999999999986,6.5,0.15338227574980817,24,0.9166666666666666,38,0.39473684210526316,1.0869565217391306,0.5999999999999999,0.015789473684210523,-2.1,0.07894736842105263,19,0.631578947368421,0.2,-1.8000000000000003,3.4000000000000004,5.666666666666669,38,1.0

QQQ,202603,SELECTED,event_option_gate_dense15_zero_dte_win_valthr_d25_physctx_2023_2026_qq_event_option_gate,research_papers\JEPA\results\event_option_gate_dense15_zero_dte_win_valthr_d25_physctx_2023_2026_qqq_v1\event_option_gate_trades.csv,"202301,202302,202303,202304,202305,202306,202307,202308,202309,202310,202311,202312,202401,202402,202403,202404,202405,202406,202407,202408,202409,202410,202411,202412,202501,202502","202503,202504,202505,202506,202507,202508,202509,202510,202511,202512,202601,202602",45.91124261495955,491,0.4786150712830957,1.531498914250242,40.77777779880235,0.08305046394868096,-4.299999999999898,0.24643584521384929,241,0.6763485477178424,0.2,-3.999999999999986,6.5,0.1594005448769429,24,0.9166666666666666,46,0.4782608695652174,1.527777777777778,3.8,0.08260869565217391,-1.6000000000000003,0.6956521739130435,19,0.5789473684210527,0.2,-1.5999999999999996,4.300000000000001,1.1315789473684212,46,1.0

QQQ,202604,SELECTED,event_option_gate_dense15_zero_dte_win_valthr_d25_monthly_backfill18_d_monthly_volume_backfill,research_papers\JEPA\results\event_option_gate_dense15_zero_dte_win_valthr_d25_monthly_backfill18_d50max3_2023_2026_qqq_v1\monthly_volume_backfill_trades.csv,"202301,202302,202303,202304,202305,202306,202307,202308,202309,202310,202311,202312,202401,202402,202403,202404,202405,202406,202407,202408,202409,202410,202411,202412,202501,202502,202503","202504,202505,202506,202507,202508,202509,202510,202511,202512,202601,202602,202603",45.78092810419554,500,0.476,1.5154945525495453,40.47777779880235,0.0809555555976047,-4.599999999999895,0.292,241,0.6680497925311203,0.2,-4.29999999999999,7.0,0.17293439463979454,24,0.9166666666666666,35,0.5714285714285714,2.2222222222222228,5.5,0.15714285714285714,-0.8999999999999999,0.2571428571428571,17,0.8823529411764706,0.2,-0.6000000000000001,4.7,0.8545454545454546,35,1.0


```

## Config

```json
{
  "source": [
    "event_option_gate_dense15_zero_dte_return_forcedmax3_d25_physctx_2023__event_option_gate=research_papers\\JEPA\\results\\event_option_gate_dense15_zero_dte_return_forcedmax3_d25_physctx_2023_2026_qqq_v1\\event_option_gate_trades.csv",
    "event_option_gate_dense15_zero_dte_return_forcedmax3_d35_physctx_2023__event_option_gate=research_papers\\JEPA\\results\\event_option_gate_dense15_zero_dte_return_forcedmax3_d35_physctx_2023_2026_qqq_v1\\event_option_gate_trades.csv",
    "event_option_gate_dense15_zero_dte_return_forcedmax3_d50_physctx_2023__event_option_gate=research_papers\\JEPA\\results\\event_option_gate_dense15_zero_dte_return_forcedmax3_d50_physctx_2023_2026_qqq_v1\\event_option_gate_trades.csv",
    "event_option_gate_dense15_zero_dte_return_forcedmax3_d50_physctx_2023__event_option_gate=research_papers\\JEPA\\results\\event_option_gate_dense15_zero_dte_return_forcedmax3_d50_physctx_2023_2026_spxw_v1\\event_option_gate_trades.csv",
    "event_option_gate_dense15_zero_dte_return_forcedmax3_d50_physctx_2023__event_option_gate=research_papers\\JEPA\\results\\event_option_gate_dense15_zero_dte_return_forcedmax3_d50_physctx_2023_2026_spy_v1\\event_option_gate_trades.csv",
    "event_option_gate_dense15_zero_dte_return_valthr_d25_monthly_backfill1_monthly_volume_backfill=research_papers\\JEPA\\results\\event_option_gate_dense15_zero_dte_return_valthr_d25_monthly_backfill18_max3_2023_2026_qqq_v1\\monthly_volume_backfill_trades.csv",
    "event_option_gate_dense15_zero_dte_return_valthr_d25_physctx_2023_2026_event_option_gate=research_papers\\JEPA\\results\\event_option_gate_dense15_zero_dte_return_valthr_d25_physctx_2023_2026_qqq_v1\\event_option_gate_trades.csv",
    "event_option_gate_dense15_zero_dte_return_valthr_d35_monthly_backfill1_monthly_volume_backfill=research_papers\\JEPA\\results\\event_option_gate_dense15_zero_dte_return_valthr_d35_monthly_backfill18_max3_2023_2026_qqq_v1\\monthly_volume_backfill_trades.csv",
    "event_option_gate_dense15_zero_dte_return_valthr_d35_physctx_2023_2026_event_option_gate=research_papers\\JEPA\\results\\event_option_gate_dense15_zero_dte_return_valthr_d35_physctx_2023_2026_qqq_v1\\event_option_gate_trades.csv",
    "event_option_gate_dense15_zero_dte_return_valthr_d50_monthly_backfill1_monthly_volume_backfill=research_papers\\JEPA\\results\\event_option_gate_dense15_zero_dte_return_valthr_d50_monthly_backfill18_max3_2023_2026_qqq_v1\\monthly_volume_backfill_trades.csv",
    "event_option_gate_dense15_zero_dte_return_valthr_d50_monthly_backfill1_monthly_volume_backfill=research_papers\\JEPA\\results\\event_option_gate_dense15_zero_dte_return_valthr_d50_monthly_backfill18_max3_2023_2026_spxw_v1\\monthly_volume_backfill_trades.csv",
    "event_option_gate_dense15_zero_dte_return_valthr_d50_monthly_backfill1_monthly_volume_backfill=research_papers\\JEPA\\results\\event_option_gate_dense15_zero_dte_return_valthr_d50_monthly_backfill18_max3_2023_2026_spy_v1\\monthly_volume_backfill_trades.csv",
    "event_option_gate_dense15_zero_dte_return_valthr_d50_physctx_2023_2026_event_option_gate=research_papers\\JEPA\\results\\event_option_gate_dense15_zero_dte_return_valthr_d50_physctx_2023_2026_qqq_v1\\event_option_gate_trades.csv",
    "event_option_gate_dense15_zero_dte_return_valthr_d50_physctx_2023_2026_event_option_gate=research_papers\\JEPA\\results\\event_option_gate_dense15_zero_dte_return_valthr_d50_physctx_2023_2026_spxw_v1\\event_option_gate_trades.csv",
    "event_option_gate_dense15_zero_dte_return_valthr_d50_physctx_2023_2026_event_option_gate=research_papers\\JEPA\\results\\event_option_gate_dense15_zero_dte_return_valthr_d50_physctx_2023_2026_spy_v1\\event_option_gate_trades.csv",
    "event_option_gate_dense15_zero_dte_win_d25_strict_backfill_d50max3_cau_combined=research_papers\\JEPA\\results\\event_option_gate_dense15_zero_dte_win_d25_strict_backfill_d50max3_causal_2023_2026_v1\\combined_trades.csv",
    "event_option_gate_dense15_zero_dte_win_d25_strict_uniform_backfill_d50_combined=research_papers\\JEPA\\results\\event_option_gate_dense15_zero_dte_win_d25_strict_uniform_backfill_d50max3_causal_2023_2026_v1\\combined_trades.csv",
    "event_option_gate_dense15_zero_dte_win_valthr_d25_monthly_backfill18_d_monthly_volume_backfill=research_papers\\JEPA\\results\\event_option_gate_dense15_zero_dte_win_valthr_d25_monthly_backfill18_d25max3_2023_2026_qqq_v1\\monthly_volume_backfill_trades.csv",
    "event_option_gate_dense15_zero_dte_win_valthr_d25_monthly_backfill18_d_monthly_volume_backfill=research_papers\\JEPA\\results\\event_option_gate_dense15_zero_dte_win_valthr_d25_monthly_backfill18_d35max3_2023_2026_qqq_v1\\monthly_volume_backfill_trades.csv",
    "event_option_gate_dense15_zero_dte_win_valthr_d25_monthly_backfill18_d_monthly_volume_backfill=research_papers\\JEPA\\results\\event_option_gate_dense15_zero_dte_win_valthr_d25_monthly_backfill18_d50max3_2023_2026_qqq_v1\\monthly_volume_backfill_trades.csv",
    "event_option_gate_dense15_zero_dte_win_valthr_d25_physctx_2023_2026_qq_event_option_gate=research_papers\\JEPA\\results\\event_option_gate_dense15_zero_dte_win_valthr_d25_physctx_2023_2026_qqq_v1\\event_option_gate_trades.csv",
    "event_option_gate_dense15_zero_dte_win_valthr_d25_physctx_2023_2026_sp_event_option_gate=research_papers\\JEPA\\results\\event_option_gate_dense15_zero_dte_win_valthr_d25_physctx_2023_2026_spxw_v1\\event_option_gate_trades.csv",
    "event_option_gate_dense15_zero_dte_win_valthr_d25_physctx_2023_2026_sp_event_option_gate=research_papers\\JEPA\\results\\event_option_gate_dense15_zero_dte_win_valthr_d25_physctx_2023_2026_spy_v1\\event_option_gate_trades.csv",
    "event_option_gate_dense15_zero_dte_win_valthr_strict_d25_monthly_backf_monthly_volume_backfill=research_papers\\JEPA\\results\\event_option_gate_dense15_zero_dte_win_valthr_strict_d25_monthly_backfill18_d50max3_2023_2026_qqq_v1\\monthly_volume_backfill_trades.csv",
    "event_option_gate_dense15_zero_dte_win_valthr_strict_d25_monthly_backf_monthly_volume_backfill=research_papers\\JEPA\\results\\event_option_gate_dense15_zero_dte_win_valthr_strict_d25_monthly_backfill18_d50max3_2023_2026_spxw_v1\\monthly_volume_backfill_trades.csv",
    "event_option_gate_dense15_zero_dte_win_valthr_strict_d25_monthly_backf_monthly_volume_backfill=research_papers\\JEPA\\results\\event_option_gate_dense15_zero_dte_win_valthr_strict_d25_monthly_backfill18_d50max3_2023_2026_spy_v1\\monthly_volume_backfill_trades.csv",
    "event_option_gate_dense15_zero_dte_win_valthr_strict_d25_physctx_2023__event_option_gate=research_papers\\JEPA\\results\\event_option_gate_dense15_zero_dte_win_valthr_strict_d25_physctx_2023_2026_qqq_v1\\event_option_gate_trades.csv",
    "event_option_gate_dense15_zero_dte_win_valthr_strict_d25_physctx_2023__event_option_gate=research_papers\\JEPA\\results\\event_option_gate_dense15_zero_dte_win_valthr_strict_d25_physctx_2023_2026_spxw_v1\\event_option_gate_trades.csv",
    "event_option_gate_dense15_zero_dte_win_valthr_strict_d25_physctx_2023__event_option_gate=research_papers\\JEPA\\results\\event_option_gate_dense15_zero_dte_win_valthr_strict_d25_physctx_2023_2026_spy_v1\\event_option_gate_trades.csv",
    "event_option_gate_dense15_zero_dte_win_valthr_wr45_d25_monthly_backfil_monthly_volume_backfill=research_papers\\JEPA\\results\\event_option_gate_dense15_zero_dte_win_valthr_wr45_d25_monthly_backfill18_d50max3_2023_2026_qqq_v1\\monthly_volume_backfill_trades.csv",
    "event_option_gate_dense15_zero_dte_win_valthr_wr45_d25_monthly_backfil_monthly_volume_backfill=research_papers\\JEPA\\results\\event_option_gate_dense15_zero_dte_win_valthr_wr45_d25_monthly_backfill18_d50max3_2023_2026_spxw_v1\\monthly_volume_backfill_trades.csv",
    "event_option_gate_dense15_zero_dte_win_valthr_wr45_d25_monthly_backfil_monthly_volume_backfill=research_papers\\JEPA\\results\\event_option_gate_dense15_zero_dte_win_valthr_wr45_d25_monthly_backfill18_d50max3_2023_2026_spy_v1\\monthly_volume_backfill_trades.csv",
    "event_option_gate_dense15_zero_dte_win_valthr_wr45_d25_physctx_2023_20_event_option_gate=research_papers\\JEPA\\results\\event_option_gate_dense15_zero_dte_win_valthr_wr45_d25_physctx_2023_2026_qqq_v1\\event_option_gate_trades.csv",
    "event_option_gate_dense15_zero_dte_win_valthr_wr45_d25_physctx_2023_20_event_option_gate=research_papers\\JEPA\\results\\event_option_gate_dense15_zero_dte_win_valthr_wr45_d25_physctx_2023_2026_spxw_v1\\event_option_gate_trades.csv",
    "event_option_gate_dense15_zero_dte_win_valthr_wr45_d25_physctx_2023_20_event_option_gate=research_papers\\JEPA\\results\\event_option_gate_dense15_zero_dte_win_valthr_wr45_d25_physctx_2023_2026_spy_v1\\event_option_gate_trades.csv"
  ],
  "output_dir": "research_papers\\JEPA\\results\\_diagnostics\\outer_stream_selector_dense15_param_scan_2025_202604\\s12_m18_vw1p0\\qqq",
  "ticker": "QQQ",
  "history_start_month": "202301",
  "start_month": "202501",
  "end_month": "202604",
  "select_months": 12,
  "frozen_select_start_month": "",
  "frozen_select_end_month": "",
  "risk_capital": 5000.0,
  "min_select_trades": 216,
  "min_select_month_trades": 18,
  "min_select_win_rate": 0.45,
  "min_select_pf": 1.3,
  "require_select_positive_months": false,
  "min_call_rate": 0.2,
  "max_call_rate": 0.8,
  "score_pf_weight": 3.0,
  "score_pf_cap": 4.0,
  "score_win_weight": 20.0,
  "score_return_weight": 0.1,
  "score_positive_month_weight": 4.0,
  "score_volume_weight": 1.0,
  "max_select_top5_share": Infinity,
  "max_select_drawdown_to_pnl": Infinity
}
```
