[EVENT_GATE] SPXW 202601 cfg=thr0.000_maxday3 val_pf=1.242 test_trades=60 test_pf=1.382 test_ret=5.27
[EVENT_GATE] SPXW 202602 cfg=thr0.000_maxday3 val_pf=1.308 test_trades=56 test_pf=0.924 test_ret=-1.41
[EVENT_GATE] SPXW 202603 cfg=thr0.100_maxday1 val_pf=1.836 test_trades=22 test_pf=3.021 test_ret=8.49
[EVENT_GATE] SPXW 202604 cfg=thr0.000_maxday3 val_pf=1.484 test_trades=63 test_pf=1.274 test_ret=4.57
[EVENT_GATE] SPXW 202605 cfg=thr-0.200_maxday2 val_pf=1.397 test_trades=40 test_pf=0.780 test_ret=-2.77
[EVENT_GATE] SPXW 202606 cfg=thr-999.000_maxday2 val_pf=1.514 test_trades=40 test_pf=0.896 test_ret=-1.32
[EVENT_GATE] QQQ 202601 cfg=thr0.400_maxday3 val_pf=1.765 test_trades=19 test_pf=3.085 test_ret=6.25
[EVENT_GATE] QQQ 202602 cfg=thr0.681_maxday3 val_pf=2.301 test_trades=14 test_pf=2.229 test_ret=3.69
[EVENT_GATE] QQQ 202603 cfg=thr0.064_maxday1 val_pf=1.708 test_trades=22 test_pf=1.383 test_ret=2.05
[EVENT_GATE] QQQ 202604 cfg=thr0.300_maxday2 val_pf=1.678 test_trades=34 test_pf=0.802 test_ret=-2.49
[EVENT_GATE] QQQ 202605 cfg=thr0.400_maxday1 val_pf=1.979 test_trades=15 test_pf=1.094 test_ret=0.39
[EVENT_GATE] QQQ 202606 cfg=thr-999.000_maxday2 val_pf=1.345 test_trades=39 test_pf=1.867 test_ret=7.52
[EVENT_GATE] SPY 202601 cfg=thr-0.100_maxday2 val_pf=1.376 test_trades=40 test_pf=1.441 test_ret=3.63
[EVENT_GATE] SPY 202602 cfg=thr0.200_maxday2 val_pf=1.359 test_trades=38 test_pf=0.709 test_ret=-3.97
[EVENT_GATE] SPY 202603 cfg=thr-999.000_maxday2 val_pf=1.576 test_trades=44 test_pf=0.960 test_ret=-0.56
[EVENT_GATE] SPY 202604 cfg=thr0.100_maxday3 val_pf=1.439 test_trades=53 test_pf=0.862 test_ret=-2.32
[EVENT_GATE] SPY 202605 cfg=thr-0.100_maxday2 val_pf=1.497 test_trades=40 test_pf=1.410 test_ret=4.08
[EVENT_GATE] SPY 202606 cfg=thr-0.100_maxday1 val_pf=1.597 test_trades=21 test_pf=0.815 test_ret=-1.33
# Event Option Gate Walk-Forward

Causal diagnostic over event-level option-chain features. Models predict CALL/PUT option returns; thresholds are selected only on prior validation months.

## Overall

```json
{
  "trades": 660,
  "win_rate": 0.5242424242424243,
  "profit_factor": 1.1610402299018563,
  "pnl_return": 29.776285387050535,
  "avg_return": 0.045115583919773536,
  "max_drawdown": -9.54838591613353,
  "call_rate": 0.2681818181818182,
  "days_with_trades": 123,
  "daily_win_rate": 0.4796747967479675,
  "median_daily_return": -0.04190018220509495,
  "daily_max_drawdown": -15.064727777703421,
  "top5_day_return": 29.37109189643244,
  "top5_share_of_pnl": 0.9863920739154954,
  "min_month_trades": 88,
  "positive_month_rate": 0.6666666666666666
}
```

## Per Ticker

```json
{
  "QQQ": {
    "trades": 143,
    "win_rate": 0.5664335664335665,
    "profit_factor": 1.473870170368296,
    "pnl_return": 17.409808321738353,
    "avg_return": 0.12174691134082764,
    "max_drawdown": -6.0351826360077805,
    "call_rate": 0.27972027972027974,
    "days_with_trades": 90,
    "daily_win_rate": 0.5888888888888889,
    "median_daily_return": 0.283457555870331,
    "daily_max_drawdown": -5.585182636007781,
    "top5_day_return": 11.662124621281595,
    "top5_share_of_pnl": 0.6698594496712497,
    "min_month_trades": 14,
    "positive_month_rate": 0.8333333333333334
  },
  "SPXW": {
    "trades": 281,
    "win_rate": 0.5302491103202847,
    "profit_factor": 1.1634855471748484,
    "pnl_return": 12.83403665639853,
    "avg_return": 0.04567272831458551,
    "max_drawdown": -6.748878584878954,
    "call_rate": 0.23843416370106763,
    "days_with_trades": 123,
    "daily_win_rate": 0.5203252032520326,
    "median_daily_return": 0.08245806000940437,
    "daily_max_drawdown": -6.264242574917693,
    "top5_day_return": 15.73237226064635,
    "top5_share_of_pnl": 1.2258319562148694,
    "min_month_trades": 22,
    "positive_month_rate": 0.5
  },
  "SPY": {
    "trades": 236,
    "win_rate": 0.4915254237288136,
    "profit_factor": 0.9932877329254881,
    "pnl_return": -0.4675595910863479,
    "avg_return": -0.0019811847079929997,
    "max_drawdown": -9.548385916133439,
    "call_rate": 0.2966101694915254,
    "days_with_trades": 120,
    "daily_win_rate": 0.4666666666666667,
    "median_daily_return": -0.1098251487536368,
    "daily_max_drawdown": -9.548385916133437,
    "top5_day_return": 12.425165605662816,
    "top5_share_of_pnl": -26.57450695598748,
    "min_month_trades": 21,
    "positive_month_rate": 0.3333333333333333
  }
}
```

## Fold Configs

```csv
ticker,month,test_month,train_months,train_month_max,first_val_month,val_months,val_month_max,deploy_config,train_rows,val_rows,test_rows,val_score,abstained_invalid_val,val_trades,val_win_rate,val_profit_factor,val_pnl_return,val_avg_return,val_max_drawdown,val_call_rate,val_days_with_trades,val_daily_win_rate,val_median_daily_return,val_daily_max_drawdown,val_top5_day_return,val_top5_share_of_pnl,val_min_month_trades,val_positive_month_rate,test_trades,test_win_rate,test_profit_factor,test_pnl_return,test_avg_return,test_max_drawdown,test_call_rate,test_days_with_trades,test_daily_win_rate,test_median_daily_return,test_daily_max_drawdown,test_top5_day_return,test_top5_share_of_pnl,test_min_month_trades,test_positive_month_rate

SPXW,202601,202601,"202501,202502,202503,202504,202505,202506",202506,202507,"202507,202508,202509,202510,202511,202512",202512,thr0.000_maxday3,4362,4797,779,6.963153016430571,False,377,0.5570291777188329,1.2420055788234727,22.486087135622476,0.05964479346318959,-6.058019287039329,0.44297082228116713,128,0.59375,0.2878174369720222,-6.010689349586591,14.289705939418749,0.6354909973101094,54,0.8333333333333334,60,0.6166666666666667,1.3820996962384309,5.2729758080903455,0.0878829301348391,-3.246195606484528,0.4,20,0.65,0.23356051973412095,-2.646195606484529,8.581911666670436,1.6275272216313184,60,1.0

SPXW,202602,202602,"202501,202502,202503,202504,202505,202506,202507",202507,202508,"202508,202509,202510,202511,202512,202601",202601,thr0.000_maxday3,5225,4713,616,7.385705849808891,False,374,0.553475935828877,1.3080078253674206,30.094349205804654,0.08046617434707126,-9.000000000000021,0.045454545454545456,126,0.5873015873015873,0.2734971761331655,-9.000000000000004,18.979006063294367,0.6306501573934571,55,1.0,56,0.44642857142857145,0.9242545652837364,-1.4088650857224971,-0.02515830510218745,-5.649048854381215,0.0,19,0.3684210526315789,-0.8084906610996081,-5.3999999999999995,12.209047155572701,-8.665873886222137,56,0.0

SPXW,202603,202603,"202501,202502,202503,202504,202505,202506,202507,202508",202508,202509,"202509,202510,202511,202512,202601,202602",202602,thr0.100_maxday1,6003,4551,793,7.83667128012296,False,123,0.6178861788617886,1.8364793390308982,22.637931286563354,0.1840482218419785,-2.7863636388266384,0.4715447154471545,123,0.6178861788617886,0.31000003814697275,-2.7863636388266384,11.4606149636686,0.5062571671675229,18,0.8333333333333334,22,0.6818181818181818,3.021133060903587,8.488758855795066,0.3858526752634121,-1.799999999999999,0.5909090909090909,22,0.6818181818181818,0.4625603602106081,-1.799999999999999,7.018050091210496,0.8267463136167953,22,1.0

SPXW,202604,202604,"202501,202502,202503,202504,202505,202506,202507,202508,202509",202509,202510,"202510,202511,202512,202601,202602,202603",202603,thr0.000_maxday3,6817,4530,793,8.949736858797031,False,370,0.5756756756756757,1.4843853897603194,44.140886444310425,0.11929969309273088,-8.450259749109016,0.10270270270270271,125,0.616,0.3364497151408071,-8.450259749108966,22.693026011743186,0.5141044469139388,55,0.8333333333333334,63,0.5396825396825397,1.2736678484597905,4.570958145464667,0.07255489119785186,-4.7149635920124755,0.19047619047619047,21,0.6190476190476191,0.35811064998349573,-4.44896353097732,10.040281457844273,2.196537605098463,63,1.0

SPXW,202605,202605,"202501,202502,202503,202504,202505,202506,202507,202508,202509,202510",202510,202511,"202511,202512,202601,202602,202603,202604",202604,thr-0.200_maxday2,7669,4471,783,6.829395302285094,False,245,0.5428571428571428,1.3971061822827278,25.718841438285867,0.1049748630134117,-8.380040617153119,0.22857142857142856,123,0.4878048780487805,-0.08762390447847335,-8.380040617153098,16.379154821454417,0.6368543023509565,37,0.8333333333333334,40,0.475,0.7797936361345559,-2.7746001847045973,-0.06936500461761494,-4.235436826392791,0.25,20,0.35,-0.2711607606587364,-4.23543682639279,6.133062294105688,-2.210431011976111,40,0.0

SPXW,202606,202606,"202501,202502,202503,202504,202505,202506,202507,202508,202509,202510,202511",202511,202512,"202512,202601,202602,202603,202604,202605",202605,thr-999.000_maxday2,8317,4606,736,8.208763461954161,False,248,0.5806451612903226,1.5143006076928418,30.269597231121566,0.12205482754484502,-4.50183713678394,0.4032258064516129,124,0.5080645161290323,0.06658069303083891,-3.9179666389330734,15.180700241220732,0.5015164267072822,38,0.8333333333333334,40,0.475,0.8956197712282185,-1.315190882524451,-0.032879772063111275,-5.1931714889868035,0.2,21,0.42857142857142855,-0.13099185278421654,-4.593171488986803,6.185682488159851,-4.70325834093885,40,0.0

QQQ,202601,202601,"202501,202502,202503,202504,202505,202506",202506,202507,"202507,202508,202509,202510,202511,202512",202512,thr0.400_maxday3,3974,4524,692,6.880899129621473,False,82,0.5975609756097561,1.7654435131979083,14.874844486364772,0.18140054251664356,-2.4,0.3048780487804878,46,0.5869565217391305,0.49985302351852673,-2.4,11.257467035000483,0.7568124188000616,6,0.8333333333333334,19,0.7368421052631579,3.0847212537427713,6.2541637612283125,0.3291665137488586,-1.7999999999999998,0.3157894736842105,8,0.75,0.8129451222287118,-1.4915583410277513,7.463369113385565,1.1933440501915744,19,1.0

QQQ,202602,202602,"202501,202502,202503,202504,202505,202506,202507",202507,202508,"202508,202509,202510,202511,202512,202601",202601,thr0.681_maxday3,4771,4419,550,7.252277611035009,False,51,0.6862745098039216,2.300703657806203,11.880494462507873,0.23295087181387986,-1.4811926735941479,0.0,34,0.7058823529411765,0.4085561669136361,-1.4811926735941479,7.6206964694815165,0.6414460688930662,3,1.0,14,0.6428571428571429,2.2291957811061085,3.6875873433183246,0.2633990959513089,-1.428640773328044,0.0,8,0.75,0.3251957289711461,-0.6000000000000001,4.611241673340791,1.2504765973058427,14,1.0

QQQ,202603,202603,"202501,202502,202503,202504,202505,202506,202507,202508",202508,202509,"202509,202510,202511,202512,202601,202602",202602,thr0.064_maxday1,5526,4214,765,7.257953553237541,False,121,0.5785123966942148,1.7084099225030593,20.395100774179518,0.16855455185272328,-3.8289224116070235,0.4049586776859504,121,0.5785123966942148,0.28689563848706734,-3.8289224116070235,11.925318455456758,0.5847148581170227,19,0.8333333333333334,22,0.5909090909090909,1.382693444333111,2.049149443215232,0.09314315650978328,-1.583361804334619,0.5,22,0.5909090909090909,0.2716670483620056,-1.583361804334619,4.882834334677179,2.3828590690856273,22,1.0

QQQ,202604,202604,"202501,202502,202503,202504,202505,202506,202507,202508,202509",202509,202510,"202510,202511,202512,202601,202602,202603",202603,thr0.300_maxday2,6323,4182,637,9.143823033358641,False,234,0.6068376068376068,1.6777906515319037,36.73525240104637,0.15698825812412978,-4.707459502177162,0.29914529914529914,122,0.6229508196721312,0.582758945016146,-4.067990377814519,13.148466072205242,0.3579250233171318,35,1.0,34,0.38235294117647056,0.8023632331856173,-2.4902232618612254,-0.07324186064297722,-5.709264453326048,0.23529411764705882,17,0.35294117647058826,-0.2648936028553922,-5.259264453326048,6.718658630632624,-2.6980145650117375,34,0.0

QQQ,202605,202605,"202501,202502,202503,202504,202505,202506,202507,202508,202509,202510",202510,202511,"202511,202512,202601,202602,202603,202604",202604,thr0.400_maxday1,7126,4016,712,7.624696984686161,False,89,0.6179775280898876,1.9792178260999553,19.31109198992378,0.21697856168453686,-3.031544703800586,0.3707865168539326,89,0.6179775280898876,0.29357791141612655,-3.031544703800586,8.615854435306833,0.4461609131064389,13,1.0,15,0.5333333333333333,1.093890663950427,0.3852846675039554,0.025685644500263692,-1.8,0.4,15,0.5333333333333333,0.30185184563792467,-1.8,3.4475114732938397,8.947959169069314,15,1.0

QQQ,202606,202606,"202501,202502,202503,202504,202505,202506,202507,202508,202509,202510,202511",202511,202512,"202512,202601,202602,202603,202604,202605",202605,thr-999.000_maxday2,7752,4102,619,6.493014984545716,False,241,0.5601659751037344,1.3452707563640989,20.700787354882284,0.08589538321527919,-6.354774817436369,0.44398340248962653,121,0.47107438016528924,-0.029894135842707725,-6.35477481743637,16.120340158843735,0.7787307739790753,36,0.6666666666666666,39,0.6153846153846154,1.8666503210342964,7.5238463683337535,0.19291913764958343,-3.228656146595953,0.23076923076923078,20,0.7,0.531499065527347,-3.2286561465959527,8.742921653950829,1.162028200196631,39,1.0

SPY,202601,202601,"202501,202502,202503,202504,202505,202506",202506,202507,"202507,202508,202509,202510,202511,202512",202512,thr-0.100_maxday2,4331,4827,779,6.960268730652318,False,255,0.5568627450980392,1.3762282927215155,22.87966927195171,0.08972419322334003,-6.264524094659838,0.4549019607843137,128,0.515625,0.02164634070319471,-5.664524094659837,14.105226516742466,0.6164960843220809,37,0.8333333333333334,40,0.65,1.4413929392990634,3.6265317874176346,0.09066329468544086,-2.4,0.5,20,0.55,0.4572289812615406,-2.4,5.347645705785375,1.474589502934787,40,1.0

SPY,202602,202602,"202501,202502,202503,202504,202505,202506,202507",202507,202508,"202508,202509,202510,202511,202512,202601",202601,thr0.200_maxday2,5201,4736,615,6.783554220798427,False,251,0.549800796812749,1.3593698010391526,22.865286246234945,0.09109675795312727,-7.832005714822294,0.03187250996015936,126,0.5,0.005220855016429882,-7.232005714822286,17.24467069599111,0.7541856467609568,37,1.0,38,0.39473684210526316,0.7090020954260534,-3.9719616456385567,-0.10452530646417255,-5.475958542551111,0.0,19,0.42105263157894735,-1.2,-5.47595854255111,7.758615337374007,-1.953345986080559,38,0.0

SPY,202603,202603,"202501,202502,202503,202504,202505,202506,202507,202508",202508,202509,"202509,202510,202511,202512,202601,202602",202602,thr-999.000_maxday2,5987,4565,799,8.03893571244002,False,247,0.5951417004048583,1.5764690143859246,31.617413458771452,0.12800572250514758,-6.382207449791802,0.46963562753036436,124,0.5564516129032258,0.15431034084094974,-5.975957378002351,13.96418587877507,0.4416612350970493,37,0.8333333333333334,44,0.4318181818181818,0.9597031460105103,-0.5563464490366941,-0.012644237478106684,-6.645284650987526,0.5,22,0.45454545454545453,-0.15668490340134855,-6.329495082365169,7.08647023177614,-12.737513188133512,44,0.0

SPY,202604,202604,"202501,202502,202503,202504,202505,202506,202507,202508,202509",202509,202510,"202510,202511,202512,202601,202602,202603",202603,thr0.100_maxday3,6807,4544,689,9.08380231190102,False,356,0.5870786516853933,1.4390586990394725,36.88724102947652,0.10361584558841719,-4.623697251102856,0.300561797752809,123,0.6178861788617886,0.3191357121156636,-4.514285695279135,14.908808105352655,0.4041724913348509,52,1.0,53,0.4528301886792453,0.8623904664777325,-2.316080924545633,-0.043699640085766656,-7.278865344087206,0.20754716981132076,18,0.3888888888888889,-0.5803966160916438,-7.111299229005684,8.616702294719305,-3.720380494222033,53,0.0

SPY,202605,202605,"202501,202502,202503,202504,202505,202506,202507,202508,202509,202510",202510,202511,"202511,202512,202601,202602,202603,202604",202604,thr-0.100_maxday2,7659,4381,775,7.504166785190641,False,239,0.5690376569037657,1.4971095947384307,29.04593413125825,0.12153110515170816,-7.227245897339905,0.200836820083682,120,0.5083333333333333,0.06378253310911519,-7.227245897339852,16.408029930619453,0.5648993713361653,36,0.8333333333333334,40,0.575,1.4102914890374127,4.084411121193446,0.10211027802983615,-2.283549753613977,0.375,20,0.55,0.24422038805871438,-1.6835497536139767,7.231846032858709,1.77059698895972,40,1.0

SPY,202606,202606,"202501,202502,202503,202504,202505,202506,202507,202508,202509,202510,202511",202511,202512,"202512,202601,202602,202603,202604,202605",202605,thr-0.100_maxday1,8308,4507,724,6.578437085058213,False,121,0.6033057851239669,1.5966290362858309,16.200340911635937,0.13388711497219782,-4.496910237447006,0.38016528925619836,121,0.6033057851239669,0.3037189553404578,-4.496910237447006,9.035960527213529,0.5577636036488236,18,0.8333333333333334,21,0.42857142857142855,0.8147064610449243,-1.3341134804765464,-0.06352921335602602,-2.7064103968593307,0.09523809523809523,21,0.42857142857142855,-0.6,-2.7064103968593307,4.289751344382201,-3.2154321256463865,21,0.0


```

## Config

```json
{
  "args": {
    "data": "research_papers\\JEPA\\results\\_diagnostics\\event_option_dataset_spxw_spy_qqq_zero_dte_dense15_202501_202606_minhold30_sl60_trail050_025_tp1000_v1_physics\\event_option_dataset.parquet",
    "output_dir": "research_papers\\JEPA\\results\\_diagnostics\\event_option_mh30trail_clean1000_nopool_d50_return_wf2026_v1",
    "tickers": [
      "SPXW",
      "QQQ",
      "SPY"
    ],
    "train_tickers": [],
    "expiry_modes": [
      "zero_dte"
    ],
    "start_month": "202601",
    "end_month": "202606",
    "val_months": 6,
    "pooled_train": false,
    "delta_bucket": 50,
    "label_mode": "return",
    "clip_return": 5.0,
    "min_train_rows": 500,
    "min_val_rows": 30,
    "min_val_trades": 30,
    "min_month_trades": 3,
    "min_val_pf": 0.0,
    "min_val_win_rate": 0.0,
    "min_val_positive_month_rate": 0.0,
    "min_val_daily_win_rate": 0.0,
    "min_val_median_daily_return": -Infinity,
    "max_val_top5_share": Infinity,
    "max_val_daily_drawdown": Infinity,
    "min_call_rate": 0.0,
    "max_call_rate": 1.0,
    "cooldown_minutes": 30,
    "objective": "regression_l1",
    "n_estimators": 160,
    "learning_rate": 0.035,
    "num_leaves": 31,
    "min_child_samples": 60,
    "subsample": 0.85,
    "colsample_bytree": 0.85,
    "reg_lambda": 5.0,
    "lgb_jobs": 4,
    "threshold_grid": [
      -999.0,
      -0.2,
      -0.1,
      0.0,
      0.05,
      0.1,
      0.2,
      0.3,
      0.4,
      0.5,
      0.75,
      1.0
    ],
    "threshold_quantiles": [
      0.3,
      0.5,
      0.7,
      0.85,
      0.95,
      0.98
    ],
    "max_day_grid": [
      1,
      2,
      3
    ],
    "feature_include_prefixes": [
      "ret_",
      "dist_",
      "nearest_",
      "ib_",
      "call_",
      "put_",
      "phys_",
      "ctx_"
    ],
    "feature_exclude_prefixes": [],
    "live_observable_features_only": true,
    "entry_time_min_et": "10:00",
    "allow_invalid_val_deploy": false,
    "deploy_month": "",
    "deploy_select_end_month": "",
    "export_deploy_model": false,
    "exclude_months": [],
    "skip_walkforward": false,
    "resume": false,
    "seed": 20260617
  },
  "feature_count": 241,
  "features": [
    "ret_1m_bps",
    "ret_5m_bps",
    "ret_15m_bps",
    "ret_30m_bps",
    "call_d15_available",
    "call_d15_strike_bps",
    "call_d15_abs_delta",
    "call_d15_iv",
    "call_d15_mid_bps",
    "call_d15_spread_pct",
    "call_d15_theta_over_mid",
    "call_d15_vega",
    "call_d15_oi",
    "call_d15_volume",
    "put_d15_available",
    "put_d15_strike_bps",
    "put_d15_abs_delta",
    "put_d15_iv",
    "put_d15_mid_bps",
    "put_d15_spread_pct",
    "put_d15_theta_over_mid",
    "put_d15_vega",
    "put_d15_oi",
    "put_d15_volume",
    "call_d25_available",
    "call_d25_strike_bps",
    "call_d25_abs_delta",
    "call_d25_iv",
    "call_d25_mid_bps",
    "call_d25_spread_pct",
    "call_d25_theta_over_mid",
    "call_d25_vega",
    "call_d25_oi",
    "call_d25_volume",
    "put_d25_available",
    "put_d25_strike_bps",
    "put_d25_abs_delta",
    "put_d25_iv",
    "put_d25_mid_bps",
    "put_d25_spread_pct",
    "put_d25_theta_over_mid",
    "put_d25_vega",
    "put_d25_oi",
    "put_d25_volume",
    "call_d35_available",
    "call_d35_strike_bps",
    "call_d35_abs_delta",
    "call_d35_iv",
    "call_d35_mid_bps",
    "call_d35_spread_pct",
    "call_d35_theta_over_mid",
    "call_d35_vega",
    "call_d35_oi",
    "call_d35_volume",
    "put_d35_available",
    "put_d35_strike_bps",
    "put_d35_abs_delta",
    "put_d35_iv",
    "put_d35_mid_bps",
    "put_d35_spread_pct",
    "put_d35_theta_over_mid",
    "put_d35_vega",
    "put_d35_oi",
    "put_d35_volume",
    "call_d50_available",
    "call_d50_strike_bps",
    "call_d50_abs_delta",
    "call_d50_iv",
    "call_d50_mid_bps",
    "call_d50_spread_pct",
    "call_d50_theta_over_mid",
    "call_d50_vega",
    "call_d50_oi",
    "call_d50_volume",
    "put_d50_available",
    "put_d50_strike_bps",
    "put_d50_abs_delta",
    "put_d50_iv",
    "put_d50_mid_bps",
    "put_d50_spread_pct",
    "put_d50_theta_over_mid",
    "put_d50_vega",
    "put_d50_oi",
    "put_d50_volume",
    "call_d65_available",
    "call_d65_strike_bps",
    "call_d65_abs_delta",
    "call_d65_iv",
    "call_d65_mid_bps",
    "call_d65_spread_pct",
    "call_d65_theta_over_mid",
    "call_d65_vega",
    "call_d65_oi",
    "call_d65_volume",
    "put_d65_available",
    "put_d65_strike_bps",
    "put_d65_abs_delta",
    "put_d65_iv",
    "put_d65_mid_bps",
    "put_d65_spread_pct",
    "put_d65_theta_over_mid",
    "put_d65_vega",
    "put_d65_oi",
    "put_d65_volume",
    "call_d80_available",
    "call_d80_strike_bps",
    "call_d80_abs_delta",
    "call_d80_iv",
    "call_d80_mid_bps",
    "call_d80_spread_pct",
    "call_d80_theta_over_mid",
    "call_d80_vega",
    "call_d80_oi",
    "call_d80_volume",
    "put_d80_available",
    "put_d80_strike_bps",
    "put_d80_abs_delta",
    "put_d80_iv",
    "put_d80_mid_bps",
    "put_d80_spread_pct",
    "put_d80_theta_over_mid",
    "put_d80_vega",
    "put_d80_oi",
    "put_d80_volume",
    "phys_d15_iv_skew_put_minus_call",
    "phys_d15_iv_mean",
    "phys_d15_volume_skew_call_minus_put",
    "phys_d15_oi_skew_call_minus_put",
    "phys_d15_mid_skew_call_minus_put",
    "phys_d15_spread_mean",
    "phys_d15_theta_skew_call_minus_put",
    "phys_d15_vega_skew_call_minus_put",
    "phys_d15_abs_delta_gap",
    "phys_d15_liquidity_score",
    "phys_d25_iv_skew_put_minus_call",
    "phys_d25_iv_mean",
    "phys_d25_volume_skew_call_minus_put",
    "phys_d25_oi_skew_call_minus_put",
    "phys_d25_mid_skew_call_minus_put",
    "phys_d25_spread_mean",
    "phys_d25_theta_skew_call_minus_put",
    "phys_d25_vega_skew_call_minus_put",
    "phys_d25_abs_delta_gap",
    "phys_d25_liquidity_score",
    "phys_d35_iv_skew_put_minus_call",
    "phys_d35_iv_mean",
    "phys_d35_volume_skew_call_minus_put",
    "phys_d35_oi_skew_call_minus_put",
    "phys_d35_mid_skew_call_minus_put",
    "phys_d35_spread_mean",
    "phys_d35_theta_skew_call_minus_put",
    "phys_d35_vega_skew_call_minus_put",
    "phys_d35_abs_delta_gap",
    "phys_d35_liquidity_score",
    "phys_d50_iv_skew_put_minus_call",
    "phys_d50_iv_mean",
    "phys_d50_volume_skew_call_minus_put",
    "phys_d50_oi_skew_call_minus_put",
    "phys_d50_mid_skew_call_minus_put",
    "phys_d50_spread_mean",
    "phys_d50_theta_skew_call_minus_put",
    "phys_d50_vega_skew_call_minus_put",
    "phys_d50_abs_delta_gap",
    "phys_d50_liquidity_score",
    "phys_d65_iv_skew_put_minus_call",
    "phys_d65_iv_mean",
    "phys_d65_volume_skew_call_minus_put",
    "phys_d65_oi_skew_call_minus_put",
    "phys_d65_mid_skew_call_minus_put",
    "phys_d65_spread_mean",
    "phys_d65_theta_skew_call_minus_put",
    "phys_d65_vega_skew_call_minus_put",
    "phys_d65_abs_delta_gap",
    "phys_d65_liquidity_score",
    "phys_d80_iv_skew_put_minus_call",
    "phys_d80_iv_mean",
    "phys_d80_volume_skew_call_minus_put",
    "phys_d80_oi_skew_call_minus_put",
    "phys_d80_mid_skew_call_minus_put",
    "phys_d80_spread_mean",
    "phys_d80_theta_skew_call_minus_put",
    "phys_d80_vega_skew_call_minus_put",
    "phys_d80_abs_delta_gap",
    "phys_d80_liquidity_score",
    "phys_total_volume_skew_call_minus_put",
    "phys_total_oi_skew_call_minus_put",
    "phys_total_option_volume_log",
    "phys_total_option_oi_log",
    "phys_call_iv_slope_low_to_high",
    "phys_put_iv_slope_low_to_high",
    "phys_call_mid_slope_low_to_high",
    "phys_put_mid_slope_low_to_high",
    "phys_momentum_accel_ret_1m_bps_minus_ret_5m_bps",
    "phys_abs_ret_1m_bps",
    "phys_momentum_accel_ret_5m_bps_minus_ret_15m_bps",
    "phys_abs_ret_5m_bps",
    "phys_momentum_accel_ret_15m_bps_minus_ret_30m_bps",
    "phys_abs_ret_15m_bps",
    "phys_abs_ret_30m_bps",
    "ctx_spx_spot",
    "ctx_spx_ret_1m_bps",
    "ctx_spx_ret_1m_bps_minus_self",
    "ctx_spx_ret_5m_bps",
    "ctx_spx_ret_5m_bps_minus_self",
    "ctx_spx_ret_15m_bps",
    "ctx_spx_ret_15m_bps_minus_self",
    "ctx_spx_ret_30m_bps",
    "ctx_spx_ret_30m_bps_minus_self",
    "ctx_spx_phys_d35_iv_skew_put_minus_call",
    "ctx_spx_phys_total_volume_skew_call_minus_put",
    "ctx_spx_phys_total_oi_skew_call_minus_put",
    "ctx_spy_spot",
    "ctx_spy_ret_1m_bps",
    "ctx_spy_ret_1m_bps_minus_self",
    "ctx_spy_ret_5m_bps",
    "ctx_spy_ret_5m_bps_minus_self",
    "ctx_spy_ret_15m_bps",
    "ctx_spy_ret_15m_bps_minus_self",
    "ctx_spy_ret_30m_bps",
    "ctx_spy_ret_30m_bps_minus_self",
    "ctx_spy_phys_d35_iv_skew_put_minus_call",
    "ctx_spy_phys_total_volume_skew_call_minus_put",
    "ctx_spy_phys_total_oi_skew_call_minus_put",
    "ctx_qqq_spot",
    "ctx_qqq_ret_1m_bps",
    "ctx_qqq_ret_1m_bps_minus_self",
    "ctx_qqq_ret_5m_bps",
    "ctx_qqq_ret_5m_bps_minus_self",
    "ctx_qqq_ret_15m_bps",
    "ctx_qqq_ret_15m_bps_minus_self",
    "ctx_qqq_ret_30m_bps",
    "ctx_qqq_ret_30m_bps_minus_self",
    "ctx_qqq_phys_d35_iv_skew_put_minus_call",
    "ctx_qqq_phys_total_volume_skew_call_minus_put",
    "ctx_qqq_phys_total_oi_skew_call_minus_put",
    "ctx_spy_qqq_ret_5m_spread",
    "ctx_spx_spy_ret_5m_spread",
    "ticker_QQQ",
    "ticker_SPXW",
    "ticker_SPY",
    "expiry_mode_zero_dte"
  ],
  "grid": [
    {
      "threshold": -999.0,
      "max_trades_per_day": 1
    },
    {
      "threshold": -999.0,
      "max_trades_per_day": 2
    },
    {
      "threshold": -999.0,
      "max_trades_per_day": 3
    },
    {
      "threshold": -0.2,
      "max_trades_per_day": 1
    },
    {
      "threshold": -0.2,
      "max_trades_per_day": 2
    },
    {
      "threshold": -0.2,
      "max_trades_per_day": 3
    },
    {
      "threshold": -0.1,
      "max_trades_per_day": 1
    },
    {
      "threshold": -0.1,
      "max_trades_per_day": 2
    },
    {
      "threshold": -0.1,
      "max_trades_per_day": 3
    },
    {
      "threshold": 0.0,
      "max_trades_per_day": 1
    },
    {
      "threshold": 0.0,
      "max_trades_per_day": 2
    },
    {
      "threshold": 0.0,
      "max_trades_per_day": 3
    },
    {
      "threshold": 0.05,
      "max_trades_per_day": 1
    },
    {
      "threshold": 0.05,
      "max_trades_per_day": 2
    },
    {
      "threshold": 0.05,
      "max_trades_per_day": 3
    },
    {
      "threshold": 0.1,
      "max_trades_per_day": 1
    },
    {
      "threshold": 0.1,
      "max_trades_per_day": 2
    },
    {
      "threshold": 0.1,
      "max_trades_per_day": 3
    },
    {
      "threshold": 0.2,
      "max_trades_per_day": 1
    },
    {
      "threshold": 0.2,
      "max_trades_per_day": 2
    },
    {
      "threshold": 0.2,
      "max_trades_per_day": 3
    },
    {
      "threshold": 0.3,
      "max_trades_per_day": 1
    },
    {
      "threshold": 0.3,
      "max_trades_per_day": 2
    },
    {
      "threshold": 0.3,
      "max_trades_per_day": 3
    },
    {
      "threshold": 0.4,
      "max_trades_per_day": 1
    },
    {
      "threshold": 0.4,
      "max_trades_per_day": 2
    },
    {
      "threshold": 0.4,
      "max_trades_per_day": 3
    },
    {
      "threshold": 0.5,
      "max_trades_per_day": 1
    },
    {
      "threshold": 0.5,
      "max_trades_per_day": 2
    },
    {
      "threshold": 0.5,
      "max_trades_per_day": 3
    },
    {
      "threshold": 0.75,
      "max_trades_per_day": 1
    },
    {
      "threshold": 0.75,
      "max_trades_per_day": 2
    },
    {
      "threshold": 0.75,
      "max_trades_per_day": 3
    },
    {
      "threshold": 1.0,
      "max_trades_per_day": 1
    },
    {
      "threshold": 1.0,
      "max_trades_per_day": 2
    },
    {
      "threshold": 1.0,
      "max_trades_per_day": 3
    }
  ],
  "data_rows": 39671
}
```
